[2026-09-04T02:00:49.736Z] [INFO] Starting like to have games availability check...
[2026-09-04T02:00:49.739Z] [INFO] Loaded 5 skipped seller(s).
[2026-09-04T02:00:49.746Z] [INFO] Found 9 games in Like to Have list.
[2026-09-04T02:00:49.855Z] [INFO] [1/9] "Fantastic Factories": skipped 7 stores checked within 6 hours. Checking remaining 19 stores...
[2026-09-04T02:00:59.732Z] [INFO] [2/9] "Fantastic Factories: Manufactions": skipped 3 stores checked within 6 hours. Checking remaining 23 stores...
[2026-09-04T02:01:08.529Z] [INFO] [3/9] "Fantastic Factories: Subterfuge": skipped 5 stores checked within 6 hours. Checking remaining 21 stores...
[2026-09-04T02:01:17.234Z] [INFO] [4/9] "Joan of Arc: Orléans Draw & Write": skipped 5 stores checked within 6 hours. Checking remaining 21 stores...
[2026-09-04T02:01:25.890Z] [INFO] [5/9] "Orapa Mine": skipped 4 stores checked within 6 hours. Checking remaining 22 stores...
[2026-09-04T02:01:34.599Z] [INFO] [6/9] "Orapa Space": skipped 3 stores checked within 6 hours. Checking remaining 23 stores...
[2026-09-04T02:01:43.253Z] [INFO] [7/9] "Queen of Spies": skipped 4 stores checked within 6 hours. Checking remaining 22 stores...
[2026-09-04T02:01:51.910Z] [INFO] [8/9] "The Secrets of Warden Keene": skipped 3 stores checked within 6 hours. Checking remaining 23 stores...
[2026-09-04T02:02:01.221Z] [INFO] [9/9] "Siege of Valeria": skipped 3 stores checked within 6 hours. Checking remaining 23 stores...
[2026-09-04T02:02:10.202Z] [INFO] Availability check finished. Saved results to availability-liketohave.json
[2026-09-04T02:02:10.202Z] [INFO] 
============================================================
[2026-09-04T02:02:10.202Z] [INFO] RUN SUMMARY: LIKETOHAVE
[2026-09-04T02:02:10.202Z] [INFO] ------------------------------------------------------------
[2026-09-04T02:02:10.202Z] [INFO] Log File:              runlogs/2026-09-04_02-00-49Z_liketohave.log
[2026-09-04T02:02:10.202Z] [INFO] Timestamp (UTC):       2026-09-04T02:02:10.202Z
[2026-09-04T02:02:10.202Z] [INFO] Duration:              1m 20s
[2026-09-04T02:02:10.202Z] [INFO] Games Evaluated:       9
[2026-09-04T02:02:10.202Z] [INFO] Store Checks Made:     197
[2026-09-04T02:02:10.202Z] [INFO] Store Checks Skipped:  37 (6-hour cache)
[2026-09-04T02:02:10.202Z] [INFO] Total 429 Events:      0
[2026-09-04T02:02:10.202Z] [INFO] ============================================================

