[2026-09-06T18:21:55.900Z] [INFO] Starting board game availability check...
[2026-09-06T18:21:55.901Z] [INFO] Loaded 5 skipped seller(s).
[2026-09-06T18:21:55.901Z] [INFO] Loaded 1 skipped store match rule(s).
[2026-09-06T18:21:55.905Z] [INFO] Found 49 games in Wanted list (14 Want to Buy, 35 Want in Trade only).
[2026-09-06T18:21:55.907Z] [INFO] [1/49] "Adamastor" (Want in Trade only): Checking BGG Market only...
[2026-09-06T18:22:01.002Z] [INFO] [2/49] "The Anarchy" (Want in Trade only): Checking BGG Market only...
[2026-09-06T18:22:06.077Z] [INFO] [3/49] "Archaeology: The New Expedition" (Want in Trade only): Checking BGG Market only...
[2026-09-06T18:22:11.153Z] [INFO] [4/49] "Bag of Butts" (Want in Trade only): Checking BGG Market only...
[2026-09-06T18:22:16.229Z] [INFO] [5/49] "Batman: The Animated Series Dice Game" (Want in Trade only): Checking BGG Market only...
[2026-09-06T18:22:21.307Z] [INFO] [6/49] "Black Sonata" (Want in Trade only): Checking BGG Market only...
[2026-09-06T18:22:26.492Z] [INFO] [7/49] "The Crows of Coppershell Bay" (Want in Trade only): Checking BGG Market only...
[2026-09-06T18:22:31.566Z] [INFO] [8/49] "Dice Cards" (Want in Trade only): Checking BGG Market only...
[2026-09-06T18:22:36.644Z] [INFO] [9/49] "Dicemancy" (Want in Trade only): Checking BGG Market only...
[2026-09-06T18:22:41.719Z] [INFO] [10/49] "The Duke" (Want in Trade only): Checking BGG Market only...
[2026-09-06T18:22:46.794Z] [INFO] [11/49] "Dungeon Mayhem: Monster Madness" (Want in Trade only): Checking BGG Market only...
[2026-09-06T18:22:51.870Z] [INFO] [12/49] "Elevenses for One" (Want in Trade only): Checking BGG Market only...
[2026-09-06T18:22:56.944Z] [INFO] [13/49] "Extreme Race: Card Game" (Want in Trade only): Checking BGG Market only...
[2026-09-06T18:23:02.019Z] [INFO] [14/49] "Fugitive (Second Edition)" (Want in Trade only): Checking BGG Market only...
[2026-09-06T18:23:07.097Z] [INFO] [15/49] "A Gentle Rain" (Want in Trade only): Checking BGG Market only...
[2026-09-06T18:23:12.172Z] [INFO] [16/49] "Hadrian's Wall": skipped 25 stores checked within 6 hours. Checking remaining 1 stores (0 Shopify, 1 others)...
[2026-09-06T18:23:17.257Z] [INFO] [17/49] "Happy City" (Want in Trade only): Checking BGG Market only...
[2026-09-06T18:23:22.330Z] [INFO] [18/49] "Heureka" (Want in Trade only): Checking BGG Market only...
[2026-09-06T18:23:27.404Z] [INFO] [19/49] "Kryptos" (Want in Trade only): Checking BGG Market only...
[2026-09-06T18:23:32.479Z] [INFO] [20/49] "Maquis" (Want in Trade only): Checking BGG Market only...
[2026-09-06T18:23:37.556Z] [INFO] [21/49] "Mental Blocks" (Want in Trade only): Checking BGG Market only...
[2026-09-06T18:23:42.630Z] [INFO] [22/49] "Numbsters" (Want in Trade only): Checking BGG Market only...
[2026-09-06T18:23:47.703Z] [INFO] [23/49] "Panda Royale" (Want in Trade only): Checking BGG Market only...
[2026-09-06T18:23:52.780Z] [INFO] [24/49] "Paper Dungeons: A Dungeon Scrawler Game" (Want in Trade only): Checking BGG Market only...
[2026-09-06T18:23:57.865Z] [INFO] [25/49] "Parade" (Want in Trade only): Checking BGG Market only...
[2026-09-06T18:24:02.942Z] [INFO] [26/49] "The Path of the Priest" (Want in Trade only): Checking BGG Market only...
[2026-09-06T18:24:08.019Z] [INFO] [27/49] "Plague of Dracula" (Want in Trade only): Checking BGG Market only...
[2026-09-06T18:24:13.092Z] [INFO] [28/49] "Pulp Romance" (Want in Trade only): Checking BGG Market only...
[2026-09-06T18:24:18.166Z] [INFO] [29/49] "Regicide Legacy" (Want in Trade only): Checking BGG Market only...
[2026-09-06T18:24:23.244Z] [INFO] [30/49] "Rome: Fate of an Empire" (Want in Trade only): Checking BGG Market only...
[2026-09-06T18:24:28.319Z] [INFO] [31/49] "The Search for Planet X" (Want in Trade only): Checking BGG Market only...
[2026-09-06T18:24:33.404Z] [INFO] [32/49] "The Siege of Shaddis Horne" (Want in Trade only): Checking BGG Market only...
[2026-09-06T18:24:38.476Z] [INFO] [33/49] "The Thing That Should Not Be" (Want in Trade only): Checking BGG Market only...
[2026-09-06T18:24:43.550Z] [INFO] [34/49] "Triovision" (Want in Trade only): Checking BGG Market only...
[2026-09-06T18:24:48.624Z] [INFO] [35/49] "Tybor the Builder" (Want in Trade only): Checking BGG Market only...
[2026-09-06T18:24:53.700Z] [INFO] [36/49] "Unsurmountable: Expansion Collection" (Want in Trade only): Checking BGG Market only...
[2026-09-06T18:24:58.775Z] [INFO] [37/49] "Back to the Future: Back in Time": Checking all 27 stores (15 Shopify, 12 others)...
[2026-09-06T18:25:19.448Z] [ERROR] [ERROR] HTTPS error fetching JSON from https://boardgamebandit.ca/search/suggest.json?q=Back%20to%20the%20Future%3A%20Back%20in%20Time&resources[type]=product&country=CA: 
[2026-09-06T18:25:26.814Z] [INFO] [38/49] "Blink": Checking all 27 stores (15 Shopify, 12 others)...
[2026-09-06T18:25:42.706Z] [INFO] [39/49] "Coffee Roaster": Checking all 27 stores (15 Shopify, 12 others)...
[2026-09-06T18:25:58.094Z] [INFO] [40/49] "Fliptown": Checking all 27 stores (15 Shopify, 12 others)...
[2026-09-06T18:26:13.758Z] [INFO] [41/49] "Illusion": Checking all 27 stores (15 Shopify, 12 others)...
[2026-09-06T18:26:29.477Z] [INFO] [42/49] "Kronologic: Babylon 2500": Checking all 27 stores (15 Shopify, 12 others)...
[2026-09-06T18:26:48.410Z] [INFO] [43/49] "Kronologic: Cuzco 1450": Checking all 27 stores (15 Shopify, 12 others)...
[2026-09-06T18:27:03.850Z] [INFO] [44/49] "Kronologic: Paris 1920": Checking all 27 stores (15 Shopify, 12 others)...
[2026-09-06T18:27:19.608Z] [INFO] [45/49] "Legacy of Yu": Checking all 27 stores (15 Shopify, 12 others)...
[2026-09-06T18:27:35.586Z] [INFO] [46/49] "Marvel Mayhem": Checking all 27 stores (15 Shopify, 12 others)...
[2026-09-06T18:27:51.643Z] [INFO] [47/49] "Onirim (Second Edition)": Checking all 27 stores (15 Shopify, 12 others)...
[2026-09-06T18:28:08.484Z] [INFO] [48/49] "Tiwanaku": Checking all 27 stores (15 Shopify, 12 others)...
[2026-09-06T18:28:24.413Z] [INFO] [49/49] "Witchcraft!": Checking all 27 stores (15 Shopify, 12 others)...
[2026-09-06T18:28:41.533Z] [INFO] Availability check finished. Saved results to availability.json
[2026-09-06T18:28:41.533Z] [INFO] 
============================================================
[2026-09-06T18:28:41.533Z] [INFO] RUN SUMMARY: WANTTOBUY
[2026-09-06T18:28:41.533Z] [INFO] ------------------------------------------------------------
[2026-09-06T18:28:41.533Z] [INFO] Log File:              runlogs/2026-09-06_18-21-55Z_wanttobuy.log
[2026-09-06T18:28:41.533Z] [INFO] Timestamp (UTC):       2026-09-06T18:28:41.533Z
[2026-09-06T18:28:41.533Z] [INFO] Duration:              6m 46s
[2026-09-06T18:28:41.533Z] [INFO] Games Evaluated:       49
[2026-09-06T18:28:41.533Z] [INFO] Store Checks Made:     387
[2026-09-06T18:28:41.533Z] [INFO] Store Checks Skipped:  25 (6-hour cache)
[2026-09-06T18:28:41.533Z] [INFO] Total 429 Events:      0
[2026-09-06T18:28:41.533Z] [INFO] ============================================================

