[2026-09-04T12:10:42.937Z] [INFO] Starting board game availability check...
[2026-09-04T12:10:42.942Z] [INFO] Loaded 5 skipped seller(s).
[2026-09-04T12:10:42.947Z] [INFO] Found 49 games in Wanted list (15 Want to Buy, 34 Want in Trade only).
[2026-09-04T12:10:42.947Z] [INFO] [1/49] "Adamastor" (Want in Trade only): Checking BGG Market only...
[2026-09-04T12:10:48.019Z] [INFO] [2/49] "Archaeology: The New Expedition" (Want in Trade only): Checking BGG Market only...
[2026-09-04T12:10:53.077Z] [INFO] [3/49] "Bag of Butts" (Want in Trade only): Checking BGG Market only...
[2026-09-04T12:10:58.144Z] [INFO] [4/49] "Batman: The Animated Series Dice Game" (Want in Trade only): Checking BGG Market only...
[2026-09-04T12:11:03.201Z] [INFO] [5/49] "Black Sonata" (Want in Trade only): Checking BGG Market only...
[2026-09-04T12:11:08.357Z] [INFO] [6/49] "The Crows of Coppershell Bay" (Want in Trade only): Checking BGG Market only...
[2026-09-04T12:11:13.429Z] [INFO] [7/49] "Dice Cards" (Want in Trade only): Checking BGG Market only...
[2026-09-04T12:11:18.486Z] [INFO] [8/49] "Dicemancy" (Want in Trade only): Checking BGG Market only...
[2026-09-04T12:11:23.568Z] [INFO] [9/49] "The Duke" (Want in Trade only): Checking BGG Market only...
[2026-09-04T12:11:28.624Z] [INFO] [10/49] "Dungeon Mayhem: Monster Madness" (Want in Trade only): Checking BGG Market only...
[2026-09-04T12:11:33.681Z] [INFO] [11/49] "Elevenses for One" (Want in Trade only): Checking BGG Market only...
[2026-09-04T12:11:38.733Z] [INFO] [12/49] "Extreme Race: Card Game" (Want in Trade only): Checking BGG Market only...
[2026-09-04T12:11:43.787Z] [INFO] [13/49] "Fugitive (Second Edition)" (Want in Trade only): Checking BGG Market only...
[2026-09-04T12:11:48.866Z] [INFO] [14/49] "A Gentle Rain" (Want in Trade only): Checking BGG Market only...
[2026-09-04T12:11:53.940Z] [INFO] [15/49] "Hadrian's Wall" (Want in Trade only): Checking BGG Market only...
[2026-09-04T12:11:59.053Z] [INFO] [16/49] "Happy City" (Want in Trade only): Checking BGG Market only...
[2026-09-04T12:12:04.112Z] [INFO] [17/49] "Heureka" (Want in Trade only): Checking BGG Market only...
[2026-09-04T12:12:09.165Z] [INFO] [18/49] "Kryptos" (Want in Trade only): Checking BGG Market only...
[2026-09-04T12:12:14.223Z] [INFO] [19/49] "Maquis" (Want in Trade only): Checking BGG Market only...
[2026-09-04T12:12:19.351Z] [INFO] [20/49] "Mental Blocks" (Want in Trade only): Checking BGG Market only...
[2026-09-04T12:12:24.405Z] [INFO] [21/49] "Numbsters" (Want in Trade only): Checking BGG Market only...
[2026-09-04T12:12:29.460Z] [INFO] [22/49] "Panda Royale" (Want in Trade only): Checking BGG Market only...
[2026-09-04T12:12:34.514Z] [INFO] [23/49] "Paper Dungeons: A Dungeon Scrawler Game" (Want in Trade only): Checking BGG Market only...
[2026-09-04T12:12:39.569Z] [INFO] [24/49] "Parade" (Want in Trade only): Checking BGG Market only...
[2026-09-04T12:12:44.686Z] [INFO] [25/49] "The Path of the Priest" (Want in Trade only): Checking BGG Market only...
[2026-09-04T12:12:49.745Z] [INFO] [26/49] "Plague of Dracula" (Want in Trade only): Checking BGG Market only...
[2026-09-04T12:12:54.799Z] [INFO] [27/49] "Pulp Romance" (Want in Trade only): Checking BGG Market only...
[2026-09-04T12:12:59.853Z] [INFO] [28/49] "Regicide Legacy" (Want in Trade only): Checking BGG Market only...
[2026-09-04T12:13:04.996Z] [INFO] [29/49] "Rome: Fate of an Empire" (Want in Trade only): Checking BGG Market only...
[2026-09-04T12:13:10.051Z] [INFO] [30/49] "The Siege of Shaddis Horne" (Want in Trade only): Checking BGG Market only...
[2026-09-04T12:13:15.107Z] [INFO] [31/49] "The Thing That Should Not Be" (Want in Trade only): Checking BGG Market only...
[2026-09-04T12:13:20.166Z] [INFO] [32/49] "Triovision" (Want in Trade only): Checking BGG Market only...
[2026-09-04T12:13:25.220Z] [INFO] [33/49] "Tybor the Builder" (Want in Trade only): Checking BGG Market only...
[2026-09-04T12:13:30.276Z] [INFO] [34/49] "Unsurmountable: Expansion Collection" (Want in Trade only): Checking BGG Market only...
[2026-09-04T12:13:35.482Z] [INFO] [35/49] "The Anarchy": Checking all 26 stores...
[2026-09-04T12:13:46.515Z] [INFO] [36/49] "Back to the Future: Back in Time": Checking all 26 stores...
[2026-09-04T12:13:57.360Z] [INFO] [37/49] "Blink": Checking all 26 stores...
[2026-09-04T12:14:07.220Z] [INFO] [38/49] "Coffee Roaster": Checking all 26 stores...
[2026-09-04T12:14:17.051Z] [INFO] [39/49] "Fliptown": Checking all 26 stores...
[2026-09-04T12:14:26.974Z] [INFO] [40/49] "Illusion": Checking all 26 stores...
[2026-09-04T12:14:36.281Z] [INFO] [41/49] "Kronologic: Babylon 2500": Checking all 26 stores...
[2026-09-04T12:14:46.246Z] [INFO] [42/49] "Kronologic: Cuzco 1450": Checking all 26 stores...
[2026-09-04T12:14:56.161Z] [INFO] [43/49] "Kronologic: Paris 1920": Checking all 26 stores...
[2026-09-04T12:15:05.921Z] [INFO] [44/49] "Legacy of Yu": Checking all 26 stores...
[2026-09-04T12:15:15.284Z] [INFO] [45/49] "Marvel Mayhem": Checking all 26 stores...
[2026-09-04T12:15:24.697Z] [INFO] [46/49] "Onirim (Second Edition)": Checking all 26 stores...
[2026-09-04T12:15:33.987Z] [INFO] [47/49] "Spots": Checking all 26 stores...
[2026-09-04T12:15:43.351Z] [INFO] [48/49] "Tiwanaku": Checking all 26 stores...
[2026-09-04T12:15:52.819Z] [INFO] [49/49] "Witchcraft!": Checking all 26 stores...
[2026-09-04T12:16:02.135Z] [INFO] Availability check finished. Saved results to availability.json
[2026-09-04T12:16:02.135Z] [INFO] 
============================================================
[2026-09-04T12:16:02.135Z] [INFO] RUN SUMMARY: WANTTOBUY
[2026-09-04T12:16:02.135Z] [INFO] ------------------------------------------------------------
[2026-09-04T12:16:02.135Z] [INFO] Log File:              runlogs/2026-09-04_12-10-42Z_wanttobuy.log
[2026-09-04T12:16:02.135Z] [INFO] Timestamp (UTC):       2026-09-04T12:16:02.135Z
[2026-09-04T12:16:02.135Z] [INFO] Duration:              5m 19s
[2026-09-04T12:16:02.135Z] [INFO] Games Evaluated:       49
[2026-09-04T12:16:02.135Z] [INFO] Store Checks Made:     424
[2026-09-04T12:16:02.135Z] [INFO] Store Checks Skipped:  0 (6-hour cache)
[2026-09-04T12:16:02.135Z] [INFO] Total 429 Events:      0
[2026-09-04T12:16:02.135Z] [INFO] ============================================================

