[2026-09-04T02:27:35.512Z] [INFO] Starting like to have games availability check...
[2026-09-04T02:27:35.513Z] [INFO] Loaded 5 skipped seller(s).
[2026-09-04T02:27:35.517Z] [INFO] Found 11 games in Like to Have list.
[2026-09-04T02:27:35.518Z] [INFO] [1/11] "Fantastic Factories": skipped 26 stores checked within 6 hours. Checking remaining 0 stores...
[2026-09-04T02:27:35.518Z] [INFO] [2/11] "Fantastic Factories: Manufactions": skipped 26 stores checked within 6 hours. Checking remaining 0 stores...
[2026-09-04T02:27:35.518Z] [INFO] [3/11] "Fantastic Factories: Subterfuge": skipped 26 stores checked within 6 hours. Checking remaining 0 stores...
[2026-09-04T02:27:35.692Z] [INFO] [4/11] "The Glasgow Train Robbery": Checking all 26 stores...
[2026-09-04T02:27:46.545Z] [INFO] [5/11] "Joan of Arc: Orléans Draw & Write": skipped 26 stores checked within 6 hours. Checking remaining 0 stores...
[2026-09-04T02:27:46.547Z] [INFO] [6/11] "Orapa Mine": skipped 26 stores checked within 6 hours. Checking remaining 0 stores...
[2026-09-04T02:27:46.547Z] [INFO] [7/11] "Orapa Space": skipped 26 stores checked within 6 hours. Checking remaining 0 stores...
[2026-09-04T02:27:46.547Z] [INFO] [8/11] "Queen of Spies": skipped 26 stores checked within 6 hours. Checking remaining 0 stores...
[2026-09-04T02:27:46.562Z] [INFO] [9/11] "The Search for Planet X": Checking all 26 stores...
[2026-09-04T02:27:55.494Z] [INFO] [10/11] "The Secrets of Warden Keene": skipped 26 stores checked within 6 hours. Checking remaining 0 stores...
[2026-09-04T02:27:55.495Z] [INFO] [11/11] "Siege of Valeria": skipped 26 stores checked within 6 hours. Checking remaining 0 stores...
[2026-09-04T02:27:55.586Z] [INFO] Availability check finished. Saved results to availability-liketohave.json
[2026-09-04T02:27:55.586Z] [INFO] 
============================================================
[2026-09-04T02:27:55.587Z] [INFO] RUN SUMMARY: LIKETOHAVE
[2026-09-04T02:27:55.587Z] [INFO] ------------------------------------------------------------
[2026-09-04T02:27:55.587Z] [INFO] Log File:              runlogs/2026-09-04_02-27-35Z_liketohave.log
[2026-09-04T02:27:55.587Z] [INFO] Timestamp (UTC):       2026-09-04T02:27:55.587Z
[2026-09-04T02:27:55.587Z] [INFO] Duration:              0m 20s
[2026-09-04T02:27:55.587Z] [INFO] Games Evaluated:       11
[2026-09-04T02:27:55.587Z] [INFO] Store Checks Made:     52
[2026-09-04T02:27:55.587Z] [INFO] Store Checks Skipped:  234 (6-hour cache)
[2026-09-04T02:27:55.587Z] [INFO] Total 429 Events:      0
[2026-09-04T02:27:55.587Z] [INFO] ============================================================

