[2026-09-04T02:40:59.260Z] [INFO] Starting like to have games availability check...
[2026-09-04T02:40:59.261Z] [INFO] Loaded 5 skipped seller(s).
[2026-09-04T02:40:59.263Z] [INFO] Found 11 games in Like to Have list.
[2026-09-04T02:40:59.276Z] [INFO] [1/11] "Fantastic Factories": skipped 25 stores checked within 6 hours. Checking remaining 1 stores...
[2026-09-04T02:41:04.338Z] [INFO] [2/11] "Fantastic Factories: Manufactions": skipped 25 stores checked within 6 hours. Checking remaining 1 stores...
[2026-09-04T02:41:09.373Z] [INFO] [3/11] "Fantastic Factories: Subterfuge": skipped 25 stores checked within 6 hours. Checking remaining 1 stores...
[2026-09-04T02:41:14.406Z] [INFO] [4/11] "The Glasgow Train Robbery": skipped 25 stores checked within 6 hours. Checking remaining 1 stores...
[2026-09-04T02:41:19.891Z] [INFO] [5/11] "Joan of Arc: Orléans Draw & Write": skipped 25 stores checked within 6 hours. Checking remaining 1 stores...
[2026-09-04T02:41:25.158Z] [INFO] [6/11] "Orapa Mine": skipped 25 stores checked within 6 hours. Checking remaining 1 stores...
[2026-09-04T02:41:30.190Z] [INFO] [7/11] "Orapa Space": skipped 25 stores checked within 6 hours. Checking remaining 1 stores...
[2026-09-04T02:41:35.232Z] [INFO] [8/11] "Queen of Spies": skipped 25 stores checked within 6 hours. Checking remaining 1 stores...
[2026-09-04T02:41:40.277Z] [INFO] [9/11] "The Search for Planet X": skipped 25 stores checked within 6 hours. Checking remaining 1 stores...
[2026-09-04T02:41:45.322Z] [INFO] [10/11] "The Secrets of Warden Keene": skipped 25 stores checked within 6 hours. Checking remaining 1 stores...
[2026-09-04T02:41:51.269Z] [INFO] [11/11] "Siege of Valeria": skipped 25 stores checked within 6 hours. Checking remaining 1 stores...
[2026-09-04T02:41:56.310Z] [INFO] Availability check finished. Saved results to availability-liketohave.json
[2026-09-04T02:41:56.310Z] [INFO] 
============================================================
[2026-09-04T02:41:56.310Z] [INFO] RUN SUMMARY: LIKETOHAVE
[2026-09-04T02:41:56.310Z] [INFO] ------------------------------------------------------------
[2026-09-04T02:41:56.310Z] [INFO] Log File:              runlogs/2026-09-04_02-40-59Z_liketohave.log
[2026-09-04T02:41:56.310Z] [INFO] Timestamp (UTC):       2026-09-04T02:41:56.310Z
[2026-09-04T02:41:56.310Z] [INFO] Duration:              0m 57s
[2026-09-04T02:41:56.310Z] [INFO] Games Evaluated:       11
[2026-09-04T02:41:56.310Z] [INFO] Store Checks Made:     11
[2026-09-04T02:41:56.310Z] [INFO] Store Checks Skipped:  275 (6-hour cache)
[2026-09-04T02:41:56.310Z] [INFO] Total 429 Events:      0
[2026-09-04T02:41:56.310Z] [INFO] ============================================================

