[2026-09-05T18:23:28.878Z] [INFO] Starting board game availability check...
[2026-09-05T18:23:28.879Z] [INFO] Loaded 5 skipped seller(s).
[2026-09-05T18:23:28.883Z] [INFO] Found 49 games in Wanted list (13 Want to Buy, 36 Want in Trade only).
[2026-09-05T18:23:28.883Z] [INFO] [1/49] "Adamastor" (Want in Trade only): Checking BGG Market only...
[2026-09-05T18:23:33.958Z] [INFO] [2/49] "The Anarchy" (Want in Trade only): Checking BGG Market only...
[2026-09-05T18:23:39.012Z] [INFO] [3/49] "Archaeology: The New Expedition" (Want in Trade only): Checking BGG Market only...
[2026-09-05T18:23:44.072Z] [INFO] [4/49] "Bag of Butts" (Want in Trade only): Checking BGG Market only...
[2026-09-05T18:23:49.134Z] [INFO] [5/49] "Batman: The Animated Series Dice Game" (Want in Trade only): Checking BGG Market only...
[2026-09-05T18:23:54.191Z] [INFO] [6/49] "Black Sonata" (Want in Trade only): Checking BGG Market only...
[2026-09-05T18:23:59.253Z] [INFO] [7/49] "The Crows of Coppershell Bay" (Want in Trade only): Checking BGG Market only...
[2026-09-05T18:24:04.314Z] [INFO] [8/49] "Dice Cards" (Want in Trade only): Checking BGG Market only...
[2026-09-05T18:24:09.382Z] [INFO] [9/49] "Dicemancy" (Want in Trade only): Checking BGG Market only...
[2026-09-05T18:24:14.439Z] [INFO] [10/49] "The Duke" (Want in Trade only): Checking BGG Market only...
[2026-09-05T18:24:19.495Z] [INFO] [11/49] "Dungeon Mayhem: Monster Madness" (Want in Trade only): Checking BGG Market only...
[2026-09-05T18:24:24.558Z] [INFO] [12/49] "Elevenses for One" (Want in Trade only): Checking BGG Market only...
[2026-09-05T18:24:29.611Z] [INFO] [13/49] "Extreme Race: Card Game" (Want in Trade only): Checking BGG Market only...
[2026-09-05T18:24:34.665Z] [INFO] [14/49] "Fugitive (Second Edition)" (Want in Trade only): Checking BGG Market only...
[2026-09-05T18:24:39.726Z] [INFO] [15/49] "A Gentle Rain" (Want in Trade only): Checking BGG Market only...
[2026-09-05T18:24:44.780Z] [INFO] [16/49] "Hadrian's Wall" (Want in Trade only): Checking BGG Market only...
[2026-09-05T18:24:49.840Z] [INFO] [17/49] "Happy City" (Want in Trade only): Checking BGG Market only...
[2026-09-05T18:24:54.898Z] [INFO] [18/49] "Heureka" (Want in Trade only): Checking BGG Market only...
[2026-09-05T18:24:59.951Z] [INFO] [19/49] "Kryptos" (Want in Trade only): Checking BGG Market only...
[2026-09-05T18:25:05.007Z] [INFO] [20/49] "Maquis" (Want in Trade only): Checking BGG Market only...
[2026-09-05T18:25:10.065Z] [INFO] [21/49] "Mental Blocks" (Want in Trade only): Checking BGG Market only...
[2026-09-05T18:25:15.120Z] [INFO] [22/49] "Numbsters" (Want in Trade only): Checking BGG Market only...
[2026-09-05T18:25:20.176Z] [INFO] [23/49] "Panda Royale" (Want in Trade only): Checking BGG Market only...
[2026-09-05T18:25:25.232Z] [INFO] [24/49] "Paper Dungeons: A Dungeon Scrawler Game" (Want in Trade only): Checking BGG Market only...
[2026-09-05T18:25:30.298Z] [INFO] [25/49] "Parade" (Want in Trade only): Checking BGG Market only...
[2026-09-05T18:25:35.461Z] [INFO] [26/49] "The Path of the Priest" (Want in Trade only): Checking BGG Market only...
[2026-09-05T18:25:40.515Z] [INFO] [27/49] "Plague of Dracula" (Want in Trade only): Checking BGG Market only...
[2026-09-05T18:25:45.564Z] [INFO] [28/49] "Pulp Romance" (Want in Trade only): Checking BGG Market only...
[2026-09-05T18:25:50.619Z] [INFO] [29/49] "Regicide Legacy" (Want in Trade only): Checking BGG Market only...
[2026-09-05T18:25:55.673Z] [INFO] [30/49] "Rome: Fate of an Empire" (Want in Trade only): Checking BGG Market only...
[2026-09-05T18:26:00.725Z] [INFO] [31/49] "The Search for Planet X" (Want in Trade only): Checking BGG Market only...
[2026-09-05T18:26:05.885Z] [INFO] [32/49] "The Siege of Shaddis Horne" (Want in Trade only): Checking BGG Market only...
[2026-09-05T18:26:10.941Z] [INFO] [33/49] "The Thing That Should Not Be" (Want in Trade only): Checking BGG Market only...
[2026-09-05T18:26:15.996Z] [INFO] [34/49] "Triovision" (Want in Trade only): Checking BGG Market only...
[2026-09-05T18:26:21.057Z] [INFO] [35/49] "Tybor the Builder" (Want in Trade only): Checking BGG Market only...
[2026-09-05T18:26:26.111Z] [INFO] [36/49] "Unsurmountable: Expansion Collection" (Want in Trade only): Checking BGG Market only...
[2026-09-05T18:26:31.162Z] [INFO] [37/49] "Back to the Future: Back in Time": Checking all 27 stores (15 Shopify, 12 others)...
[2026-09-05T18:26:55.073Z] [INFO] [38/49] "Blink": Checking all 27 stores (15 Shopify, 12 others)...
[2026-09-05T18:27:08.967Z] [INFO] [39/49] "Coffee Roaster": Checking all 27 stores (15 Shopify, 12 others)...
[2026-09-05T18:27:22.416Z] [INFO] [40/49] "Fliptown": Checking all 27 stores (15 Shopify, 12 others)...
[2026-09-05T18:27:36.065Z] [INFO] [41/49] "Illusion": Checking all 27 stores (15 Shopify, 12 others)...
[2026-09-05T18:27:49.976Z] [INFO] [42/49] "Kronologic: Babylon 2500": Checking all 27 stores (15 Shopify, 12 others)...
[2026-09-05T18:28:03.784Z] [INFO] [43/49] "Kronologic: Cuzco 1450": Checking all 27 stores (15 Shopify, 12 others)...
[2026-09-05T18:28:17.021Z] [INFO] [44/49] "Kronologic: Paris 1920": Checking all 27 stores (15 Shopify, 12 others)...
[2026-09-05T18:28:30.421Z] [INFO] [45/49] "Legacy of Yu": Checking all 27 stores (15 Shopify, 12 others)...
[2026-09-05T18:28:44.469Z] [INFO] [46/49] "Marvel Mayhem": Checking all 27 stores (15 Shopify, 12 others)...
[2026-09-05T18:28:58.089Z] [INFO] [47/49] "Onirim (Second Edition)": Checking all 27 stores (15 Shopify, 12 others)...
[2026-09-05T18:29:11.335Z] [INFO] [48/49] "Tiwanaku": Checking all 27 stores (15 Shopify, 12 others)...
[2026-09-05T18:29:24.675Z] [INFO] [49/49] "Witchcraft!": Checking all 27 stores (15 Shopify, 12 others)...
[2026-09-05T18:29:38.764Z] [INFO] Availability check finished. Saved results to availability.json
[2026-09-05T18:29:38.764Z] [INFO] 
============================================================
[2026-09-05T18:29:38.764Z] [INFO] RUN SUMMARY: WANTTOBUY
[2026-09-05T18:29:38.764Z] [INFO] ------------------------------------------------------------
[2026-09-05T18:29:38.764Z] [INFO] Log File:              runlogs/2026-09-05_18-23-28Z_wanttobuy.log
[2026-09-05T18:29:38.765Z] [INFO] Timestamp (UTC):       2026-09-05T18:29:38.764Z
[2026-09-05T18:29:38.765Z] [INFO] Duration:              6m 10s
[2026-09-05T18:29:38.765Z] [INFO] Games Evaluated:       49
[2026-09-05T18:29:38.765Z] [INFO] Store Checks Made:     387
[2026-09-05T18:29:38.765Z] [INFO] Store Checks Skipped:  0 (6-hour cache)
[2026-09-05T18:29:38.765Z] [INFO] Total 429 Events:      0
[2026-09-05T18:29:38.765Z] [INFO] ============================================================

