[2026-09-04T01:07:11.888Z] [INFO] Starting like to have games availability check...
[2026-09-04T01:07:11.889Z] [INFO] Loaded 5 skipped seller(s).
[2026-09-04T01:07:11.893Z] [INFO] Found 9 games in Like to Have list.
[2026-09-04T01:07:11.908Z] [INFO] [1/9] "Fantastic Factories": skipped 26 stores checked within 6 hours. Checking remaining 5 stores...
[2026-09-04T01:07:21.432Z] [INFO] [2/9] "Fantastic Factories: Manufactions": skipped 30 stores checked within 6 hours. Checking remaining 1 stores...
[2026-09-04T01:07:26.952Z] [INFO] [3/9] "Fantastic Factories: Subterfuge": skipped 28 stores checked within 6 hours. Checking remaining 3 stores...
[2026-09-04T01:07:32.866Z] [INFO] [4/9] "Joan of Arc: Orléans Draw & Write": skipped 28 stores checked within 6 hours. Checking remaining 3 stores...
[2026-09-04T01:07:38.786Z] [INFO] [5/9] "Orapa Mine": skipped 29 stores checked within 6 hours. Checking remaining 2 stores...
[2026-09-04T01:07:45.574Z] [INFO] [6/9] "Orapa Space": skipped 30 stores checked within 6 hours. Checking remaining 1 stores...
[2026-09-04T01:07:51.938Z] [INFO] [7/9] "Queen of Spies": skipped 29 stores checked within 6 hours. Checking remaining 2 stores...
[2026-09-04T01:07:58.216Z] [INFO] [8/9] "The Secrets of Warden Keene": skipped 30 stores checked within 6 hours. Checking remaining 1 stores...
[2026-09-04T01:08:03.779Z] [INFO] [9/9] "Siege of Valeria": skipped 30 stores checked within 6 hours. Checking remaining 1 stores...
[2026-09-04T01:08:09.983Z] [INFO] Availability check finished. Saved results to availability-liketohave.json
[2026-09-04T01:08:09.984Z] [INFO] 
============================================================
[2026-09-04T01:08:09.984Z] [INFO] RUN SUMMARY: LIKETOHAVE
[2026-09-04T01:08:09.984Z] [INFO] ------------------------------------------------------------
[2026-09-04T01:08:09.984Z] [INFO] Log File:              runlogs/2026-09-04_01-07-11Z_liketohave.log
[2026-09-04T01:08:09.984Z] [INFO] Timestamp (UTC):       2026-09-04T01:08:09.984Z
[2026-09-04T01:08:09.984Z] [INFO] Duration:              0m 58s
[2026-09-04T01:08:09.984Z] [INFO] Games Evaluated:       9
[2026-09-04T01:08:09.984Z] [INFO] Store Checks Made:     19
[2026-09-04T01:08:09.984Z] [INFO] Store Checks Skipped:  260 (6-hour cache)
[2026-09-04T01:08:09.984Z] [INFO] Total 429 Events:      0
[2026-09-04T01:08:09.984Z] [INFO] ============================================================

