[2026-09-04T19:19:15.197Z] [INFO] Starting like to have games availability check...
[2026-09-04T19:19:15.199Z] [INFO] Loaded 5 skipped seller(s).
[2026-09-04T19:19:15.203Z] [INFO] Found 11 games in Like to Have list.
[2026-09-04T19:19:15.349Z] [INFO] [1/11] "Fantastic Factories": Checking all 26 stores...
[2026-09-04T19:19:26.001Z] [INFO] [2/11] "Fantastic Factories: Manufactions": Checking all 26 stores...
[2026-09-04T19:19:35.250Z] [INFO] [3/11] "Fantastic Factories: Subterfuge": Checking all 26 stores...
[2026-09-04T19:19:44.302Z] [INFO] [4/11] "The Glasgow Train Robbery": Checking all 26 stores...
[2026-09-04T19:19:53.495Z] [INFO] [5/11] "Joan of Arc: Orléans Draw & Write": Checking all 26 stores...
[2026-09-04T19:20:02.562Z] [INFO] [6/11] "Orapa Mine": Checking all 26 stores...
[2026-09-04T19:20:11.719Z] [INFO] [7/11] "Orapa Space": Checking all 26 stores...
[2026-09-04T19:20:21.159Z] [INFO] [8/11] "Queen of Spies": Checking all 26 stores...
[2026-09-04T19:20:30.288Z] [INFO] [9/11] "The Search for Planet X": Checking all 26 stores...
[2026-09-04T19:20:39.669Z] [INFO] [10/11] "The Secrets of Warden Keene": Checking all 26 stores...
[2026-09-04T19:20:49.068Z] [INFO] [11/11] "Siege of Valeria": Checking all 26 stores...
[2026-09-04T19:20:58.236Z] [INFO] Availability check finished. Saved results to availability-liketohave.json
[2026-09-04T19:20:58.236Z] [INFO] 
============================================================
[2026-09-04T19:20:58.236Z] [INFO] RUN SUMMARY: LIKETOHAVE
[2026-09-04T19:20:58.236Z] [INFO] ------------------------------------------------------------
[2026-09-04T19:20:58.236Z] [INFO] Log File:              runlogs/2026-09-04_19-19-15Z_liketohave.log
[2026-09-04T19:20:58.236Z] [INFO] Timestamp (UTC):       2026-09-04T19:20:58.236Z
[2026-09-04T19:20:58.236Z] [INFO] Duration:              1m 43s
[2026-09-04T19:20:58.236Z] [INFO] Games Evaluated:       11
[2026-09-04T19:20:58.236Z] [INFO] Store Checks Made:     286
[2026-09-04T19:20:58.236Z] [INFO] Store Checks Skipped:  0 (6-hour cache)
[2026-09-04T19:20:58.236Z] [INFO] Total 429 Events:      0
[2026-09-04T19:20:58.236Z] [INFO] 
Store Fetch Failures:
[2026-09-04T19:20:58.236Z] [INFO]   - amazonCa: 1 failures (last error: Amazon puppeteer returned status 503)
[2026-09-04T19:20:58.236Z] [INFO] ============================================================

