[2026-09-05T02:36:32.880Z] [INFO] Starting board game availability check...
[2026-09-05T02:36:32.881Z] [INFO] Loaded 5 skipped seller(s).
[2026-09-05T02:36:32.887Z] [INFO] Found 49 games in Wanted list (13 Want to Buy, 36 Want in Trade only).
[2026-09-05T02:36:32.888Z] [INFO] [1/49] "Adamastor" (Want in Trade only): Checking BGG Market only...
[2026-09-05T02:36:37.993Z] [INFO] [2/49] "The Anarchy" (Want in Trade only): Checking BGG Market only...
[2026-09-05T02:36:43.071Z] [INFO] [3/49] "Archaeology: The New Expedition" (Want in Trade only): Checking BGG Market only...
[2026-09-05T02:36:48.156Z] [INFO] [4/49] "Bag of Butts" (Want in Trade only): Checking BGG Market only...
[2026-09-05T02:36:53.412Z] [INFO] [5/49] "Batman: The Animated Series Dice Game" (Want in Trade only): Checking BGG Market only...
[2026-09-05T02:36:58.510Z] [INFO] [6/49] "Black Sonata" (Want in Trade only): Checking BGG Market only...
[2026-09-05T02:37:03.676Z] [INFO] [7/49] "The Crows of Coppershell Bay" (Want in Trade only): Checking BGG Market only...
[2026-09-05T02:37:08.761Z] [INFO] [8/49] "Dice Cards" (Want in Trade only): Checking BGG Market only...
[2026-09-05T02:37:13.850Z] [INFO] [9/49] "Dicemancy" (Want in Trade only): Checking BGG Market only...
[2026-09-05T02:37:18.928Z] [INFO] [10/49] "The Duke" (Want in Trade only): Checking BGG Market only...
[2026-09-05T02:37:24.014Z] [INFO] [11/49] "Dungeon Mayhem: Monster Madness" (Want in Trade only): Checking BGG Market only...
[2026-09-05T02:37:29.099Z] [INFO] [12/49] "Elevenses for One" (Want in Trade only): Checking BGG Market only...
[2026-09-05T02:37:34.191Z] [INFO] [13/49] "Extreme Race: Card Game" (Want in Trade only): Checking BGG Market only...
[2026-09-05T02:37:39.278Z] [INFO] [14/49] "Fugitive (Second Edition)" (Want in Trade only): Checking BGG Market only...
[2026-09-05T02:37:44.363Z] [INFO] [15/49] "A Gentle Rain" (Want in Trade only): Checking BGG Market only...
[2026-09-05T02:37:49.445Z] [INFO] [16/49] "Hadrian's Wall" (Want in Trade only): Checking BGG Market only...
[2026-09-05T02:37:54.540Z] [INFO] [17/49] "Happy City" (Want in Trade only): Checking BGG Market only...
[2026-09-05T02:37:59.627Z] [INFO] [18/49] "Heureka" (Want in Trade only): Checking BGG Market only...
[2026-09-05T02:38:04.720Z] [INFO] [19/49] "Kryptos" (Want in Trade only): Checking BGG Market only...
[2026-09-05T02:38:09.806Z] [INFO] [20/49] "Maquis" (Want in Trade only): Checking BGG Market only...
[2026-09-05T02:38:14.882Z] [INFO] [21/49] "Mental Blocks" (Want in Trade only): Checking BGG Market only...
[2026-09-05T02:38:19.976Z] [INFO] [22/49] "Numbsters" (Want in Trade only): Checking BGG Market only...
[2026-09-05T02:38:25.061Z] [INFO] [23/49] "Panda Royale" (Want in Trade only): Checking BGG Market only...
[2026-09-05T02:38:30.147Z] [INFO] [24/49] "Paper Dungeons: A Dungeon Scrawler Game" (Want in Trade only): Checking BGG Market only...
[2026-09-05T02:38:35.244Z] [INFO] [25/49] "Parade" (Want in Trade only): Checking BGG Market only...
[2026-09-05T02:38:40.331Z] [INFO] [26/49] "The Path of the Priest" (Want in Trade only): Checking BGG Market only...
[2026-09-05T02:38:45.414Z] [INFO] [27/49] "Plague of Dracula" (Want in Trade only): Checking BGG Market only...
[2026-09-05T02:38:50.504Z] [INFO] [28/49] "Pulp Romance" (Want in Trade only): Checking BGG Market only...
[2026-09-05T02:38:55.588Z] [INFO] [29/49] "Regicide Legacy" (Want in Trade only): Checking BGG Market only...
[2026-09-05T02:39:00.673Z] [INFO] [30/49] "Rome: Fate of an Empire" (Want in Trade only): Checking BGG Market only...
[2026-09-05T02:39:05.759Z] [INFO] [31/49] "The Search for Planet X" (Want in Trade only): Checking BGG Market only...
[2026-09-05T02:39:05.759Z] [INFO] [32/49] "The Siege of Shaddis Horne" (Want in Trade only): Checking BGG Market only...
[2026-09-05T02:39:10.847Z] [INFO] [33/49] "The Thing That Should Not Be" (Want in Trade only): Checking BGG Market only...
[2026-09-05T02:39:16.043Z] [INFO] [34/49] "Triovision" (Want in Trade only): Checking BGG Market only...
[2026-09-05T02:39:21.122Z] [INFO] [35/49] "Tybor the Builder" (Want in Trade only): Checking BGG Market only...
[2026-09-05T02:39:26.203Z] [INFO] [36/49] "Unsurmountable: Expansion Collection" (Want in Trade only): Checking BGG Market only...
[2026-09-05T02:39:31.432Z] [INFO] [37/49] "Back to the Future: Back in Time": skipped 2 stores checked within 6 hours. Checking remaining 25 stores...
[2026-09-05T02:39:33.779Z] [WARN] [429 RATE LIMIT] Rate limited on zatu.com (retry 1/3). Backing off for 20s... [server=cloudflare, retry-after=none, cf-ray=a361dd3c0a0daf49-SEA]
[2026-09-05T02:39:33.902Z] [WARN] [429 RATE LIMIT] Rate limited on legendswarehouse.ca (retry 1/3). Backing off for 20s... [server=cloudflare, retry-after=none, cf-ray=a361dd3cce3e681a-SEA]
[2026-09-05T02:39:59.393Z] [INFO] [38/49] "Blink": skipped 2 stores checked within 6 hours. Checking remaining 25 stores...
[2026-09-05T02:40:09.255Z] [INFO] [39/49] "Coffee Roaster": skipped 2 stores checked within 6 hours. Checking remaining 25 stores...
[2026-09-05T02:40:18.248Z] [INFO] [40/49] "Fliptown": skipped 2 stores checked within 6 hours. Checking remaining 25 stores...
[2026-09-05T02:40:27.039Z] [INFO] [41/49] "Illusion": skipped 2 stores checked within 6 hours. Checking remaining 25 stores...
[2026-09-05T02:40:35.933Z] [INFO] [42/49] "Kronologic: Babylon 2500": skipped 2 stores checked within 6 hours. Checking remaining 25 stores...
[2026-09-05T02:40:44.908Z] [INFO] [43/49] "Kronologic: Cuzco 1450": skipped 2 stores checked within 6 hours. Checking remaining 25 stores...
[2026-09-05T02:40:53.851Z] [INFO] [44/49] "Kronologic: Paris 1920": skipped 2 stores checked within 6 hours. Checking remaining 25 stores...
[2026-09-05T02:41:02.733Z] [INFO] [45/49] "Legacy of Yu": skipped 2 stores checked within 6 hours. Checking remaining 25 stores...
[2026-09-05T02:41:11.636Z] [INFO] [46/49] "Marvel Mayhem": skipped 2 stores checked within 6 hours. Checking remaining 25 stores...
[2026-09-05T02:41:20.603Z] [INFO] [47/49] "Onirim (Second Edition)": skipped 3 stores checked within 6 hours. Checking remaining 24 stores...
[2026-09-05T02:41:22.659Z] [WARN] [429 RATE LIMIT] Rate limited on zatu.com (retry 1/3). Backing off for 20s... [server=cloudflare, retry-after=none, cf-ray=a361dfe48f06ba04-SEA]
[2026-09-05T02:41:42.700Z] [WARN] [429 RATE LIMIT] Rate limited on zatu.com (retry 2/3). Backing off for 40s... [server=cloudflare, retry-after=none, cf-ray=a361e061cd14b3ca-SEA]
[2026-09-05T02:42:22.758Z] [WARN] [429 RATE LIMIT] Rate limited on zatu.com (retry 3/3). Backing off for 80s... [server=cloudflare, retry-after=none, cf-ray=a361e15c2ff5b3ca-SEA]
[2026-09-05T02:43:42.803Z] [WARN] [WARNING] fetchJson failed for https://zatu.com/products/onirim.json with status: 429
[2026-09-05T02:43:47.931Z] [INFO] [48/49] "Tiwanaku": skipped 2 stores checked within 6 hours. Checking remaining 25 stores...
[2026-09-05T02:43:47.971Z] [WARN] [429 RATE LIMIT] Rate limited on www.boardgamebliss.com (retry 1/3). Backing off for 20s... [server=cloudflare, retry-after=none, cf-ray=a361e370bbd8868f-SEA]
[2026-09-05T02:43:48.108Z] [INFO] [Shopify Cooldown] Pausing 19.9s to respect rate limits...
[2026-09-05T02:43:48.108Z] [WARN] [429 RATE LIMIT] Rate limited on store.401games.ca (retry 1/3). Backing off for 20s... [server=cloudflare, retry-after=none, cf-ray=a361e371993d5d03-SEA]
[2026-09-05T02:43:48.258Z] [INFO] [Shopify Cooldown] Pausing 19.9s to respect rate limits...
[2026-09-05T02:43:48.409Z] [INFO] [Shopify Cooldown] Pausing 19.7s to respect rate limits...
[2026-09-05T02:43:48.677Z] [INFO] [Shopify Cooldown] Pausing 19.4s to respect rate limits...
[2026-09-05T02:43:48.826Z] [INFO] [Shopify Cooldown] Pausing 19.3s to respect rate limits...
[2026-09-05T02:43:48.976Z] [INFO] [Shopify Cooldown] Pausing 19.1s to respect rate limits...
[2026-09-05T02:43:49.131Z] [INFO] [Shopify Cooldown] Pausing 19.0s to respect rate limits...
[2026-09-05T02:43:49.281Z] [INFO] [Shopify Cooldown] Pausing 18.8s to respect rate limits...
[2026-09-05T02:43:49.430Z] [INFO] [Shopify Cooldown] Pausing 18.7s to respect rate limits...
[2026-09-05T02:43:49.581Z] [INFO] [Shopify Cooldown] Pausing 18.5s to respect rate limits...
[2026-09-05T02:43:49.731Z] [INFO] [Shopify Cooldown] Pausing 18.4s to respect rate limits...
[2026-09-05T02:43:49.880Z] [INFO] [Shopify Cooldown] Pausing 18.2s to respect rate limits...
[2026-09-05T02:44:07.981Z] [INFO] [Shopify Cooldown] Pausing 0.1s to respect rate limits...
[2026-09-05T02:44:08.010Z] [WARN] [429 RATE LIMIT] Rate limited on www.lvlupgames.ca (retry 1/3). Backing off for 20s... [server=cloudflare, retry-after=none, cf-ray=a361e3edfd8f52ab-SEA]
[2026-09-05T02:44:08.115Z] [INFO] [Shopify Cooldown] Pausing 19.9s to respect rate limits...
[2026-09-05T02:44:08.151Z] [WARN] [429 RATE LIMIT] Rate limited on www.tabletopcafe.ca (retry 1/3). Backing off for 20s... [server=cloudflare, retry-after=none, cf-ray=a361e3eeddd3b9f8-SEA]
[2026-09-05T02:44:08.163Z] [WARN] [429 RATE LIMIT] Rate limited on www.asdesjeux.com (retry 1/3). Backing off for 20s... [server=cloudflare, retry-after=none, cf-ray=a361e3eeefad75a8-SEA]
[2026-09-05T02:44:08.163Z] [WARN] [429 RATE LIMIT] Rate limited on www.woodforsheep.ca (retry 1/3). Backing off for 20s... [server=cloudflare, retry-after=none, cf-ray=a361e3eed8cadf10-SEA]
[2026-09-05T02:44:08.167Z] [WARN] [429 RATE LIMIT] Rate limited on allsystemsgo.games (retry 1/3). Backing off for 20s... [server=cloudflare, retry-after=none, cf-ray=a361e3eedef8762a-SEA]
[2026-09-05T02:44:08.179Z] [WARN] [429 RATE LIMIT] Rate limited on boutiquelapioche.com (retry 1/3). Backing off for 20s... [server=cloudflare, retry-after=none, cf-ray=a361e3ef0d4ab3e2-SEA]
[2026-09-05T02:44:08.243Z] [WARN] [429 RATE LIMIT] Rate limited on screenfreegames.com (retry 1/3). Backing off for 20s... [server=cloudflare, retry-after=none, cf-ray=a361e3ef6d517596-SEA]
[2026-09-05T02:44:08.269Z] [WARN] [429 RATE LIMIT] Rate limited on zatu.com (retry 1/3). Backing off for 20s... [server=cloudflare, retry-after=none, cf-ray=a361e3ef9ff8ad8d-SEA]
[2026-09-05T02:44:08.272Z] [WARN] [429 RATE LIMIT] Rate limited on www.dicehollow.com (retry 1/3). Backing off for 20s... [server=cloudflare, retry-after=none, cf-ray=a361e3efaf44ad2d-SEA]
[2026-09-05T02:44:08.276Z] [WARN] [429 RATE LIMIT] Rate limited on boardgamebandit.ca (retry 1/3). Backing off for 20s... [server=cloudflare, retry-after=none, cf-ray=a361e3efaa8e2ee0-SEA]
[2026-09-05T02:44:08.279Z] [WARN] [429 RATE LIMIT] Rate limited on www.boardgamebliss.com (retry 2/3). Backing off for 40s... [server=cloudflare, retry-after=none, cf-ray=a361e3efa8cfd311-SEA]
[2026-09-05T02:44:08.281Z] [WARN] [429 RATE LIMIT] Rate limited on alwaysgames.ca (retry 1/3). Backing off for 20s... [server=cloudflare, retry-after=none, cf-ray=a361e3efae4febaf-SEA]
[2026-09-05T02:44:08.385Z] [WARN] [429 RATE LIMIT] Rate limited on legendswarehouse.ca (retry 1/3). Backing off for 20s... [server=cloudflare, retry-after=none, cf-ray=a361e3f00be7681a-SEA]
[2026-09-05T02:44:28.018Z] [INFO] [Shopify Cooldown] Pausing 0.4s to respect rate limits...
[2026-09-05T02:44:28.047Z] [WARN] [429 RATE LIMIT] Rate limited on store.401games.ca (retry 2/3). Backing off for 40s... [server=cloudflare, retry-after=none, cf-ray=a361e46b3e4c52ab-SEA]
[2026-09-05T02:44:28.150Z] [INFO] [Shopify Cooldown] Pausing 39.9s to respect rate limits...
[2026-09-05T02:44:28.164Z] [INFO] [Shopify Cooldown] Pausing 39.9s to respect rate limits...
[2026-09-05T02:44:28.164Z] [INFO] [Shopify Cooldown] Pausing 39.9s to respect rate limits...
[2026-09-05T02:44:28.167Z] [INFO] [Shopify Cooldown] Pausing 39.9s to respect rate limits...
[2026-09-05T02:44:28.179Z] [INFO] [Shopify Cooldown] Pausing 39.9s to respect rate limits...
[2026-09-05T02:44:28.243Z] [INFO] [Shopify Cooldown] Pausing 39.8s to respect rate limits...
[2026-09-05T02:44:28.269Z] [INFO] [Shopify Cooldown] Pausing 39.8s to respect rate limits...
[2026-09-05T02:44:28.272Z] [INFO] [Shopify Cooldown] Pausing 39.8s to respect rate limits...
[2026-09-05T02:44:28.276Z] [INFO] [Shopify Cooldown] Pausing 39.8s to respect rate limits...
[2026-09-05T02:44:28.281Z] [INFO] [Shopify Cooldown] Pausing 39.8s to respect rate limits...
[2026-09-05T02:44:28.386Z] [INFO] [Shopify Cooldown] Pausing 39.7s to respect rate limits...
[2026-09-05T02:44:28.424Z] [WARN] [429 RATE LIMIT] Rate limited on www.lvlupgames.ca (retry 2/3). Backing off for 40s... [server=cloudflare, retry-after=none, cf-ray=a361e46d88a875a8-SEA]
[2026-09-05T02:44:48.287Z] [INFO] [Shopify Cooldown] Pausing 20.1s to respect rate limits...
[2026-09-05T02:45:08.066Z] [INFO] [Shopify Cooldown] Pausing 0.4s to respect rate limits...
[2026-09-05T02:45:08.100Z] [WARN] [429 RATE LIMIT] Rate limited on www.tabletopcafe.ca (retry 2/3). Backing off for 40s... [server=cloudflare, retry-after=none, cf-ray=a361e565999052ab-SEA]
[2026-09-05T02:45:08.102Z] [WARN] [429 RATE LIMIT] Rate limited on boardgamebandit.ca (retry 2/3). Backing off for 40s... [server=cloudflare, retry-after=none, cf-ray=a361e5659d792ee0-SEA]
[2026-09-05T02:45:08.109Z] [WARN] [429 RATE LIMIT] Rate limited on www.dicehollow.com (retry 2/3). Backing off for 40s... [server=cloudflare, retry-after=none, cf-ray=a361e5659a967522-SEA]
[2026-09-05T02:45:08.111Z] [WARN] [429 RATE LIMIT] Rate limited on legendswarehouse.ca (retry 2/3). Backing off for 40s... [server=cloudflare, retry-after=none, cf-ray=a361e5659b907596-SEA]
[2026-09-05T02:45:08.112Z] [WARN] [429 RATE LIMIT] Rate limited on www.woodforsheep.ca (retry 2/3). Backing off for 40s... [server=cloudflare, retry-after=none, cf-ray=a361e5659ef1fc2f-SEA]
[2026-09-05T02:45:08.113Z] [WARN] [429 RATE LIMIT] Rate limited on allsystemsgo.games (retry 2/3). Backing off for 40s... [server=cloudflare, retry-after=none, cf-ray=a361e5659e32762a-SEA]
[2026-09-05T02:45:08.116Z] [WARN] [429 RATE LIMIT] Rate limited on www.asdesjeux.com (retry 2/3). Backing off for 40s... [server=cloudflare, retry-after=none, cf-ray=a361e5659dc9d311-SEA]
[2026-09-05T02:45:08.158Z] [WARN] [429 RATE LIMIT] Rate limited on screenfreegames.com (retry 2/3). Backing off for 40s... [server=cloudflare, retry-after=none, cf-ray=a361e565e96c681a-SEA]
[2026-09-05T02:45:08.193Z] [WARN] [429 RATE LIMIT] Rate limited on boutiquelapioche.com (retry 2/3). Backing off for 40s... [server=cloudflare, retry-after=none, cf-ray=a361e5662ac9b3e2-SEA]
[2026-09-05T02:45:08.204Z] [WARN] [429 RATE LIMIT] Rate limited on alwaysgames.ca (retry 2/3). Backing off for 40s... [server=cloudflare, retry-after=none, cf-ray=a361e5663a02c62f-SEA]
[2026-09-05T02:45:08.236Z] [WARN] [429 RATE LIMIT] Rate limited on zatu.com (retry 2/3). Backing off for 40s... [server=cloudflare, retry-after=none, cf-ray=a361e5666c1dba04-SEA]
[2026-09-05T02:45:08.425Z] [INFO] [Shopify Cooldown] Pausing 39.8s to respect rate limits...
[2026-09-05T02:45:08.452Z] [WARN] [429 RATE LIMIT] Rate limited on www.boardgamebliss.com (retry 3/3). Backing off for 80s... [server=cloudflare, retry-after=none, cf-ray=a361e567cba81846-SEA]
[2026-09-05T02:45:08.468Z] [WARN] [429 RATE LIMIT] Rate limited on store.401games.ca (retry 3/3). Backing off for 80s... [server=cloudflare, retry-after=none, cf-ray=a361e567cc06ebcb-SEA]
[2026-09-05T02:45:48.102Z] [INFO] [Shopify Cooldown] Pausing 40.4s to respect rate limits...
[2026-09-05T02:45:48.102Z] [INFO] [Shopify Cooldown] Pausing 40.4s to respect rate limits...
[2026-09-05T02:45:48.110Z] [INFO] [Shopify Cooldown] Pausing 40.4s to respect rate limits...
[2026-09-05T02:45:48.110Z] [INFO] [Shopify Cooldown] Pausing 40.4s to respect rate limits...
[2026-09-05T02:45:48.112Z] [INFO] [Shopify Cooldown] Pausing 40.4s to respect rate limits...
[2026-09-05T02:45:48.113Z] [INFO] [Shopify Cooldown] Pausing 40.4s to respect rate limits...
[2026-09-05T02:45:48.115Z] [INFO] [Shopify Cooldown] Pausing 40.4s to respect rate limits...
[2026-09-05T02:45:48.158Z] [INFO] [Shopify Cooldown] Pausing 40.3s to respect rate limits...
[2026-09-05T02:45:48.193Z] [INFO] [Shopify Cooldown] Pausing 40.3s to respect rate limits...
[2026-09-05T02:45:48.204Z] [INFO] [Shopify Cooldown] Pausing 40.3s to respect rate limits...
[2026-09-05T02:45:48.236Z] [INFO] [Shopify Cooldown] Pausing 40.2s to respect rate limits...
[2026-09-05T02:45:48.265Z] [WARN] [429 RATE LIMIT] Rate limited on www.lvlupgames.ca (retry 3/3). Backing off for 80s... [server=cloudflare, retry-after=none, cf-ray=a361e6609cdc52ab-SEA]
[2026-09-05T02:46:28.480Z] [INFO] [Shopify Cooldown] Pausing 39.8s to respect rate limits...
[2026-09-05T02:46:28.481Z] [INFO] [Shopify Cooldown] Pausing 39.8s to respect rate limits...
[2026-09-05T02:46:28.520Z] [WARN] [429 RATE LIMIT] Rate limited on boardgamebandit.ca (retry 3/3). Backing off for 80s... [server=cloudflare, retry-after=none, cf-ray=a361e75c29d4decc-SEA]
[2026-09-05T02:46:28.577Z] [WARN] [429 RATE LIMIT] Rate limited on www.woodforsheep.ca (retry 3/3). Backing off for 80s... [server=cloudflare, retry-after=none, cf-ray=a361e75c889f1846-SEA]
[2026-09-05T02:46:28.593Z] [WARN] [429 RATE LIMIT] Rate limited on legendswarehouse.ca (retry 3/3). Backing off for 80s... [server=cloudflare, retry-after=none, cf-ray=a361e75caa9e7596-SEA]
[2026-09-05T02:46:28.594Z] [WARN] [429 RATE LIMIT] Rate limited on www.tabletopcafe.ca (retry 3/3). Backing off for 80s... [server=cloudflare, retry-after=none, cf-ray=a361e75c99017522-SEA]
[2026-09-05T02:46:28.633Z] [WARN] [429 RATE LIMIT] Rate limited on zatu.com (retry 3/3). Backing off for 80s... [server=cloudflare, retry-after=none, cf-ray=a361e75ced17af49-SEA]
[2026-09-05T02:46:28.636Z] [WARN] [429 RATE LIMIT] Rate limited on www.asdesjeux.com (retry 3/3). Backing off for 80s... [server=cloudflare, retry-after=none, cf-ray=a361e75cee135050-SEA]
[2026-09-05T02:46:28.639Z] [WARN] [429 RATE LIMIT] Rate limited on screenfreegames.com (retry 3/3). Backing off for 80s... [server=cloudflare, retry-after=none, cf-ray=a361e75ce980681a-SEA]
[2026-09-05T02:46:28.648Z] [WARN] [429 RATE LIMIT] Rate limited on www.dicehollow.com (retry 3/3). Backing off for 80s... [server=cloudflare, retry-after=none, cf-ray=a361e75ceca3ebcb-SEA]
[2026-09-05T02:46:28.654Z] [WARN] [429 RATE LIMIT] Rate limited on allsystemsgo.games (retry 3/3). Backing off for 80s... [server=cloudflare, retry-after=none, cf-ray=a361e75ceb14762a-SEA]
[2026-09-05T02:46:28.655Z] [WARN] [429 RATE LIMIT] Rate limited on boutiquelapioche.com (retry 3/3). Backing off for 80s... [server=cloudflare, retry-after=none, cf-ray=a361e75cfb007664-SEA]
[2026-09-05T02:46:28.684Z] [WARN] [429 RATE LIMIT] Rate limited on alwaysgames.ca (retry 3/3). Backing off for 80s... [server=cloudflare, retry-after=none, cf-ray=a361e75d3e37c62f-SEA]
[2026-09-05T02:47:08.285Z] [INFO] [Shopify Cooldown] Pausing 40.4s to respect rate limits...
[2026-09-05T02:47:08.317Z] [WARN] [WARNING] fetchJson failed for https://www.boardgamebliss.com/search/suggest.json?q=Tiwanaku&resources[type]=product&country=CA with status: 429
[2026-09-05T02:47:08.357Z] [WARN] [WARNING] fetchJson failed for https://store.401games.ca/search/suggest.json?q=Tiwanaku&resources[type]=product&country=CA with status: 429
[2026-09-05T02:47:48.548Z] [INFO] [Shopify Cooldown] Pausing 0.1s to respect rate limits...
[2026-09-05T02:47:48.576Z] [INFO] [Shopify Cooldown] Pausing 0.1s to respect rate limits...
[2026-09-05T02:47:48.594Z] [INFO] [Shopify Cooldown] Pausing 0.1s to respect rate limits...
[2026-09-05T02:47:48.594Z] [INFO] [Shopify Cooldown] Pausing 0.1s to respect rate limits...
[2026-09-05T02:47:48.633Z] [INFO] [Shopify Cooldown] Pausing 0.1s to respect rate limits...
[2026-09-05T02:47:48.636Z] [INFO] [Shopify Cooldown] Pausing 0.0s to respect rate limits...
[2026-09-05T02:47:48.639Z] [INFO] [Shopify Cooldown] Pausing 0.0s to respect rate limits...
[2026-09-05T02:47:48.649Z] [INFO] [Shopify Cooldown] Pausing 0.0s to respect rate limits...
[2026-09-05T02:47:48.654Z] [INFO] [Shopify Cooldown] Pausing 0.0s to respect rate limits...
[2026-09-05T02:47:48.654Z] [INFO] [Shopify Cooldown] Pausing 0.0s to respect rate limits...
[2026-09-05T02:47:48.722Z] [WARN] [WARNING] fetchJson failed for https://www.lvlupgames.ca/search/suggest.json?q=Tiwanaku&resources[type]=product&country=CA with status: 429
[2026-09-05T02:47:48.723Z] [WARN] [WARNING] fetchJson failed for https://www.dicehollow.com/search/suggest.json?q=Tiwanaku&resources[type]=product&country=CA with status: 429
[2026-09-05T02:47:48.727Z] [WARN] [WARNING] fetchJson failed for https://www.tabletopcafe.ca/search/suggest.json?q=Tiwanaku&resources[type]=product&country=CA with status: 429
[2026-09-05T02:47:48.727Z] [WARN] [WARNING] fetchJson failed for https://zatu.com/search/suggest.json?q=Tiwanaku&resources[type]=product&country=GB with status: 429
[2026-09-05T02:47:48.729Z] [WARN] [WARNING] fetchJson failed for https://www.woodforsheep.ca/search/suggest.json?q=Tiwanaku&resources[type]=product&country=CA with status: 429
[2026-09-05T02:47:48.729Z] [WARN] [WARNING] fetchJson failed for https://boardgamebandit.ca/search/suggest.json?q=Tiwanaku&resources[type]=product&country=CA with status: 429
[2026-09-05T02:47:48.734Z] [WARN] [WARNING] fetchJson failed for https://legendswarehouse.ca/search/suggest.json?q=Tiwanaku&resources[type]=product&country=CA with status: 429
[2026-09-05T02:47:48.744Z] [WARN] [WARNING] fetchJson failed for https://allsystemsgo.games/search/suggest.json?q=Tiwanaku&resources[type]=product&country=CA with status: 429
[2026-09-05T02:47:48.771Z] [WARN] [WARNING] fetchJson failed for https://screenfreegames.com/search/suggest.json?q=Tiwanaku&resources[type]=product&country=CA with status: 429
[2026-09-05T02:47:48.814Z] [WARN] [WARNING] fetchJson failed for https://www.asdesjeux.com/search/suggest.json?q=Tiwanaku&resources[type]=product&country=CA with status: 429
[2026-09-05T02:47:48.824Z] [WARN] [WARNING] fetchJson failed for https://boutiquelapioche.com/search/suggest.json?q=Tiwanaku&resources[type]=product&country=CA with status: 429
[2026-09-05T02:47:48.844Z] [WARN] [WARNING] fetchJson failed for https://alwaysgames.ca/search/suggest.json?q=Tiwanaku&resources[type]=product&country=CA with status: 429
[2026-09-05T02:47:53.856Z] [INFO] [49/49] "Witchcraft!": skipped 2 stores checked within 6 hours. Checking remaining 25 stores...
[2026-09-05T02:47:53.921Z] [WARN] [429 RATE LIMIT] Rate limited on www.boardgamebliss.com (retry 1/3). Backing off for 20s... [server=cloudflare, retry-after=none, cf-ray=a361e971ec5f093f-SEA]
[2026-09-05T02:47:54.000Z] [INFO] [Shopify Cooldown] Pausing 19.9s to respect rate limits...
[2026-09-05T02:47:54.149Z] [INFO] [Shopify Cooldown] Pausing 19.8s to respect rate limits...
[2026-09-05T02:47:54.299Z] [INFO] [Shopify Cooldown] Pausing 19.6s to respect rate limits...
[2026-09-05T02:47:54.450Z] [INFO] [Shopify Cooldown] Pausing 19.5s to respect rate limits...
[2026-09-05T02:47:54.600Z] [INFO] [Shopify Cooldown] Pausing 19.3s to respect rate limits...
[2026-09-05T02:47:54.750Z] [INFO] [Shopify Cooldown] Pausing 19.2s to respect rate limits...
[2026-09-05T02:47:54.900Z] [INFO] [Shopify Cooldown] Pausing 19.0s to respect rate limits...
[2026-09-05T02:47:55.056Z] [INFO] [Shopify Cooldown] Pausing 18.9s to respect rate limits...
[2026-09-05T02:47:55.205Z] [INFO] [Shopify Cooldown] Pausing 18.7s to respect rate limits...
[2026-09-05T02:47:55.355Z] [INFO] [Shopify Cooldown] Pausing 18.6s to respect rate limits...
[2026-09-05T02:47:55.506Z] [INFO] [Shopify Cooldown] Pausing 18.4s to respect rate limits...
[2026-09-05T02:47:55.655Z] [INFO] [Shopify Cooldown] Pausing 18.3s to respect rate limits...
[2026-09-05T02:47:55.806Z] [INFO] [Shopify Cooldown] Pausing 18.1s to respect rate limits...
[2026-09-05T02:48:13.963Z] [WARN] [429 RATE LIMIT] Rate limited on store.401games.ca (retry 1/3). Backing off for 20s... [server=cloudflare, retry-after=none, cf-ray=a361e9ef3e295d03-SEA]
[2026-09-05T02:48:13.965Z] [WARN] [429 RATE LIMIT] Rate limited on allsystemsgo.games (retry 1/3). Backing off for 20s... [server=cloudflare, retry-after=none, cf-ray=a361e9ef3ae26816-SEA]
[2026-09-05T02:48:13.971Z] [WARN] [429 RATE LIMIT] Rate limited on www.tabletopcafe.ca (retry 1/3). Backing off for 20s... [server=cloudflare, retry-after=none, cf-ray=a361e9ef3a7176e2-SEA]
[2026-09-05T02:48:13.974Z] [WARN] [429 RATE LIMIT] Rate limited on www.boardgamebliss.com (retry 2/3). Backing off for 40s... [server=cloudflare, retry-after=none, cf-ray=a361e9ef3ea5868f-SEA]
[2026-09-05T02:48:13.976Z] [WARN] [429 RATE LIMIT] Rate limited on www.asdesjeux.com (retry 1/3). Backing off for 20s... [server=cloudflare, retry-after=none, cf-ray=a361e9ef3a43ebcb-SEA]
[2026-09-05T02:48:13.977Z] [WARN] [429 RATE LIMIT] Rate limited on www.lvlupgames.ca (retry 1/3). Backing off for 20s... [server=cloudflare, retry-after=none, cf-ray=a361e9ef38a57522-SEA]
[2026-09-05T02:48:13.978Z] [WARN] [429 RATE LIMIT] Rate limited on www.dicehollow.com (retry 1/3). Backing off for 20s... [server=cloudflare, retry-after=none, cf-ray=a361e9ef3b10b9ac-SEA]
[2026-09-05T02:48:14.017Z] [WARN] [429 RATE LIMIT] Rate limited on screenfreegames.com (retry 1/3). Backing off for 20s... [server=cloudflare, retry-after=none, cf-ray=a361e9ef8c707596-SEA]
[2026-09-05T02:48:14.056Z] [WARN] [429 RATE LIMIT] Rate limited on boutiquelapioche.com (retry 1/3). Backing off for 20s... [server=cloudflare, retry-after=none, cf-ray=a361e9efcff07664-SEA]
[2026-09-05T02:48:14.128Z] [WARN] [429 RATE LIMIT] Rate limited on zatu.com (retry 1/3). Backing off for 20s... [server=cloudflare, retry-after=none, cf-ray=a361e9f03c83af49-SEA]
[2026-09-05T02:48:14.130Z] [WARN] [429 RATE LIMIT] Rate limited on alwaysgames.ca (retry 1/3). Backing off for 20s... [server=cloudflare, retry-after=none, cf-ray=a361e9f039e5df17-SEA]
[2026-09-05T02:48:14.134Z] [WARN] [429 RATE LIMIT] Rate limited on boardgamebandit.ca (retry 1/3). Backing off for 20s... [server=cloudflare, retry-after=none, cf-ray=a361e9f03e2bdecc-SEA]
[2026-09-05T02:48:14.159Z] [WARN] [429 RATE LIMIT] Rate limited on www.woodforsheep.ca (retry 1/3). Backing off for 20s... [server=cloudflare, retry-after=none, cf-ray=a361e9f04b39def2-SEA]
[2026-09-05T02:48:14.259Z] [WARN] [429 RATE LIMIT] Rate limited on legendswarehouse.ca (retry 1/3). Backing off for 20s... [server=cloudflare, retry-after=none, cf-ray=a361e9f10d03b233-SEA]
[2026-09-05T02:48:33.972Z] [INFO] [Shopify Cooldown] Pausing 0.3s to respect rate limits...
[2026-09-05T02:48:33.972Z] [INFO] [Shopify Cooldown] Pausing 0.3s to respect rate limits...
[2026-09-05T02:48:33.972Z] [INFO] [Shopify Cooldown] Pausing 0.3s to respect rate limits...
[2026-09-05T02:48:33.977Z] [INFO] [Shopify Cooldown] Pausing 0.3s to respect rate limits...
[2026-09-05T02:48:33.977Z] [INFO] [Shopify Cooldown] Pausing 0.3s to respect rate limits...
[2026-09-05T02:48:33.978Z] [INFO] [Shopify Cooldown] Pausing 0.3s to respect rate limits...
[2026-09-05T02:48:34.017Z] [INFO] [Shopify Cooldown] Pausing 0.2s to respect rate limits...
[2026-09-05T02:48:34.057Z] [INFO] [Shopify Cooldown] Pausing 0.2s to respect rate limits...
[2026-09-05T02:48:34.128Z] [INFO] [Shopify Cooldown] Pausing 0.1s to respect rate limits...
[2026-09-05T02:48:34.130Z] [INFO] [Shopify Cooldown] Pausing 0.1s to respect rate limits...
[2026-09-05T02:48:34.134Z] [INFO] [Shopify Cooldown] Pausing 0.1s to respect rate limits...
[2026-09-05T02:48:34.160Z] [INFO] [Shopify Cooldown] Pausing 0.1s to respect rate limits...
[2026-09-05T02:48:34.292Z] [WARN] [429 RATE LIMIT] Rate limited on www.tabletopcafe.ca (retry 2/3). Backing off for 40s... [server=cloudflare, retry-after=none, cf-ray=a361ea6e49c25d03-SEA]
[2026-09-05T02:48:34.296Z] [WARN] [429 RATE LIMIT] Rate limited on www.dicehollow.com (retry 2/3). Backing off for 40s... [server=cloudflare, retry-after=none, cf-ray=a361ea6e4b1ead2d-SEA]
[2026-09-05T02:48:34.299Z] [WARN] [429 RATE LIMIT] Rate limited on allsystemsgo.games (retry 2/3). Backing off for 40s... [server=cloudflare, retry-after=none, cf-ray=a361ea6e49436816-SEA]
[2026-09-05T02:48:34.305Z] [WARN] [429 RATE LIMIT] Rate limited on www.asdesjeux.com (retry 2/3). Backing off for 40s... [server=cloudflare, retry-after=none, cf-ray=a361ea6e4faddf10-SEA]
[2026-09-05T02:48:34.309Z] [WARN] [429 RATE LIMIT] Rate limited on zatu.com (retry 2/3). Backing off for 40s... [server=cloudflare, retry-after=none, cf-ray=a361ea6e4fc2b3ca-SEA]
[2026-09-05T02:48:34.336Z] [WARN] [429 RATE LIMIT] Rate limited on www.lvlupgames.ca (retry 2/3). Backing off for 40s... [server=cloudflare, retry-after=none, cf-ray=a361ea6e5ac2b9f8-SEA]
[2026-09-05T02:48:34.368Z] [WARN] [429 RATE LIMIT] Rate limited on boardgamebandit.ca (retry 2/3). Backing off for 40s... [server=cloudflare, retry-after=none, cf-ray=a361ea6ebef1decc-SEA]
[2026-09-05T02:48:34.371Z] [WARN] [429 RATE LIMIT] Rate limited on alwaysgames.ca (retry 2/3). Backing off for 40s... [server=cloudflare, retry-after=none, cf-ray=a361ea6eb9d57596-SEA]
[2026-09-05T02:48:34.373Z] [WARN] [429 RATE LIMIT] Rate limited on store.401games.ca (retry 2/3). Backing off for 40s... [server=cloudflare, retry-after=none, cf-ray=a361ea6eb99f76e2-SEA]
[2026-09-05T02:48:34.374Z] [WARN] [429 RATE LIMIT] Rate limited on www.woodforsheep.ca (retry 2/3). Backing off for 40s... [server=cloudflare, retry-after=none, cf-ray=a361ea6eb8e7ebcb-SEA]
[2026-09-05T02:48:34.374Z] [WARN] [429 RATE LIMIT] Rate limited on boutiquelapioche.com (retry 2/3). Backing off for 40s... [server=cloudflare, retry-after=none, cf-ray=a361ea6eba327664-SEA]
[2026-09-05T02:48:34.478Z] [WARN] [429 RATE LIMIT] Rate limited on screenfreegames.com (retry 2/3). Backing off for 40s... [server=cloudflare, retry-after=none, cf-ray=a361ea6f5ae9ebaf-SEA]
[2026-09-05T02:48:34.483Z] [WARN] [429 RATE LIMIT] Rate limited on legendswarehouse.ca (retry 2/3). Backing off for 40s... [server=cloudflare, retry-after=none, cf-ray=a361ea6f6945df17-SEA]
[2026-09-05T02:48:53.981Z] [INFO] [Shopify Cooldown] Pausing 20.5s to respect rate limits...
[2026-09-05T02:49:14.308Z] [INFO] [Shopify Cooldown] Pausing 0.2s to respect rate limits...
[2026-09-05T02:49:14.308Z] [INFO] [Shopify Cooldown] Pausing 0.2s to respect rate limits...
[2026-09-05T02:49:14.308Z] [INFO] [Shopify Cooldown] Pausing 0.2s to respect rate limits...
[2026-09-05T02:49:14.308Z] [INFO] [Shopify Cooldown] Pausing 0.2s to respect rate limits...
[2026-09-05T02:49:14.308Z] [INFO] [Shopify Cooldown] Pausing 0.2s to respect rate limits...
[2026-09-05T02:49:14.337Z] [INFO] [Shopify Cooldown] Pausing 0.1s to respect rate limits...
[2026-09-05T02:49:14.368Z] [INFO] [Shopify Cooldown] Pausing 0.1s to respect rate limits...
[2026-09-05T02:49:14.371Z] [INFO] [Shopify Cooldown] Pausing 0.1s to respect rate limits...
[2026-09-05T02:49:14.373Z] [INFO] [Shopify Cooldown] Pausing 0.1s to respect rate limits...
[2026-09-05T02:49:14.373Z] [INFO] [Shopify Cooldown] Pausing 0.1s to respect rate limits...
[2026-09-05T02:49:14.374Z] [INFO] [Shopify Cooldown] Pausing 0.1s to respect rate limits...
[2026-09-05T02:49:14.478Z] [INFO] [Shopify Cooldown] Pausing 0.0s to respect rate limits...
[2026-09-05T02:49:14.517Z] [WARN] [429 RATE LIMIT] Rate limited on zatu.com (retry 3/3). Backing off for 80s... [server=cloudflare, retry-after=none, cf-ray=a361eb69af2bad8d-SEA]
[2026-09-05T02:49:14.519Z] [WARN] [429 RATE LIMIT] Rate limited on www.lvlupgames.ca (retry 3/3). Backing off for 80s... [server=cloudflare, retry-after=none, cf-ray=a361eb69a99fad2d-SEA]
[2026-09-05T02:49:14.521Z] [WARN] [429 RATE LIMIT] Rate limited on www.tabletopcafe.ca (retry 3/3). Backing off for 80s... [server=cloudflare, retry-after=none, cf-ray=a361eb69aa2b5d03-SEA]
[2026-09-05T02:49:14.522Z] [WARN] [429 RATE LIMIT] Rate limited on www.asdesjeux.com (retry 3/3). Backing off for 80s... [server=cloudflare, retry-after=none, cf-ray=a361eb69abc3df10-SEA]
[2026-09-05T02:49:14.523Z] [WARN] [429 RATE LIMIT] Rate limited on boardgamebandit.ca (retry 3/3). Backing off for 80s... [server=cloudflare, retry-after=none, cf-ray=a361eb69aea9decc-SEA]
[2026-09-05T02:49:14.528Z] [WARN] [429 RATE LIMIT] Rate limited on allsystemsgo.games (retry 3/3). Backing off for 80s... [server=cloudflare, retry-after=none, cf-ray=a361eb69aece6816-SEA]
[2026-09-05T02:49:14.534Z] [WARN] [429 RATE LIMIT] Rate limited on www.dicehollow.com (retry 3/3). Backing off for 80s... [server=cloudflare, retry-after=none, cf-ray=a361eb69be1d75a8-SEA]
[2026-09-05T02:49:14.567Z] [WARN] [429 RATE LIMIT] Rate limited on alwaysgames.ca (retry 3/3). Backing off for 80s... [server=cloudflare, retry-after=none, cf-ray=a361eb69f8f17596-SEA]
[2026-09-05T02:49:14.625Z] [WARN] [429 RATE LIMIT] Rate limited on screenfreegames.com (retry 3/3). Backing off for 80s... [server=cloudflare, retry-after=none, cf-ray=a361eb6a490eebaf-SEA]
[2026-09-05T02:49:14.625Z] [WARN] [429 RATE LIMIT] Rate limited on legendswarehouse.ca (retry 3/3). Backing off for 80s... [server=cloudflare, retry-after=none, cf-ray=a361eb6a5ccfdf17-SEA]
[2026-09-05T02:49:14.630Z] [WARN] [429 RATE LIMIT] Rate limited on www.boardgamebliss.com (retry 3/3). Backing off for 80s... [server=cloudflare, retry-after=none, cf-ray=a361eb6a587febcb-SEA]
[2026-09-05T02:49:14.633Z] [WARN] [429 RATE LIMIT] Rate limited on store.401games.ca (retry 3/3). Backing off for 80s... [server=cloudflare, retry-after=none, cf-ray=a361eb6a5e3276e2-SEA]
[2026-09-05T02:49:14.636Z] [WARN] [429 RATE LIMIT] Rate limited on www.woodforsheep.ca (retry 3/3). Backing off for 80s... [server=cloudflare, retry-after=none, cf-ray=a361eb6a5c46b9ac-SEA]
[2026-09-05T02:49:14.683Z] [WARN] [429 RATE LIMIT] Rate limited on boutiquelapioche.com (retry 3/3). Backing off for 80s... [server=cloudflare, retry-after=none, cf-ray=a361eb6aad37ded4-SEA]
[2026-09-05T02:50:34.584Z] [INFO] [Shopify Cooldown] Pausing 0.1s to respect rate limits...
[2026-09-05T02:50:34.584Z] [INFO] [Shopify Cooldown] Pausing 0.1s to respect rate limits...
[2026-09-05T02:50:34.584Z] [INFO] [Shopify Cooldown] Pausing 0.1s to respect rate limits...
[2026-09-05T02:50:34.584Z] [INFO] [Shopify Cooldown] Pausing 0.1s to respect rate limits...
[2026-09-05T02:50:34.584Z] [INFO] [Shopify Cooldown] Pausing 0.1s to respect rate limits...
[2026-09-05T02:50:34.584Z] [INFO] [Shopify Cooldown] Pausing 0.1s to respect rate limits...
[2026-09-05T02:50:34.584Z] [INFO] [Shopify Cooldown] Pausing 0.1s to respect rate limits...
[2026-09-05T02:50:34.584Z] [INFO] [Shopify Cooldown] Pausing 0.1s to respect rate limits...
[2026-09-05T02:50:34.626Z] [INFO] [Shopify Cooldown] Pausing 0.1s to respect rate limits...
[2026-09-05T02:50:34.626Z] [INFO] [Shopify Cooldown] Pausing 0.1s to respect rate limits...
[2026-09-05T02:50:34.630Z] [INFO] [Shopify Cooldown] Pausing 0.1s to respect rate limits...
[2026-09-05T02:50:34.633Z] [INFO] [Shopify Cooldown] Pausing 0.1s to respect rate limits...
[2026-09-05T02:50:34.636Z] [INFO] [Shopify Cooldown] Pausing 0.0s to respect rate limits...
[2026-09-05T02:50:34.811Z] [WARN] [WARNING] fetchJson failed for https://screenfreegames.com/search/suggest.json?q=Witchcraft!&resources[type]=product&country=CA with status: 429
[2026-09-05T02:50:34.820Z] [WARN] [WARNING] fetchJson failed for https://www.tabletopcafe.ca/search/suggest.json?q=Witchcraft!&resources[type]=product&country=CA with status: 429
[2026-09-05T02:50:34.822Z] [WARN] [WARNING] fetchJson failed for https://boardgamebandit.ca/search/suggest.json?q=Witchcraft!&resources[type]=product&country=CA with status: 429
[2026-09-05T02:50:34.822Z] [WARN] [WARNING] fetchJson failed for https://www.lvlupgames.ca/search/suggest.json?q=Witchcraft!&resources[type]=product&country=CA with status: 429
[2026-09-05T02:50:34.824Z] [WARN] [WARNING] fetchJson failed for https://www.asdesjeux.com/search/suggest.json?q=Witchcraft!&resources[type]=product&country=CA with status: 429
[2026-09-05T02:50:34.828Z] [WARN] [WARNING] fetchJson failed for https://www.dicehollow.com/search/suggest.json?q=Witchcraft!&resources[type]=product&country=CA with status: 429
[2026-09-05T02:50:34.835Z] [WARN] [WARNING] fetchJson failed for https://allsystemsgo.games/search/suggest.json?q=Witchcraft!&resources[type]=product&country=CA with status: 429
[2026-09-05T02:50:34.840Z] [WARN] [WARNING] fetchJson failed for https://legendswarehouse.ca/search/suggest.json?q=Witchcraft!&resources[type]=product&country=CA with status: 429
[2026-09-05T02:50:34.885Z] [WARN] [WARNING] fetchJson failed for https://www.boardgamebliss.com/search/suggest.json?q=Witchcraft!&resources[type]=product&country=CA with status: 429
[2026-09-05T02:50:34.890Z] [WARN] [WARNING] fetchJson failed for https://store.401games.ca/search/suggest.json?q=Witchcraft!&resources[type]=product&country=CA with status: 429
[2026-09-05T02:50:34.893Z] [WARN] [WARNING] fetchJson failed for https://zatu.com/search/suggest.json?q=Witchcraft!&resources[type]=product&country=GB with status: 429
[2026-09-05T02:50:34.893Z] [WARN] [WARNING] fetchJson failed for https://alwaysgames.ca/search/suggest.json?q=Witchcraft!&resources[type]=product&country=CA with status: 429
[2026-09-05T02:50:34.901Z] [WARN] [WARNING] fetchJson failed for https://www.woodforsheep.ca/search/suggest.json?q=Witchcraft!&resources[type]=product&country=CA with status: 429
[2026-09-05T02:50:34.964Z] [WARN] [WARNING] fetchJson failed for https://boutiquelapioche.com/search/suggest.json?q=Witchcraft!&resources[type]=product&country=CA with status: 429
[2026-09-05T02:50:40.071Z] [INFO] Availability check finished. Saved results to availability.json
[2026-09-05T02:50:40.071Z] [INFO] 
============================================================
[2026-09-05T02:50:40.071Z] [INFO] RUN SUMMARY: WANTTOBUY
[2026-09-05T02:50:40.071Z] [INFO] ------------------------------------------------------------
[2026-09-05T02:50:40.071Z] [INFO] Log File:              runlogs/2026-09-05_02-36-32Z_wanttobuy.log
[2026-09-05T02:50:40.071Z] [INFO] Timestamp (UTC):       2026-09-05T02:50:40.071Z
[2026-09-05T02:50:40.071Z] [INFO] Duration:              14m 7s
[2026-09-05T02:50:40.071Z] [INFO] Games Evaluated:       49
[2026-09-05T02:50:40.071Z] [INFO] Store Checks Made:     359
[2026-09-05T02:50:40.071Z] [INFO] Store Checks Skipped:  28 (6-hour cache)
[2026-09-05T02:50:40.071Z] [INFO] Total 429 Events:      89
[2026-09-05T02:50:40.071Z] [INFO] 
429 Rate Limits by Host:
[2026-09-05T02:50:40.071Z] [INFO]   - zatu.com: 10 hits (total backoff: 440s, last headers: {"retryAfter":null,"cfRay":"a361eb69af2bad8d-SEA","reqId":null,"server":"cloudflare","shopApiLimit":null})
[2026-09-05T02:50:40.071Z] [INFO]   - legendswarehouse.ca: 7 hits (total backoff: 300s, last headers: {"retryAfter":null,"cfRay":"a361eb6a5ccfdf17-SEA","reqId":null,"server":"cloudflare","shopApiLimit":null})
[2026-09-05T02:50:40.071Z] [INFO]   - www.boardgamebliss.com: 6 hits (total backoff: 280s, last headers: {"retryAfter":null,"cfRay":"a361eb6a587febcb-SEA","reqId":null,"server":"cloudflare","shopApiLimit":null})
[2026-09-05T02:50:40.072Z] [INFO]   - store.401games.ca: 6 hits (total backoff: 280s, last headers: {"retryAfter":null,"cfRay":"a361eb6a5e3276e2-SEA","reqId":null,"server":"cloudflare","shopApiLimit":null})
[2026-09-05T02:50:40.072Z] [INFO]   - www.lvlupgames.ca: 6 hits (total backoff: 280s, last headers: {"retryAfter":null,"cfRay":"a361eb69a99fad2d-SEA","reqId":null,"server":"cloudflare","shopApiLimit":null})
[2026-09-05T02:50:40.072Z] [INFO]   - www.tabletopcafe.ca: 6 hits (total backoff: 280s, last headers: {"retryAfter":null,"cfRay":"a361eb69aa2b5d03-SEA","reqId":null,"server":"cloudflare","shopApiLimit":null})
[2026-09-05T02:50:40.072Z] [INFO]   - www.asdesjeux.com: 6 hits (total backoff: 280s, last headers: {"retryAfter":null,"cfRay":"a361eb69abc3df10-SEA","reqId":null,"server":"cloudflare","shopApiLimit":null})
[2026-09-05T02:50:40.072Z] [INFO]   - www.woodforsheep.ca: 6 hits (total backoff: 280s, last headers: {"retryAfter":null,"cfRay":"a361eb6a5c46b9ac-SEA","reqId":null,"server":"cloudflare","shopApiLimit":null})
[2026-09-05T02:50:40.072Z] [INFO]   - allsystemsgo.games: 6 hits (total backoff: 280s, last headers: {"retryAfter":null,"cfRay":"a361eb69aece6816-SEA","reqId":null,"server":"cloudflare","shopApiLimit":null})
[2026-09-05T02:50:40.072Z] [INFO]   - boutiquelapioche.com: 6 hits (total backoff: 280s, last headers: {"retryAfter":null,"cfRay":"a361eb6aad37ded4-SEA","reqId":null,"server":"cloudflare","shopApiLimit":null})
[2026-09-05T02:50:40.072Z] [INFO]   - screenfreegames.com: 6 hits (total backoff: 280s, last headers: {"retryAfter":null,"cfRay":"a361eb6a490eebaf-SEA","reqId":null,"server":"cloudflare","shopApiLimit":null})
[2026-09-05T02:50:40.072Z] [INFO]   - www.dicehollow.com: 6 hits (total backoff: 280s, last headers: {"retryAfter":null,"cfRay":"a361eb69be1d75a8-SEA","reqId":null,"server":"cloudflare","shopApiLimit":null})
[2026-09-05T02:50:40.072Z] [INFO]   - boardgamebandit.ca: 6 hits (total backoff: 280s, last headers: {"retryAfter":null,"cfRay":"a361eb69aea9decc-SEA","reqId":null,"server":"cloudflare","shopApiLimit":null})
[2026-09-05T02:50:40.072Z] [INFO]   - alwaysgames.ca: 6 hits (total backoff: 280s, last headers: {"retryAfter":null,"cfRay":"a361eb69f8f17596-SEA","reqId":null,"server":"cloudflare","shopApiLimit":null})
[2026-09-05T02:50:40.072Z] [INFO] 
Store Fetch Failures:
[2026-09-05T02:50:40.072Z] [INFO]   - boardGameBliss: 2 failures (last error: Shopify fetch failed or timed out for https://www.boardgamebliss.com)
[2026-09-05T02:50:40.072Z] [INFO]   - fourZeroOneGames: 2 failures (last error: Shopify fetch failed or timed out for https://store.401games.ca)
[2026-09-05T02:50:40.072Z] [INFO]   - lvlUpGames: 2 failures (last error: Shopify fetch failed or timed out for https://www.lvlupgames.ca)
[2026-09-05T02:50:40.072Z] [INFO]   - diceHollow: 2 failures (last error: Shopify fetch failed or timed out for https://www.dicehollow.com)
[2026-09-05T02:50:40.072Z] [INFO]   - tabletopCafe: 2 failures (last error: Shopify fetch failed or timed out for https://www.tabletopcafe.ca)
[2026-09-05T02:50:40.072Z] [INFO]   - zatu: 2 failures (last error: Shopify fetch failed or timed out for https://zatu.com)
[2026-09-05T02:50:40.072Z] [INFO]   - woodForSheep: 2 failures (last error: Shopify fetch failed or timed out for https://www.woodforsheep.ca)
[2026-09-05T02:50:40.072Z] [INFO]   - boardGameBandit: 2 failures (last error: Shopify fetch failed or timed out for https://boardgamebandit.ca)
[2026-09-05T02:50:40.072Z] [INFO]   - legendsWarehouse: 2 failures (last error: Shopify fetch failed or timed out for https://legendswarehouse.ca)
[2026-09-05T02:50:40.072Z] [INFO]   - allSystemsGo: 2 failures (last error: Shopify fetch failed or timed out for https://allsystemsgo.games)
[2026-09-05T02:50:40.072Z] [INFO]   - screenFreeGames: 2 failures (last error: Shopify fetch failed or timed out for https://screenfreegames.com)
[2026-09-05T02:50:40.072Z] [INFO]   - asDesJeux: 2 failures (last error: Shopify fetch failed or timed out for https://www.asdesjeux.com)
[2026-09-05T02:50:40.072Z] [INFO]   - laPioche: 2 failures (last error: Shopify fetch failed or timed out for https://boutiquelapioche.com)
[2026-09-05T02:50:40.072Z] [INFO]   - alwaysGames: 2 failures (last error: Shopify fetch failed or timed out for https://alwaysgames.ca)
[2026-09-05T02:50:40.072Z] [INFO] ============================================================

