[2026-09-06T00:57:35.023Z] [INFO] Starting board game availability check...
[2026-09-06T00:57:35.024Z] [INFO] Loaded 5 skipped seller(s).
[2026-09-06T00:57:35.027Z] [INFO] Found 49 games in Wanted list (13 Want to Buy, 36 Want in Trade only).
[2026-09-06T00:57:35.028Z] [INFO] [1/49] "Adamastor" (Want in Trade only): Checking BGG Market only...
[2026-09-06T00:57:40.127Z] [INFO] [2/49] "The Anarchy" (Want in Trade only): Checking BGG Market only...
[2026-09-06T00:57:45.328Z] [INFO] [3/49] "Archaeology: The New Expedition" (Want in Trade only): Checking BGG Market only...
[2026-09-06T00:57:50.412Z] [INFO] [4/49] "Bag of Butts" (Want in Trade only): Checking BGG Market only...
[2026-09-06T00:57:55.501Z] [INFO] [5/49] "Batman: The Animated Series Dice Game" (Want in Trade only): Checking BGG Market only...
[2026-09-06T00:58:00.594Z] [INFO] [6/49] "Black Sonata" (Want in Trade only): Checking BGG Market only...
[2026-09-06T00:58:05.692Z] [INFO] [7/49] "The Crows of Coppershell Bay" (Want in Trade only): Checking BGG Market only...
[2026-09-06T00:58:10.775Z] [INFO] [8/49] "Dice Cards" (Want in Trade only): Checking BGG Market only...
[2026-09-06T00:58:15.867Z] [INFO] [9/49] "Dicemancy" (Want in Trade only): Checking BGG Market only...
[2026-09-06T00:58:20.950Z] [INFO] [10/49] "The Duke" (Want in Trade only): Checking BGG Market only...
[2026-09-06T00:58:26.040Z] [INFO] [11/49] "Dungeon Mayhem: Monster Madness" (Want in Trade only): Checking BGG Market only...
[2026-09-06T00:58:31.122Z] [INFO] [12/49] "Elevenses for One" (Want in Trade only): Checking BGG Market only...
[2026-09-06T00:58:36.202Z] [INFO] [13/49] "Extreme Race: Card Game" (Want in Trade only): Checking BGG Market only...
[2026-09-06T00:58:41.287Z] [INFO] [14/49] "Fugitive (Second Edition)" (Want in Trade only): Checking BGG Market only...
[2026-09-06T00:58:46.371Z] [INFO] [15/49] "A Gentle Rain" (Want in Trade only): Checking BGG Market only...
[2026-09-06T00:58:51.454Z] [INFO] [16/49] "Hadrian's Wall" (Want in Trade only): Checking BGG Market only...
[2026-09-06T00:58:56.593Z] [INFO] [17/49] "Happy City" (Want in Trade only): Checking BGG Market only...
[2026-09-06T00:59:01.686Z] [INFO] [18/49] "Heureka" (Want in Trade only): Checking BGG Market only...
[2026-09-06T00:59:06.766Z] [INFO] [19/49] "Kryptos" (Want in Trade only): Checking BGG Market only...
[2026-09-06T00:59:11.848Z] [INFO] [20/49] "Maquis" (Want in Trade only): Checking BGG Market only...
[2026-09-06T00:59:16.939Z] [INFO] [21/49] "Mental Blocks" (Want in Trade only): Checking BGG Market only...
[2026-09-06T00:59:22.019Z] [INFO] [22/49] "Numbsters" (Want in Trade only): Checking BGG Market only...
[2026-09-06T00:59:27.121Z] [INFO] [23/49] "Panda Royale" (Want in Trade only): Checking BGG Market only...
[2026-09-06T00:59:32.206Z] [INFO] [24/49] "Paper Dungeons: A Dungeon Scrawler Game" (Want in Trade only): Checking BGG Market only...
[2026-09-06T00:59:37.287Z] [INFO] [25/49] "Parade" (Want in Trade only): Checking BGG Market only...
[2026-09-06T00:59:42.372Z] [INFO] [26/49] "The Path of the Priest" (Want in Trade only): Checking BGG Market only...
[2026-09-06T00:59:47.454Z] [INFO] [27/49] "Plague of Dracula" (Want in Trade only): Checking BGG Market only...
[2026-09-06T00:59:52.535Z] [INFO] [28/49] "Pulp Romance" (Want in Trade only): Checking BGG Market only...
[2026-09-06T00:59:57.619Z] [INFO] [29/49] "Regicide Legacy" (Want in Trade only): Checking BGG Market only...
[2026-09-06T01:00:02.698Z] [INFO] [30/49] "Rome: Fate of an Empire" (Want in Trade only): Checking BGG Market only...
[2026-09-06T01:00:07.779Z] [INFO] [31/49] "The Search for Planet X" (Want in Trade only): Checking BGG Market only...
[2026-09-06T01:00:12.883Z] [INFO] [32/49] "The Siege of Shaddis Horne" (Want in Trade only): Checking BGG Market only...
[2026-09-06T01:00:17.966Z] [INFO] [33/49] "The Thing That Should Not Be" (Want in Trade only): Checking BGG Market only...
[2026-09-06T01:00:23.049Z] [INFO] [34/49] "Triovision" (Want in Trade only): Checking BGG Market only...
[2026-09-06T01:00:28.133Z] [INFO] [35/49] "Tybor the Builder" (Want in Trade only): Checking BGG Market only...
[2026-09-06T01:00:33.217Z] [INFO] [36/49] "Unsurmountable: Expansion Collection" (Want in Trade only): Checking BGG Market only...
[2026-09-06T01:00:38.298Z] [INFO] [37/49] "Back to the Future: Back in Time": Checking all 27 stores (15 Shopify, 12 others)...
[2026-09-06T01:01:04.009Z] [INFO] [38/49] "Blink": Checking all 27 stores (15 Shopify, 12 others)...
[2026-09-06T01:01:18.670Z] [INFO] [39/49] "Coffee Roaster": Checking all 27 stores (15 Shopify, 12 others)...
[2026-09-06T01:01:33.086Z] [INFO] [40/49] "Fliptown": Checking all 27 stores (15 Shopify, 12 others)...
[2026-09-06T01:01:47.754Z] [INFO] [41/49] "Illusion": Checking all 27 stores (15 Shopify, 12 others)...
[2026-09-06T01:02:02.296Z] [INFO] [42/49] "Kronologic: Babylon 2500": Checking all 27 stores (15 Shopify, 12 others)...
[2026-09-06T01:02:16.726Z] [INFO] [43/49] "Kronologic: Cuzco 1450": Checking all 27 stores (15 Shopify, 12 others)...
[2026-09-06T01:02:30.682Z] [INFO] [44/49] "Kronologic: Paris 1920": Checking all 27 stores (15 Shopify, 12 others)...
[2026-09-06T01:02:45.033Z] [INFO] [45/49] "Legacy of Yu": Checking all 27 stores (15 Shopify, 12 others)...
[2026-09-06T01:02:59.722Z] [INFO] [46/49] "Marvel Mayhem": Checking all 27 stores (15 Shopify, 12 others)...
[2026-09-06T01:03:13.944Z] [INFO] [47/49] "Onirim (Second Edition)": Checking all 27 stores (15 Shopify, 12 others)...
[2026-09-06T01:03:28.149Z] [INFO] [48/49] "Tiwanaku": Checking all 27 stores (15 Shopify, 12 others)...
[2026-09-06T01:03:42.313Z] [INFO] [49/49] "Witchcraft!": Checking all 27 stores (15 Shopify, 12 others)...
[2026-09-06T01:03:57.104Z] [INFO] Availability check finished. Saved results to availability.json
[2026-09-06T01:03:57.104Z] [INFO] 
============================================================
[2026-09-06T01:03:57.104Z] [INFO] RUN SUMMARY: WANTTOBUY
[2026-09-06T01:03:57.104Z] [INFO] ------------------------------------------------------------
[2026-09-06T01:03:57.104Z] [INFO] Log File:              runlogs/2026-09-06_00-57-35Z_wanttobuy.log
[2026-09-06T01:03:57.104Z] [INFO] Timestamp (UTC):       2026-09-06T01:03:57.104Z
[2026-09-06T01:03:57.104Z] [INFO] Duration:              6m 22s
[2026-09-06T01:03:57.104Z] [INFO] Games Evaluated:       49
[2026-09-06T01:03:57.104Z] [INFO] Store Checks Made:     387
[2026-09-06T01:03:57.104Z] [INFO] Store Checks Skipped:  0 (6-hour cache)
[2026-09-06T01:03:57.104Z] [INFO] Total 429 Events:      0
[2026-09-06T01:03:57.104Z] [INFO] ============================================================

