[2026-09-06T18:30:15.524Z] [INFO] Starting like to have games availability check...
[2026-09-06T18:30:15.524Z] [INFO] Loaded 5 skipped seller(s).
[2026-09-06T18:30:15.525Z] [INFO] Loaded 1 skipped store match rule(s).
[2026-09-06T18:30:15.528Z] [INFO] Found 9 games in Like to Have list.
[2026-09-06T18:30:15.530Z] [INFO] [1/9] "Fantastic Factories": Checking all 27 stores (15 Shopify, 12 others)...
[2026-09-06T18:30:31.909Z] [INFO] [2/9] "Fantastic Factories: Manufactions": Checking all 27 stores (15 Shopify, 12 others)...
[2026-09-06T18:30:47.505Z] [INFO] [3/9] "Fantastic Factories: Subterfuge": Checking all 27 stores (15 Shopify, 12 others)...
[2026-09-06T18:31:03.996Z] [INFO] [4/9] "The Glasgow Train Robbery": Checking all 27 stores (15 Shopify, 12 others)...
[2026-09-06T18:31:20.388Z] [INFO] [5/9] "Joan of Arc: Orléans Draw & Write": Checking all 27 stores (15 Shopify, 12 others)...
[2026-09-06T18:31:35.588Z] [INFO] [6/9] "Orapa Mine": Checking all 27 stores (15 Shopify, 12 others)...
[2026-09-06T18:31:50.817Z] [INFO] [7/9] "Orapa Space": Checking all 27 stores (15 Shopify, 12 others)...
[2026-09-06T18:32:05.912Z] [INFO] [8/9] "Queen of Spies": Checking all 27 stores (15 Shopify, 12 others)...
[2026-09-06T18:32:21.111Z] [INFO] [9/9] "The Secrets of Warden Keene": Checking all 27 stores (15 Shopify, 12 others)...
[2026-09-06T18:32:37.140Z] [INFO] Availability check finished. Saved results to availability-liketohave.json
[2026-09-06T18:32:37.140Z] [INFO] 
============================================================
[2026-09-06T18:32:37.140Z] [INFO] RUN SUMMARY: LIKETOHAVE
[2026-09-06T18:32:37.140Z] [INFO] ------------------------------------------------------------
[2026-09-06T18:32:37.140Z] [INFO] Log File:              runlogs/2026-09-06_18-30-15Z_liketohave.log
[2026-09-06T18:32:37.140Z] [INFO] Timestamp (UTC):       2026-09-06T18:32:37.140Z
[2026-09-06T18:32:37.140Z] [INFO] Duration:              2m 22s
[2026-09-06T18:32:37.140Z] [INFO] Games Evaluated:       9
[2026-09-06T18:32:37.140Z] [INFO] Store Checks Made:     243
[2026-09-06T18:32:37.140Z] [INFO] Store Checks Skipped:  0 (6-hour cache)
[2026-09-06T18:32:37.140Z] [INFO] Total 429 Events:      0
[2026-09-06T18:32:37.140Z] [INFO] ============================================================

