[2026-09-05T02:50:55.125Z] [INFO] Starting board game availability check...
[2026-09-05T02:50:55.126Z] [INFO] Loaded 5 skipped seller(s).
[2026-09-05T02:50:55.130Z] [INFO] Found 49 games in Wanted list (13 Want to Buy, 36 Want in Trade only).
[2026-09-05T02:50:55.131Z] [INFO] [1/49] "Adamastor" (Want in Trade only): Checking BGG Market only...
[2026-09-05T02:50:55.131Z] [INFO] [2/49] "The Anarchy" (Want in Trade only): Checking BGG Market only...
[2026-09-05T02:50:55.131Z] [INFO] [3/49] "Archaeology: The New Expedition" (Want in Trade only): Checking BGG Market only...
[2026-09-05T02:50:55.131Z] [INFO] [4/49] "Bag of Butts" (Want in Trade only): Checking BGG Market only...
[2026-09-05T02:50:55.131Z] [INFO] [5/49] "Batman: The Animated Series Dice Game" (Want in Trade only): Checking BGG Market only...
[2026-09-05T02:50:55.133Z] [INFO] [6/49] "Black Sonata" (Want in Trade only): Checking BGG Market only...
[2026-09-05T02:50:55.133Z] [INFO] [7/49] "The Crows of Coppershell Bay" (Want in Trade only): Checking BGG Market only...
[2026-09-05T02:50:55.133Z] [INFO] [8/49] "Dice Cards" (Want in Trade only): Checking BGG Market only...
[2026-09-05T02:50:55.133Z] [INFO] [9/49] "Dicemancy" (Want in Trade only): Checking BGG Market only...
[2026-09-05T02:50:55.133Z] [INFO] [10/49] "The Duke" (Want in Trade only): Checking BGG Market only...
[2026-09-05T02:50:55.134Z] [INFO] [11/49] "Dungeon Mayhem: Monster Madness" (Want in Trade only): Checking BGG Market only...
[2026-09-05T02:50:55.134Z] [INFO] [12/49] "Elevenses for One" (Want in Trade only): Checking BGG Market only...
[2026-09-05T02:50:55.134Z] [INFO] [13/49] "Extreme Race: Card Game" (Want in Trade only): Checking BGG Market only...
[2026-09-05T02:50:55.134Z] [INFO] [14/49] "Fugitive (Second Edition)" (Want in Trade only): Checking BGG Market only...
[2026-09-05T02:50:55.134Z] [INFO] [15/49] "A Gentle Rain" (Want in Trade only): Checking BGG Market only...
[2026-09-05T02:50:55.134Z] [INFO] [16/49] "Hadrian's Wall" (Want in Trade only): Checking BGG Market only...
[2026-09-05T02:50:55.134Z] [INFO] [17/49] "Happy City" (Want in Trade only): Checking BGG Market only...
[2026-09-05T02:50:55.134Z] [INFO] [18/49] "Heureka" (Want in Trade only): Checking BGG Market only...
[2026-09-05T02:50:55.134Z] [INFO] [19/49] "Kryptos" (Want in Trade only): Checking BGG Market only...
[2026-09-05T02:50:55.134Z] [INFO] [20/49] "Maquis" (Want in Trade only): Checking BGG Market only...
[2026-09-05T02:50:55.135Z] [INFO] [21/49] "Mental Blocks" (Want in Trade only): Checking BGG Market only...
[2026-09-05T02:50:55.135Z] [INFO] [22/49] "Numbsters" (Want in Trade only): Checking BGG Market only...
[2026-09-05T02:50:55.135Z] [INFO] [23/49] "Panda Royale" (Want in Trade only): Checking BGG Market only...
[2026-09-05T02:50:55.135Z] [INFO] [24/49] "Paper Dungeons: A Dungeon Scrawler Game" (Want in Trade only): Checking BGG Market only...
[2026-09-05T02:50:55.135Z] [INFO] [25/49] "Parade" (Want in Trade only): Checking BGG Market only...
[2026-09-05T02:50:55.136Z] [INFO] [26/49] "The Path of the Priest" (Want in Trade only): Checking BGG Market only...
[2026-09-05T02:50:55.136Z] [INFO] [27/49] "Plague of Dracula" (Want in Trade only): Checking BGG Market only...
[2026-09-05T02:50:55.136Z] [INFO] [28/49] "Pulp Romance" (Want in Trade only): Checking BGG Market only...
[2026-09-05T02:50:55.136Z] [INFO] [29/49] "Regicide Legacy" (Want in Trade only): Checking BGG Market only...
[2026-09-05T02:50:55.136Z] [INFO] [30/49] "Rome: Fate of an Empire" (Want in Trade only): Checking BGG Market only...
[2026-09-05T02:50:55.137Z] [INFO] [31/49] "The Search for Planet X" (Want in Trade only): Checking BGG Market only...
[2026-09-05T02:50:55.137Z] [INFO] [32/49] "The Siege of Shaddis Horne" (Want in Trade only): Checking BGG Market only...
[2026-09-05T02:50:55.137Z] [INFO] [33/49] "The Thing That Should Not Be" (Want in Trade only): Checking BGG Market only...
[2026-09-05T02:50:55.137Z] [INFO] [34/49] "Triovision" (Want in Trade only): Checking BGG Market only...
[2026-09-05T02:50:55.137Z] [INFO] [35/49] "Tybor the Builder" (Want in Trade only): Checking BGG Market only...
[2026-09-05T02:50:55.137Z] [INFO] [36/49] "Unsurmountable: Expansion Collection" (Want in Trade only): Checking BGG Market only...
[2026-09-05T02:50:55.137Z] [INFO] [37/49] "Back to the Future: Back in Time": skipped 27 stores checked within 6 hours. Checking remaining 0 stores...
[2026-09-05T02:50:55.138Z] [INFO] [38/49] "Blink": skipped 27 stores checked within 6 hours. Checking remaining 0 stores...
[2026-09-05T02:50:55.138Z] [INFO] [39/49] "Coffee Roaster": skipped 27 stores checked within 6 hours. Checking remaining 0 stores...
[2026-09-05T02:50:55.138Z] [INFO] [40/49] "Fliptown": skipped 27 stores checked within 6 hours. Checking remaining 0 stores...
[2026-09-05T02:50:55.139Z] [INFO] [41/49] "Illusion": skipped 27 stores checked within 6 hours. Checking remaining 0 stores...
[2026-09-05T02:50:55.139Z] [INFO] [42/49] "Kronologic: Babylon 2500": skipped 27 stores checked within 6 hours. Checking remaining 0 stores...
[2026-09-05T02:50:55.139Z] [INFO] [43/49] "Kronologic: Cuzco 1450": skipped 27 stores checked within 6 hours. Checking remaining 0 stores...
[2026-09-05T02:50:55.139Z] [INFO] [44/49] "Kronologic: Paris 1920": skipped 27 stores checked within 6 hours. Checking remaining 0 stores...
[2026-09-05T02:50:55.139Z] [INFO] [45/49] "Legacy of Yu": skipped 27 stores checked within 6 hours. Checking remaining 0 stores...
[2026-09-05T02:50:55.140Z] [INFO] [46/49] "Marvel Mayhem": skipped 27 stores checked within 6 hours. Checking remaining 0 stores...
[2026-09-05T02:50:55.140Z] [INFO] [47/49] "Onirim (Second Edition)": skipped 27 stores checked within 6 hours. Checking remaining 0 stores...
[2026-09-05T02:50:55.141Z] [INFO] [48/49] "Tiwanaku": skipped 13 stores checked within 6 hours. Checking remaining 14 stores...
[2026-09-05T02:51:02.548Z] [INFO] [49/49] "Witchcraft!": skipped 13 stores checked within 6 hours. Checking remaining 14 stores...
[2026-09-05T02:51:02.578Z] [WARN] [429 RATE LIMIT] Rate limited on www.boardgamebliss.com (retry 1/3). Backing off for 20s... [server=cloudflare, retry-after=none, cf-ray=a361ee0d0f5a5050-SEA]
[2026-09-05T02:51:02.699Z] [INFO] [Shopify Cooldown] Pausing 19.9s to respect rate limits...
[2026-09-05T02:51:02.848Z] [INFO] [Shopify Cooldown] Pausing 19.7s to respect rate limits...
[2026-09-05T02:51:02.998Z] [INFO] [Shopify Cooldown] Pausing 19.6s to respect rate limits...
[2026-09-05T02:51:03.149Z] [INFO] [Shopify Cooldown] Pausing 19.4s to respect rate limits...
[2026-09-05T02:51:03.299Z] [INFO] [Shopify Cooldown] Pausing 19.3s to respect rate limits...
[2026-09-05T02:51:03.448Z] [INFO] [Shopify Cooldown] Pausing 19.1s to respect rate limits...
[2026-09-05T02:51:03.599Z] [INFO] [Shopify Cooldown] Pausing 19.0s to respect rate limits...
[2026-09-05T02:51:03.749Z] [INFO] [Shopify Cooldown] Pausing 18.8s to respect rate limits...
[2026-09-05T02:51:03.898Z] [INFO] [Shopify Cooldown] Pausing 18.7s to respect rate limits...
[2026-09-05T02:51:04.049Z] [INFO] [Shopify Cooldown] Pausing 18.5s to respect rate limits...
[2026-09-05T02:51:04.198Z] [INFO] [Shopify Cooldown] Pausing 18.4s to respect rate limits...
[2026-09-05T02:51:04.349Z] [INFO] [Shopify Cooldown] Pausing 18.2s to respect rate limits...
[2026-09-05T02:51:04.499Z] [INFO] [Shopify Cooldown] Pausing 18.1s to respect rate limits...
[2026-09-05T02:51:22.616Z] [WARN] [429 RATE LIMIT] Rate limited on www.boardgamebliss.com (retry 2/3). Backing off for 40s... [server=cloudflare, retry-after=none, cf-ray=a361ee8a4d6252ab-SEA]
[2026-09-05T02:51:22.619Z] [WARN] [429 RATE LIMIT] Rate limited on www.tabletopcafe.ca (retry 1/3). Backing off for 20s... [server=cloudflare, retry-after=none, cf-ray=a361ee8a4f0cfc2f-SEA]
[2026-09-05T02:51:22.620Z] [WARN] [429 RATE LIMIT] Rate limited on www.woodforsheep.ca (retry 1/3). Backing off for 20s... [server=cloudflare, retry-after=none, cf-ray=a361ee8a4f2ead2d-SEA]
[2026-09-05T02:51:22.620Z] [WARN] [429 RATE LIMIT] Rate limited on boutiquelapioche.com (retry 1/3). Backing off for 20s... [server=cloudflare, retry-after=none, cf-ray=a361ee8a4ef3b3e2-SEA]
[2026-09-05T02:51:22.621Z] [WARN] [429 RATE LIMIT] Rate limited on www.asdesjeux.com (retry 1/3). Backing off for 20s... [server=cloudflare, retry-after=none, cf-ray=a361ee8a4ef9d311-SEA]
[2026-09-05T02:51:22.624Z] [WARN] [429 RATE LIMIT] Rate limited on screenfreegames.com (retry 1/3). Backing off for 20s... [server=cloudflare, retry-after=none, cf-ray=a361ee8a5f757596-SEA]
[2026-09-05T02:51:22.625Z] [WARN] [429 RATE LIMIT] Rate limited on www.dicehollow.com (retry 1/3). Backing off for 20s... [server=cloudflare, retry-after=none, cf-ray=a361ee8a4eb4ebcb-SEA]
[2026-09-05T02:51:22.627Z] [WARN] [429 RATE LIMIT] Rate limited on store.401games.ca (retry 1/3). Backing off for 20s... [server=cloudflare, retry-after=none, cf-ray=a361ee8a4a8f75a8-SEA]
[2026-09-05T02:51:22.629Z] [WARN] [429 RATE LIMIT] Rate limited on www.lvlupgames.ca (retry 1/3). Backing off for 20s... [server=cloudflare, retry-after=none, cf-ray=a361ee8a59bbdf10-SEA]
[2026-09-05T02:51:22.632Z] [WARN] [429 RATE LIMIT] Rate limited on allsystemsgo.games (retry 1/3). Backing off for 20s... [server=cloudflare, retry-after=none, cf-ray=a361ee8a49b56816-SEA]
[2026-09-05T02:51:22.730Z] [WARN] [429 RATE LIMIT] Rate limited on legendswarehouse.ca (retry 1/3). Backing off for 20s... [server=cloudflare, retry-after=none, cf-ray=a361ee8afb9aebaf-SEA]
[2026-09-05T02:51:22.739Z] [WARN] [429 RATE LIMIT] Rate limited on alwaysgames.ca (retry 1/3). Backing off for 20s... [server=cloudflare, retry-after=none, cf-ray=a361ee8b0bda681a-SEA]
[2026-09-05T02:51:22.740Z] [WARN] [429 RATE LIMIT] Rate limited on zatu.com (retry 1/3). Backing off for 20s... [server=cloudflare, retry-after=none, cf-ray=a361ee8b0a6db3ca-SEA]
[2026-09-05T02:51:42.622Z] [INFO] [Shopify Cooldown] Pausing 0.1s to respect rate limits...
[2026-09-05T02:51:42.622Z] [INFO] [Shopify Cooldown] Pausing 0.1s to respect rate limits...
[2026-09-05T02:51:42.622Z] [INFO] [Shopify Cooldown] Pausing 0.1s to respect rate limits...
[2026-09-05T02:51:42.622Z] [INFO] [Shopify Cooldown] Pausing 0.1s to respect rate limits...
[2026-09-05T02:51:42.625Z] [INFO] [Shopify Cooldown] Pausing 0.1s to respect rate limits...
[2026-09-05T02:51:42.625Z] [INFO] [Shopify Cooldown] Pausing 0.1s to respect rate limits...
[2026-09-05T02:51:42.627Z] [INFO] [Shopify Cooldown] Pausing 0.1s to respect rate limits...
[2026-09-05T02:51:42.629Z] [INFO] [Shopify Cooldown] Pausing 0.1s to respect rate limits...
[2026-09-05T02:51:42.633Z] [INFO] [Shopify Cooldown] Pausing 0.1s to respect rate limits...
[2026-09-05T02:51:42.731Z] [INFO] [Shopify Cooldown] Pausing 0.0s to respect rate limits...
[2026-09-05T02:51:42.739Z] [INFO] [Shopify Cooldown] Pausing 0.0s to respect rate limits...
[2026-09-05T02:51:42.739Z] [INFO] [Shopify Cooldown] Pausing 0.0s to respect rate limits...
[2026-09-05T02:52:07.932Z] [INFO] Availability check finished. Saved results to availability.json
[2026-09-05T02:52:07.932Z] [INFO] 
============================================================
[2026-09-05T02:52:07.932Z] [INFO] RUN SUMMARY: WANTTOBUY
[2026-09-05T02:52:07.932Z] [INFO] ------------------------------------------------------------
[2026-09-05T02:52:07.932Z] [INFO] Log File:              runlogs/2026-09-05_02-50-55Z_wanttobuy.log
[2026-09-05T02:52:07.932Z] [INFO] Timestamp (UTC):       2026-09-05T02:52:07.932Z
[2026-09-05T02:52:07.932Z] [INFO] Duration:              1m 13s
[2026-09-05T02:52:07.932Z] [INFO] Games Evaluated:       49
[2026-09-05T02:52:07.933Z] [INFO] Store Checks Made:     28
[2026-09-05T02:52:07.933Z] [INFO] Store Checks Skipped:  359 (6-hour cache)
[2026-09-05T02:52:07.933Z] [INFO] Total 429 Events:      14
[2026-09-05T02:52:07.933Z] [INFO] 
429 Rate Limits by Host:
[2026-09-05T02:52:07.933Z] [INFO]   - www.boardgamebliss.com: 2 hits (total backoff: 60s, last headers: {"retryAfter":null,"cfRay":"a361ee8a4d6252ab-SEA","reqId":null,"server":"cloudflare","shopApiLimit":null})
[2026-09-05T02:52:07.933Z] [INFO]   - www.tabletopcafe.ca: 1 hits (total backoff: 20s, last headers: {"retryAfter":null,"cfRay":"a361ee8a4f0cfc2f-SEA","reqId":null,"server":"cloudflare","shopApiLimit":null})
[2026-09-05T02:52:07.933Z] [INFO]   - www.woodforsheep.ca: 1 hits (total backoff: 20s, last headers: {"retryAfter":null,"cfRay":"a361ee8a4f2ead2d-SEA","reqId":null,"server":"cloudflare","shopApiLimit":null})
[2026-09-05T02:52:07.933Z] [INFO]   - boutiquelapioche.com: 1 hits (total backoff: 20s, last headers: {"retryAfter":null,"cfRay":"a361ee8a4ef3b3e2-SEA","reqId":null,"server":"cloudflare","shopApiLimit":null})
[2026-09-05T02:52:07.933Z] [INFO]   - www.asdesjeux.com: 1 hits (total backoff: 20s, last headers: {"retryAfter":null,"cfRay":"a361ee8a4ef9d311-SEA","reqId":null,"server":"cloudflare","shopApiLimit":null})
[2026-09-05T02:52:07.933Z] [INFO]   - screenfreegames.com: 1 hits (total backoff: 20s, last headers: {"retryAfter":null,"cfRay":"a361ee8a5f757596-SEA","reqId":null,"server":"cloudflare","shopApiLimit":null})
[2026-09-05T02:52:07.933Z] [INFO]   - www.dicehollow.com: 1 hits (total backoff: 20s, last headers: {"retryAfter":null,"cfRay":"a361ee8a4eb4ebcb-SEA","reqId":null,"server":"cloudflare","shopApiLimit":null})
[2026-09-05T02:52:07.933Z] [INFO]   - store.401games.ca: 1 hits (total backoff: 20s, last headers: {"retryAfter":null,"cfRay":"a361ee8a4a8f75a8-SEA","reqId":null,"server":"cloudflare","shopApiLimit":null})
[2026-09-05T02:52:07.933Z] [INFO]   - www.lvlupgames.ca: 1 hits (total backoff: 20s, last headers: {"retryAfter":null,"cfRay":"a361ee8a59bbdf10-SEA","reqId":null,"server":"cloudflare","shopApiLimit":null})
[2026-09-05T02:52:07.933Z] [INFO]   - allsystemsgo.games: 1 hits (total backoff: 20s, last headers: {"retryAfter":null,"cfRay":"a361ee8a49b56816-SEA","reqId":null,"server":"cloudflare","shopApiLimit":null})
[2026-09-05T02:52:07.933Z] [INFO]   - legendswarehouse.ca: 1 hits (total backoff: 20s, last headers: {"retryAfter":null,"cfRay":"a361ee8afb9aebaf-SEA","reqId":null,"server":"cloudflare","shopApiLimit":null})
[2026-09-05T02:52:07.933Z] [INFO]   - alwaysgames.ca: 1 hits (total backoff: 20s, last headers: {"retryAfter":null,"cfRay":"a361ee8b0bda681a-SEA","reqId":null,"server":"cloudflare","shopApiLimit":null})
[2026-09-05T02:52:07.933Z] [INFO]   - zatu.com: 1 hits (total backoff: 20s, last headers: {"retryAfter":null,"cfRay":"a361ee8b0a6db3ca-SEA","reqId":null,"server":"cloudflare","shopApiLimit":null})
[2026-09-05T02:52:07.933Z] [INFO] ============================================================

