[2026-09-05T11:27:49.534Z] [INFO] Starting like to have games availability check...
[2026-09-05T11:27:49.535Z] [INFO] Loaded 5 skipped seller(s).
[2026-09-05T11:27:49.539Z] [INFO] Found 9 games in Like to Have list.
[2026-09-05T11:27:49.539Z] [INFO] [1/9] "Fantastic Factories": Checking all 27 stores (15 Shopify, 12 others)...
[2026-09-05T11:28:03.330Z] [INFO] [2/9] "Fantastic Factories: Manufactions": Checking all 27 stores (15 Shopify, 12 others)...
[2026-09-05T11:28:16.509Z] [INFO] [3/9] "Fantastic Factories: Subterfuge": Checking all 27 stores (15 Shopify, 12 others)...
[2026-09-05T11:28:30.029Z] [INFO] [4/9] "The Glasgow Train Robbery": Checking all 27 stores (15 Shopify, 12 others)...
[2026-09-05T11:28:43.950Z] [INFO] [5/9] "Joan of Arc: Orléans Draw & Write": Checking all 27 stores (15 Shopify, 12 others)...
[2026-09-05T11:28:57.319Z] [INFO] [6/9] "Orapa Mine": Checking all 27 stores (15 Shopify, 12 others)...
[2026-09-05T11:29:10.457Z] [INFO] [7/9] "Orapa Space": Checking all 27 stores (15 Shopify, 12 others)...
[2026-09-05T11:29:23.211Z] [INFO] [8/9] "Queen of Spies": Checking all 27 stores (15 Shopify, 12 others)...
[2026-09-05T11:29:36.642Z] [INFO] [9/9] "The Secrets of Warden Keene": Checking all 27 stores (15 Shopify, 12 others)...
[2026-09-05T11:29:50.927Z] [INFO] Availability check finished. Saved results to availability-liketohave.json
[2026-09-05T11:29:50.927Z] [INFO] 
============================================================
[2026-09-05T11:29:50.927Z] [INFO] RUN SUMMARY: LIKETOHAVE
[2026-09-05T11:29:50.927Z] [INFO] ------------------------------------------------------------
[2026-09-05T11:29:50.927Z] [INFO] Log File:              runlogs/2026-09-05_11-27-49Z_liketohave.log
[2026-09-05T11:29:50.927Z] [INFO] Timestamp (UTC):       2026-09-05T11:29:50.927Z
[2026-09-05T11:29:50.927Z] [INFO] Duration:              2m 1s
[2026-09-05T11:29:50.927Z] [INFO] Games Evaluated:       9
[2026-09-05T11:29:50.927Z] [INFO] Store Checks Made:     243
[2026-09-05T11:29:50.927Z] [INFO] Store Checks Skipped:  0 (6-hour cache)
[2026-09-05T11:29:50.927Z] [INFO] Total 429 Events:      0
[2026-09-05T11:29:50.927Z] [INFO] ============================================================

