[2026-09-05T18:31:12.710Z] [INFO] Starting like to have games availability check...
[2026-09-05T18:31:12.711Z] [INFO] Loaded 5 skipped seller(s).
[2026-09-05T18:31:12.715Z] [INFO] Found 9 games in Like to Have list.
[2026-09-05T18:31:12.715Z] [INFO] [1/9] "Fantastic Factories": Checking all 27 stores (15 Shopify, 12 others)...
[2026-09-05T18:31:26.369Z] [INFO] [2/9] "Fantastic Factories: Manufactions": Checking all 27 stores (15 Shopify, 12 others)...
[2026-09-05T18:31:39.753Z] [INFO] [3/9] "Fantastic Factories: Subterfuge": Checking all 27 stores (15 Shopify, 12 others)...
[2026-09-05T18:31:53.369Z] [INFO] [4/9] "The Glasgow Train Robbery": Checking all 27 stores (15 Shopify, 12 others)...
[2026-09-05T18:32:07.676Z] [INFO] [5/9] "Joan of Arc: Orléans Draw & Write": Checking all 27 stores (15 Shopify, 12 others)...
[2026-09-05T18:32:21.182Z] [INFO] [6/9] "Orapa Mine": Checking all 27 stores (15 Shopify, 12 others)...
[2026-09-05T18:32:34.626Z] [INFO] [7/9] "Orapa Space": Checking all 27 stores (15 Shopify, 12 others)...
[2026-09-05T18:32:48.628Z] [INFO] [8/9] "Queen of Spies": Checking all 27 stores (15 Shopify, 12 others)...
[2026-09-05T18:33:02.346Z] [INFO] [9/9] "The Secrets of Warden Keene": Checking all 27 stores (15 Shopify, 12 others)...
[2026-09-05T18:33:16.897Z] [INFO] Availability check finished. Saved results to availability-liketohave.json
[2026-09-05T18:33:16.898Z] [INFO] 
============================================================
[2026-09-05T18:33:16.898Z] [INFO] RUN SUMMARY: LIKETOHAVE
[2026-09-05T18:33:16.898Z] [INFO] ------------------------------------------------------------
[2026-09-05T18:33:16.898Z] [INFO] Log File:              runlogs/2026-09-05_18-31-12Z_liketohave.log
[2026-09-05T18:33:16.898Z] [INFO] Timestamp (UTC):       2026-09-05T18:33:16.898Z
[2026-09-05T18:33:16.898Z] [INFO] Duration:              2m 4s
[2026-09-05T18:33:16.898Z] [INFO] Games Evaluated:       9
[2026-09-05T18:33:16.898Z] [INFO] Store Checks Made:     243
[2026-09-05T18:33:16.898Z] [INFO] Store Checks Skipped:  0 (6-hour cache)
[2026-09-05T18:33:16.898Z] [INFO] Total 429 Events:      0
[2026-09-05T18:33:16.898Z] [INFO] ============================================================

