[2026-09-03T21:01:53.632Z] [INFO] Starting like to have games availability check...
[2026-09-03T21:01:53.636Z] [INFO] Loaded 5 skipped seller(s).
[2026-09-03T21:01:53.638Z] [INFO] Found 9 games in Like to Have list.
[2026-09-03T21:01:53.639Z] [INFO] [1/9] "Fantastic Factories": skipped 29 stores checked within 6 hours. Checking remaining 2 stores...
[2026-09-03T21:01:59.240Z] [INFO] [2/9] "Fantastic Factories: Manufactions": skipped 29 stores checked within 6 hours. Checking remaining 2 stores...
[2026-09-03T21:02:04.757Z] [INFO] [3/9] "Fantastic Factories: Subterfuge": skipped 29 stores checked within 6 hours. Checking remaining 2 stores...
[2026-09-03T21:02:10.452Z] [INFO] [4/9] "Joan of Arc: Orléans Draw & Write": skipped 29 stores checked within 6 hours. Checking remaining 2 stores...
[2026-09-03T21:02:16.743Z] [INFO] [5/9] "Orapa Mine": skipped 29 stores checked within 6 hours. Checking remaining 2 stores...
[2026-09-03T21:02:22.267Z] [INFO] [6/9] "Orapa Space": skipped 29 stores checked within 6 hours. Checking remaining 2 stores...
[2026-09-03T21:02:28.048Z] [INFO] [7/9] "Queen of Spies": skipped 29 stores checked within 6 hours. Checking remaining 2 stores...
[2026-09-03T21:02:33.564Z] [INFO] [8/9] "The Secrets of Warden Keene": skipped 29 stores checked within 6 hours. Checking remaining 2 stores...
[2026-09-03T21:02:39.004Z] [INFO] [9/9] "Siege of Valeria": skipped 29 stores checked within 6 hours. Checking remaining 2 stores...
[2026-09-03T21:02:44.447Z] [INFO] Availability check finished. Saved results to availability-liketohave.json
[2026-09-03T21:02:44.448Z] [INFO] 
============================================================
[2026-09-03T21:02:44.448Z] [INFO] RUN SUMMARY: LIKETOHAVE
[2026-09-03T21:02:44.448Z] [INFO] ------------------------------------------------------------
[2026-09-03T21:02:44.448Z] [INFO] Log File:              runlogs/2026-09-03_21-01-53Z_liketohave.log
[2026-09-03T21:02:44.448Z] [INFO] Timestamp (UTC):       2026-09-03T21:02:44.448Z
[2026-09-03T21:02:44.448Z] [INFO] Duration:              0m 51s
[2026-09-03T21:02:44.448Z] [INFO] Games Evaluated:       9
[2026-09-03T21:02:44.448Z] [INFO] Store Checks Made:     18
[2026-09-03T21:02:44.448Z] [INFO] Store Checks Skipped:  261 (6-hour cache)
[2026-09-03T21:02:44.448Z] [INFO] Total 429 Events:      0
[2026-09-03T21:02:44.448Z] [INFO] ============================================================

