[2026-09-03T20:59:41.297Z] [INFO] Starting board game availability check...
[2026-09-03T20:59:41.303Z] [INFO] Loaded 5 skipped seller(s).
[2026-09-03T20:59:41.307Z] [INFO] Found 49 games in Wanted list (15 Want to Buy, 34 Want in Trade only).
[2026-09-03T20:59:41.307Z] [INFO] [1/49] "Adamastor" (Want in Trade only): Checking BGG Market only...
[2026-09-03T20:59:41.307Z] [INFO] [2/49] "Archaeology: The New Expedition" (Want in Trade only): Checking BGG Market only...
[2026-09-03T20:59:41.307Z] [INFO] [3/49] "Bag of Butts" (Want in Trade only): Checking BGG Market only...
[2026-09-03T20:59:41.308Z] [INFO] [4/49] "Batman: The Animated Series Dice Game" (Want in Trade only): Checking BGG Market only...
[2026-09-03T20:59:41.308Z] [INFO] [5/49] "Black Sonata" (Want in Trade only): Checking BGG Market only...
[2026-09-03T20:59:41.310Z] [INFO] [6/49] "The Crows of Coppershell Bay" (Want in Trade only): Checking BGG Market only...
[2026-09-03T20:59:41.310Z] [INFO] [7/49] "Dice Cards" (Want in Trade only): Checking BGG Market only...
[2026-09-03T20:59:41.310Z] [INFO] [8/49] "Dicemancy" (Want in Trade only): Checking BGG Market only...
[2026-09-03T20:59:41.310Z] [INFO] [9/49] "The Duke" (Want in Trade only): Checking BGG Market only...
[2026-09-03T20:59:41.310Z] [INFO] [10/49] "Dungeon Mayhem: Monster Madness" (Want in Trade only): Checking BGG Market only...
[2026-09-03T20:59:41.311Z] [INFO] [11/49] "Elevenses for One" (Want in Trade only): Checking BGG Market only...
[2026-09-03T20:59:41.311Z] [INFO] [12/49] "Extreme Race: Card Game" (Want in Trade only): Checking BGG Market only...
[2026-09-03T20:59:41.311Z] [INFO] [13/49] "Fugitive (Second Edition)" (Want in Trade only): Checking BGG Market only...
[2026-09-03T20:59:41.311Z] [INFO] [14/49] "A Gentle Rain" (Want in Trade only): Checking BGG Market only...
[2026-09-03T20:59:41.311Z] [INFO] [15/49] "Hadrian's Wall" (Want in Trade only): Checking BGG Market only...
[2026-09-03T20:59:41.317Z] [INFO] [16/49] "Happy City" (Want in Trade only): Checking BGG Market only...
[2026-09-03T20:59:41.317Z] [INFO] [17/49] "Heureka" (Want in Trade only): Checking BGG Market only...
[2026-09-03T20:59:41.317Z] [INFO] [18/49] "Kryptos" (Want in Trade only): Checking BGG Market only...
[2026-09-03T20:59:41.317Z] [INFO] [19/49] "Maquis" (Want in Trade only): Checking BGG Market only...
[2026-09-03T20:59:41.317Z] [INFO] [20/49] "Mental Blocks" (Want in Trade only): Checking BGG Market only...
[2026-09-03T20:59:41.319Z] [INFO] [21/49] "Numbsters" (Want in Trade only): Checking BGG Market only...
[2026-09-03T20:59:41.319Z] [INFO] [22/49] "Panda Royale" (Want in Trade only): Checking BGG Market only...
[2026-09-03T20:59:41.319Z] [INFO] [23/49] "Paper Dungeons: A Dungeon Scrawler Game" (Want in Trade only): Checking BGG Market only...
[2026-09-03T20:59:41.319Z] [INFO] [24/49] "Parade" (Want in Trade only): Checking BGG Market only...
[2026-09-03T20:59:41.319Z] [INFO] [25/49] "The Path of the Priest" (Want in Trade only): Checking BGG Market only...
[2026-09-03T20:59:41.321Z] [INFO] [26/49] "Plague of Dracula" (Want in Trade only): Checking BGG Market only...
[2026-09-03T20:59:41.321Z] [INFO] [27/49] "Pulp Romance" (Want in Trade only): Checking BGG Market only...
[2026-09-03T20:59:41.321Z] [INFO] [28/49] "Regicide Legacy" (Want in Trade only): Checking BGG Market only...
[2026-09-03T20:59:41.321Z] [INFO] [29/49] "Rome: Fate of an Empire" (Want in Trade only): Checking BGG Market only...
[2026-09-03T20:59:41.321Z] [INFO] [30/49] "The Siege of Shaddis Horne" (Want in Trade only): Checking BGG Market only...
[2026-09-03T20:59:41.322Z] [INFO] [31/49] "The Thing That Should Not Be" (Want in Trade only): Checking BGG Market only...
[2026-09-03T20:59:41.322Z] [INFO] [32/49] "Triovision" (Want in Trade only): Checking BGG Market only...
[2026-09-03T20:59:41.322Z] [INFO] [33/49] "Tybor the Builder" (Want in Trade only): Checking BGG Market only...
[2026-09-03T20:59:41.322Z] [INFO] [34/49] "Unsurmountable: Expansion Collection" (Want in Trade only): Checking BGG Market only...
[2026-09-03T20:59:41.323Z] [INFO] [35/49] "The Anarchy": skipped 29 stores checked within 6 hours. Checking remaining 2 stores...
[2026-09-03T20:59:46.758Z] [INFO] [36/49] "Back to the Future: Back in Time": skipped 29 stores checked within 6 hours. Checking remaining 2 stores...
[2026-09-03T20:59:52.939Z] [INFO] [37/49] "Blink": skipped 29 stores checked within 6 hours. Checking remaining 2 stores...
[2026-09-03T20:59:58.464Z] [INFO] [38/49] "Coffee Roaster": skipped 29 stores checked within 6 hours. Checking remaining 2 stores...
[2026-09-03T21:00:03.884Z] [INFO] [39/49] "Fliptown": skipped 29 stores checked within 6 hours. Checking remaining 2 stores...
[2026-09-03T21:00:09.292Z] [INFO] [40/49] "Illusion": skipped 28 stores checked within 6 hours. Checking remaining 3 stores...
[2026-09-03T21:00:14.878Z] [INFO] [41/49] "Kronologic: Babylon 2500": skipped 29 stores checked within 6 hours. Checking remaining 2 stores...
[2026-09-03T21:00:20.232Z] [INFO] [42/49] "Kronologic: Cuzco 1450": skipped 29 stores checked within 6 hours. Checking remaining 2 stores...
[2026-09-03T21:00:25.623Z] [INFO] [43/49] "Kronologic: Paris 1920": skipped 29 stores checked within 6 hours. Checking remaining 2 stores...
[2026-09-03T21:00:30.995Z] [INFO] [44/49] "Legacy of Yu": skipped 29 stores checked within 6 hours. Checking remaining 2 stores...
[2026-09-03T21:00:36.423Z] [INFO] [45/49] "Marvel Mayhem": skipped 28 stores checked within 6 hours. Checking remaining 3 stores...
[2026-09-03T21:00:41.974Z] [INFO] [46/49] "Onirim (Second Edition)": skipped 28 stores checked within 6 hours. Checking remaining 3 stores...
[2026-09-03T21:00:48.957Z] [INFO] [47/49] "Spots": skipped 29 stores checked within 6 hours. Checking remaining 2 stores...
[2026-09-03T21:00:54.431Z] [INFO] [48/49] "Tiwanaku": skipped 29 stores checked within 6 hours. Checking remaining 2 stores...
[2026-09-03T21:00:59.853Z] [INFO] [49/49] "Witchcraft!": skipped 29 stores checked within 6 hours. Checking remaining 2 stores...
[2026-09-03T21:01:05.685Z] [INFO] Availability check finished. Saved results to availability.json
[2026-09-03T21:01:05.685Z] [INFO] 
============================================================
[2026-09-03T21:01:05.685Z] [INFO] RUN SUMMARY: WANTTOBUY
[2026-09-03T21:01:05.685Z] [INFO] ------------------------------------------------------------
[2026-09-03T21:01:05.685Z] [INFO] Log File:              runlogs/2026-09-03_20-59-41Z_wanttobuy.log
[2026-09-03T21:01:05.685Z] [INFO] Timestamp (UTC):       2026-09-03T21:01:05.685Z
[2026-09-03T21:01:05.685Z] [INFO] Duration:              1m 24s
[2026-09-03T21:01:05.685Z] [INFO] Games Evaluated:       49
[2026-09-03T21:01:05.685Z] [INFO] Store Checks Made:     33
[2026-09-03T21:01:05.685Z] [INFO] Store Checks Skipped:  466 (6-hour cache)
[2026-09-03T21:01:05.685Z] [INFO] Total 429 Events:      0
[2026-09-03T21:01:05.685Z] [INFO] 
Store Fetch Failures:
[2026-09-03T21:01:05.685Z] [INFO]   - boardgamesCa: 1 failures (last error: Cannot read properties of undefined (reading 'toLowerCase'))
[2026-09-03T21:01:05.685Z] [INFO] ============================================================

