[2026-09-05T11:20:04.336Z] [INFO] Starting board game availability check...
[2026-09-05T11:20:04.337Z] [INFO] Loaded 5 skipped seller(s).
[2026-09-05T11:20:04.341Z] [INFO] Found 49 games in Wanted list (13 Want to Buy, 36 Want in Trade only).
[2026-09-05T11:20:04.341Z] [INFO] [1/49] "Adamastor" (Want in Trade only): Checking BGG Market only...
[2026-09-05T11:20:09.416Z] [INFO] [2/49] "The Anarchy" (Want in Trade only): Checking BGG Market only...
[2026-09-05T11:20:14.470Z] [INFO] [3/49] "Archaeology: The New Expedition" (Want in Trade only): Checking BGG Market only...
[2026-09-05T11:20:19.587Z] [INFO] [4/49] "Bag of Butts" (Want in Trade only): Checking BGG Market only...
[2026-09-05T11:20:24.643Z] [INFO] [5/49] "Batman: The Animated Series Dice Game" (Want in Trade only): Checking BGG Market only...
[2026-09-05T11:20:29.700Z] [INFO] [6/49] "Black Sonata" (Want in Trade only): Checking BGG Market only...
[2026-09-05T11:20:34.761Z] [INFO] [7/49] "The Crows of Coppershell Bay" (Want in Trade only): Checking BGG Market only...
[2026-09-05T11:20:39.815Z] [INFO] [8/49] "Dice Cards" (Want in Trade only): Checking BGG Market only...
[2026-09-05T11:20:44.873Z] [INFO] [9/49] "Dicemancy" (Want in Trade only): Checking BGG Market only...
[2026-09-05T11:20:49.928Z] [INFO] [10/49] "The Duke" (Want in Trade only): Checking BGG Market only...
[2026-09-05T11:20:54.983Z] [INFO] [11/49] "Dungeon Mayhem: Monster Madness" (Want in Trade only): Checking BGG Market only...
[2026-09-05T11:21:00.041Z] [INFO] [12/49] "Elevenses for One" (Want in Trade only): Checking BGG Market only...
[2026-09-05T11:21:05.093Z] [INFO] [13/49] "Extreme Race: Card Game" (Want in Trade only): Checking BGG Market only...
[2026-09-05T11:21:10.146Z] [INFO] [14/49] "Fugitive (Second Edition)" (Want in Trade only): Checking BGG Market only...
[2026-09-05T11:21:15.200Z] [INFO] [15/49] "A Gentle Rain" (Want in Trade only): Checking BGG Market only...
[2026-09-05T11:21:20.252Z] [INFO] [16/49] "Hadrian's Wall" (Want in Trade only): Checking BGG Market only...
[2026-09-05T11:21:25.311Z] [INFO] [17/49] "Happy City" (Want in Trade only): Checking BGG Market only...
[2026-09-05T11:21:30.364Z] [INFO] [18/49] "Heureka" (Want in Trade only): Checking BGG Market only...
[2026-09-05T11:21:35.417Z] [INFO] [19/49] "Kryptos" (Want in Trade only): Checking BGG Market only...
[2026-09-05T11:21:40.472Z] [INFO] [20/49] "Maquis" (Want in Trade only): Checking BGG Market only...
[2026-09-05T11:21:45.531Z] [INFO] [21/49] "Mental Blocks" (Want in Trade only): Checking BGG Market only...
[2026-09-05T11:21:50.583Z] [INFO] [22/49] "Numbsters" (Want in Trade only): Checking BGG Market only...
[2026-09-05T11:21:55.640Z] [INFO] [23/49] "Panda Royale" (Want in Trade only): Checking BGG Market only...
[2026-09-05T11:22:00.694Z] [INFO] [24/49] "Paper Dungeons: A Dungeon Scrawler Game" (Want in Trade only): Checking BGG Market only...
[2026-09-05T11:22:05.753Z] [INFO] [25/49] "Parade" (Want in Trade only): Checking BGG Market only...
[2026-09-05T11:22:10.808Z] [INFO] [26/49] "The Path of the Priest" (Want in Trade only): Checking BGG Market only...
[2026-09-05T11:22:15.862Z] [INFO] [27/49] "Plague of Dracula" (Want in Trade only): Checking BGG Market only...
[2026-09-05T11:22:20.915Z] [INFO] [28/49] "Pulp Romance" (Want in Trade only): Checking BGG Market only...
[2026-09-05T11:22:25.967Z] [INFO] [29/49] "Regicide Legacy" (Want in Trade only): Checking BGG Market only...
[2026-09-05T11:22:31.024Z] [INFO] [30/49] "Rome: Fate of an Empire" (Want in Trade only): Checking BGG Market only...
[2026-09-05T11:22:36.075Z] [INFO] [31/49] "The Search for Planet X" (Want in Trade only): Checking BGG Market only...
[2026-09-05T11:22:41.139Z] [INFO] [32/49] "The Siege of Shaddis Horne" (Want in Trade only): Checking BGG Market only...
[2026-09-05T11:22:46.193Z] [INFO] [33/49] "The Thing That Should Not Be" (Want in Trade only): Checking BGG Market only...
[2026-09-05T11:22:51.248Z] [INFO] [34/49] "Triovision" (Want in Trade only): Checking BGG Market only...
[2026-09-05T11:22:56.302Z] [INFO] [35/49] "Tybor the Builder" (Want in Trade only): Checking BGG Market only...
[2026-09-05T11:23:01.358Z] [INFO] [36/49] "Unsurmountable: Expansion Collection" (Want in Trade only): Checking BGG Market only...
[2026-09-05T11:23:06.409Z] [INFO] [37/49] "Back to the Future: Back in Time": Checking all 27 stores (15 Shopify, 12 others)...
[2026-09-05T11:23:30.790Z] [INFO] [38/49] "Blink": Checking all 27 stores (15 Shopify, 12 others)...
[2026-09-05T11:23:44.634Z] [INFO] [39/49] "Coffee Roaster": Checking all 27 stores (15 Shopify, 12 others)...
[2026-09-05T11:23:58.420Z] [INFO] [40/49] "Fliptown": Checking all 27 stores (15 Shopify, 12 others)...
[2026-09-05T11:24:12.611Z] [INFO] [41/49] "Illusion": Checking all 27 stores (15 Shopify, 12 others)...
[2026-09-05T11:24:26.721Z] [INFO] [42/49] "Kronologic: Babylon 2500": Checking all 27 stores (15 Shopify, 12 others)...
[2026-09-05T11:24:40.799Z] [INFO] [43/49] "Kronologic: Cuzco 1450": Checking all 27 stores (15 Shopify, 12 others)...
[2026-09-05T11:24:54.397Z] [INFO] [44/49] "Kronologic: Paris 1920": Checking all 27 stores (15 Shopify, 12 others)...
[2026-09-05T11:25:07.637Z] [INFO] [45/49] "Legacy of Yu": Checking all 27 stores (15 Shopify, 12 others)...
[2026-09-05T11:25:21.613Z] [INFO] [46/49] "Marvel Mayhem": Checking all 27 stores (15 Shopify, 12 others)...
[2026-09-05T11:25:35.243Z] [INFO] [47/49] "Onirim (Second Edition)": Checking all 27 stores (15 Shopify, 12 others)...
[2026-09-05T11:25:48.554Z] [INFO] [48/49] "Tiwanaku": Checking all 27 stores (15 Shopify, 12 others)...
[2026-09-05T11:26:01.730Z] [INFO] [49/49] "Witchcraft!": Checking all 27 stores (15 Shopify, 12 others)...
[2026-09-05T11:26:15.974Z] [INFO] Availability check finished. Saved results to availability.json
[2026-09-05T11:26:15.974Z] [INFO] 
============================================================
[2026-09-05T11:26:15.974Z] [INFO] RUN SUMMARY: WANTTOBUY
[2026-09-05T11:26:15.974Z] [INFO] ------------------------------------------------------------
[2026-09-05T11:26:15.974Z] [INFO] Log File:              runlogs/2026-09-05_11-20-04Z_wanttobuy.log
[2026-09-05T11:26:15.974Z] [INFO] Timestamp (UTC):       2026-09-05T11:26:15.974Z
[2026-09-05T11:26:15.974Z] [INFO] Duration:              6m 12s
[2026-09-05T11:26:15.974Z] [INFO] Games Evaluated:       49
[2026-09-05T11:26:15.974Z] [INFO] Store Checks Made:     387
[2026-09-05T11:26:15.974Z] [INFO] Store Checks Skipped:  0 (6-hour cache)
[2026-09-05T11:26:15.974Z] [INFO] Total 429 Events:      0
[2026-09-05T11:26:15.974Z] [INFO] ============================================================

