[2026-09-04T02:16:02.069Z] [INFO] Starting like to have games availability check...
[2026-09-04T02:16:02.070Z] [INFO] Loaded 5 skipped seller(s).
[2026-09-04T02:16:02.072Z] [INFO] Found 9 games in Like to Have list.
[2026-09-04T02:16:02.085Z] [INFO] [1/9] "Fantastic Factories": skipped 25 stores checked within 6 hours. Checking remaining 1 stores...
[2026-09-04T02:16:07.118Z] [INFO] [2/9] "Fantastic Factories: Manufactions": skipped 25 stores checked within 6 hours. Checking remaining 1 stores...
[2026-09-04T02:16:12.145Z] [INFO] [3/9] "Fantastic Factories: Subterfuge": skipped 25 stores checked within 6 hours. Checking remaining 1 stores...
[2026-09-04T02:16:17.184Z] [INFO] [4/9] "Joan of Arc: Orléans Draw & Write": skipped 25 stores checked within 6 hours. Checking remaining 1 stores...
[2026-09-04T02:16:22.217Z] [INFO] [5/9] "Orapa Mine": skipped 25 stores checked within 6 hours. Checking remaining 1 stores...
[2026-09-04T02:16:27.242Z] [INFO] [6/9] "Orapa Space": skipped 25 stores checked within 6 hours. Checking remaining 1 stores...
[2026-09-04T02:16:32.278Z] [INFO] [7/9] "Queen of Spies": skipped 25 stores checked within 6 hours. Checking remaining 1 stores...
[2026-09-04T02:16:37.306Z] [INFO] [8/9] "The Secrets of Warden Keene": skipped 25 stores checked within 6 hours. Checking remaining 1 stores...
[2026-09-04T02:16:42.337Z] [INFO] [9/9] "Siege of Valeria": skipped 25 stores checked within 6 hours. Checking remaining 1 stores...
[2026-09-04T02:16:47.367Z] [INFO] Availability check finished. Saved results to availability-liketohave.json
[2026-09-04T02:16:47.367Z] [INFO] 
============================================================
[2026-09-04T02:16:47.367Z] [INFO] RUN SUMMARY: LIKETOHAVE
[2026-09-04T02:16:47.367Z] [INFO] ------------------------------------------------------------
[2026-09-04T02:16:47.367Z] [INFO] Log File:              runlogs/2026-09-04_02-16-02Z_liketohave.log
[2026-09-04T02:16:47.367Z] [INFO] Timestamp (UTC):       2026-09-04T02:16:47.367Z
[2026-09-04T02:16:47.368Z] [INFO] Duration:              0m 45s
[2026-09-04T02:16:47.368Z] [INFO] Games Evaluated:       9
[2026-09-04T02:16:47.368Z] [INFO] Store Checks Made:     9
[2026-09-04T02:16:47.368Z] [INFO] Store Checks Skipped:  225 (6-hour cache)
[2026-09-04T02:16:47.368Z] [INFO] Total 429 Events:      0
[2026-09-04T02:16:47.368Z] [INFO] ============================================================

