[2026-09-04T02:14:46.058Z] [INFO] Starting board game availability check...
[2026-09-04T02:14:46.062Z] [INFO] Loaded 5 skipped seller(s).
[2026-09-04T02:14:46.065Z] [INFO] Found 49 games in Wanted list (15 Want to Buy, 34 Want in Trade only).
[2026-09-04T02:14:46.065Z] [INFO] [1/49] "Adamastor" (Want in Trade only): Checking BGG Market only...
[2026-09-04T02:14:46.066Z] [INFO] [2/49] "Archaeology: The New Expedition" (Want in Trade only): Checking BGG Market only...
[2026-09-04T02:14:46.066Z] [INFO] [3/49] "Bag of Butts" (Want in Trade only): Checking BGG Market only...
[2026-09-04T02:14:46.066Z] [INFO] [4/49] "Batman: The Animated Series Dice Game" (Want in Trade only): Checking BGG Market only...
[2026-09-04T02:14:46.066Z] [INFO] [5/49] "Black Sonata" (Want in Trade only): Checking BGG Market only...
[2026-09-04T02:14:46.067Z] [INFO] [6/49] "The Crows of Coppershell Bay" (Want in Trade only): Checking BGG Market only...
[2026-09-04T02:14:46.068Z] [INFO] [7/49] "Dice Cards" (Want in Trade only): Checking BGG Market only...
[2026-09-04T02:14:46.068Z] [INFO] [8/49] "Dicemancy" (Want in Trade only): Checking BGG Market only...
[2026-09-04T02:14:46.068Z] [INFO] [9/49] "The Duke" (Want in Trade only): Checking BGG Market only...
[2026-09-04T02:14:46.068Z] [INFO] [10/49] "Dungeon Mayhem: Monster Madness" (Want in Trade only): Checking BGG Market only...
[2026-09-04T02:14:46.069Z] [INFO] [11/49] "Elevenses for One" (Want in Trade only): Checking BGG Market only...
[2026-09-04T02:14:46.069Z] [INFO] [12/49] "Extreme Race: Card Game" (Want in Trade only): Checking BGG Market only...
[2026-09-04T02:14:46.069Z] [INFO] [13/49] "Fugitive (Second Edition)" (Want in Trade only): Checking BGG Market only...
[2026-09-04T02:14:46.069Z] [INFO] [14/49] "A Gentle Rain" (Want in Trade only): Checking BGG Market only...
[2026-09-04T02:14:46.069Z] [INFO] [15/49] "Hadrian's Wall" (Want in Trade only): Checking BGG Market only...
[2026-09-04T02:14:46.071Z] [INFO] [16/49] "Happy City" (Want in Trade only): Checking BGG Market only...
[2026-09-04T02:14:46.072Z] [INFO] [17/49] "Heureka" (Want in Trade only): Checking BGG Market only...
[2026-09-04T02:14:46.072Z] [INFO] [18/49] "Kryptos" (Want in Trade only): Checking BGG Market only...
[2026-09-04T02:14:46.072Z] [INFO] [19/49] "Maquis" (Want in Trade only): Checking BGG Market only...
[2026-09-04T02:14:46.072Z] [INFO] [20/49] "Mental Blocks" (Want in Trade only): Checking BGG Market only...
[2026-09-04T02:14:46.074Z] [INFO] [21/49] "Numbsters" (Want in Trade only): Checking BGG Market only...
[2026-09-04T02:14:46.074Z] [INFO] [22/49] "Panda Royale" (Want in Trade only): Checking BGG Market only...
[2026-09-04T02:14:46.074Z] [INFO] [23/49] "Paper Dungeons: A Dungeon Scrawler Game" (Want in Trade only): Checking BGG Market only...
[2026-09-04T02:14:46.074Z] [INFO] [24/49] "Parade" (Want in Trade only): Checking BGG Market only...
[2026-09-04T02:14:46.074Z] [INFO] [25/49] "The Path of the Priest" (Want in Trade only): Checking BGG Market only...
[2026-09-04T02:14:46.076Z] [INFO] [26/49] "Plague of Dracula" (Want in Trade only): Checking BGG Market only...
[2026-09-04T02:14:46.076Z] [INFO] [27/49] "Pulp Romance" (Want in Trade only): Checking BGG Market only...
[2026-09-04T02:14:46.076Z] [INFO] [28/49] "Regicide Legacy" (Want in Trade only): Checking BGG Market only...
[2026-09-04T02:14:46.076Z] [INFO] [29/49] "Rome: Fate of an Empire" (Want in Trade only): Checking BGG Market only...
[2026-09-04T02:14:46.076Z] [INFO] [30/49] "The Siege of Shaddis Horne" (Want in Trade only): Checking BGG Market only...
[2026-09-04T02:14:46.078Z] [INFO] [31/49] "The Thing That Should Not Be" (Want in Trade only): Checking BGG Market only...
[2026-09-04T02:14:46.078Z] [INFO] [32/49] "Triovision" (Want in Trade only): Checking BGG Market only...
[2026-09-04T02:14:46.078Z] [INFO] [33/49] "Tybor the Builder" (Want in Trade only): Checking BGG Market only...
[2026-09-04T02:14:46.078Z] [INFO] [34/49] "Unsurmountable: Expansion Collection" (Want in Trade only): Checking BGG Market only...
[2026-09-04T02:14:46.089Z] [INFO] [35/49] "The Anarchy": skipped 25 stores checked within 6 hours. Checking remaining 1 stores...
[2026-09-04T02:14:51.136Z] [INFO] [36/49] "Back to the Future: Back in Time": skipped 25 stores checked within 6 hours. Checking remaining 1 stores...
[2026-09-04T02:14:56.622Z] [INFO] [37/49] "Blink": skipped 25 stores checked within 6 hours. Checking remaining 1 stores...
[2026-09-04T02:15:01.649Z] [INFO] [38/49] "Coffee Roaster": skipped 25 stores checked within 6 hours. Checking remaining 1 stores...
[2026-09-04T02:15:06.690Z] [INFO] [39/49] "Fliptown": skipped 25 stores checked within 6 hours. Checking remaining 1 stores...
[2026-09-04T02:15:11.714Z] [INFO] [40/49] "Illusion": skipped 25 stores checked within 6 hours. Checking remaining 1 stores...
[2026-09-04T02:15:16.737Z] [INFO] [41/49] "Kronologic: Babylon 2500": skipped 25 stores checked within 6 hours. Checking remaining 1 stores...
[2026-09-04T02:15:21.770Z] [INFO] [42/49] "Kronologic: Cuzco 1450": skipped 25 stores checked within 6 hours. Checking remaining 1 stores...
[2026-09-04T02:15:26.800Z] [INFO] [43/49] "Kronologic: Paris 1920": skipped 25 stores checked within 6 hours. Checking remaining 1 stores...
[2026-09-04T02:15:31.829Z] [INFO] [44/49] "Legacy of Yu": skipped 25 stores checked within 6 hours. Checking remaining 1 stores...
[2026-09-04T02:15:36.863Z] [INFO] [45/49] "Marvel Mayhem": skipped 25 stores checked within 6 hours. Checking remaining 1 stores...
[2026-09-04T02:15:41.898Z] [INFO] [46/49] "Onirim (Second Edition)": skipped 25 stores checked within 6 hours. Checking remaining 1 stores...
[2026-09-04T02:15:46.919Z] [INFO] [47/49] "Spots": skipped 25 stores checked within 6 hours. Checking remaining 1 stores...
[2026-09-04T02:15:51.952Z] [INFO] [48/49] "Tiwanaku": skipped 25 stores checked within 6 hours. Checking remaining 1 stores...
[2026-09-04T02:15:56.978Z] [INFO] [49/49] "Witchcraft!": skipped 25 stores checked within 6 hours. Checking remaining 1 stores...
[2026-09-04T02:16:02.011Z] [INFO] Availability check finished. Saved results to availability.json
[2026-09-04T02:16:02.012Z] [INFO] 
============================================================
[2026-09-04T02:16:02.012Z] [INFO] RUN SUMMARY: WANTTOBUY
[2026-09-04T02:16:02.012Z] [INFO] ------------------------------------------------------------
[2026-09-04T02:16:02.012Z] [INFO] Log File:              runlogs/2026-09-04_02-14-46Z_wanttobuy.log
[2026-09-04T02:16:02.012Z] [INFO] Timestamp (UTC):       2026-09-04T02:16:02.012Z
[2026-09-04T02:16:02.012Z] [INFO] Duration:              1m 16s
[2026-09-04T02:16:02.012Z] [INFO] Games Evaluated:       49
[2026-09-04T02:16:02.012Z] [INFO] Store Checks Made:     15
[2026-09-04T02:16:02.012Z] [INFO] Store Checks Skipped:  409 (6-hour cache)
[2026-09-04T02:16:02.012Z] [INFO] Total 429 Events:      0
[2026-09-04T02:16:02.012Z] [INFO] ============================================================

