[2026-09-05T02:52:41.539Z] [INFO] Starting like to have games availability check...
[2026-09-05T02:52:41.539Z] [INFO] Loaded 5 skipped seller(s).
[2026-09-05T02:52:41.543Z] [INFO] Found 9 games in Like to Have list.
[2026-09-05T02:52:41.709Z] [INFO] [1/9] "Fantastic Factories": skipped 2 stores checked within 6 hours. Checking remaining 25 stores...
[2026-09-05T02:52:52.647Z] [INFO] [2/9] "Fantastic Factories: Manufactions": skipped 2 stores checked within 6 hours. Checking remaining 25 stores...
[2026-09-05T02:53:01.793Z] [INFO] [3/9] "Fantastic Factories: Subterfuge": skipped 2 stores checked within 6 hours. Checking remaining 25 stores...
[2026-09-05T02:53:10.950Z] [INFO] [4/9] "The Glasgow Train Robbery": skipped 2 stores checked within 6 hours. Checking remaining 25 stores...
[2026-09-05T02:53:12.927Z] [WARN] [429 RATE LIMIT] Rate limited on zatu.com (retry 1/3). Backing off for 20s... [server=cloudflare, retry-after=none, cf-ray=a361f13bb90dad8d-SEA]
[2026-09-05T02:53:32.973Z] [WARN] [429 RATE LIMIT] Rate limited on zatu.com (retry 2/3). Backing off for 40s... [server=cloudflare, retry-after=none, cf-ray=a361f1b8fbb0af49-SEA]
[2026-09-05T02:54:13.028Z] [WARN] [429 RATE LIMIT] Rate limited on zatu.com (retry 3/3). Backing off for 80s... [server=cloudflare, retry-after=none, cf-ray=a361f2b34948b3ca-SEA]
[2026-09-05T02:55:33.152Z] [WARN] [WARNING] fetchJson failed for https://zatu.com/search/suggest.json?q=The%20Glasgow%20Train%20Robbery&resources[type]=product&country=GB with status: 429
[2026-09-05T02:55:38.316Z] [INFO] [5/9] "Joan of Arc: Orléans Draw & Write": skipped 2 stores checked within 6 hours. Checking remaining 25 stores...
[2026-09-05T02:55:38.362Z] [WARN] [429 RATE LIMIT] Rate limited on www.boardgamebliss.com (retry 1/3). Backing off for 20s... [server=cloudflare, retry-after=none, cf-ray=a361f4c898f7868f-SEA]
[2026-09-05T02:55:38.459Z] [INFO] [Shopify Cooldown] Pausing 19.9s to respect rate limits...
[2026-09-05T02:55:38.608Z] [INFO] [Shopify Cooldown] Pausing 19.8s to respect rate limits...
[2026-09-05T02:55:38.627Z] [WARN] [429 RATE LIMIT] Rate limited on store.401games.ca (retry 1/3). Backing off for 20s... [server=cloudflare, retry-after=none, cf-ray=a361f4ca4b945d03-SEA]
[2026-09-05T02:55:38.758Z] [INFO] [Shopify Cooldown] Pausing 19.9s to respect rate limits...
[2026-09-05T02:55:39.060Z] [INFO] [Shopify Cooldown] Pausing 19.6s to respect rate limits...
[2026-09-05T02:55:39.210Z] [INFO] [Shopify Cooldown] Pausing 19.4s to respect rate limits...
[2026-09-05T02:55:39.360Z] [INFO] [Shopify Cooldown] Pausing 19.3s to respect rate limits...
[2026-09-05T02:55:39.515Z] [INFO] [Shopify Cooldown] Pausing 19.1s to respect rate limits...
[2026-09-05T02:55:39.665Z] [INFO] [Shopify Cooldown] Pausing 19.0s to respect rate limits...
[2026-09-05T02:55:39.818Z] [INFO] [Shopify Cooldown] Pausing 18.8s to respect rate limits...
[2026-09-05T02:55:39.966Z] [INFO] [Shopify Cooldown] Pausing 18.7s to respect rate limits...
[2026-09-05T02:55:40.115Z] [INFO] [Shopify Cooldown] Pausing 18.5s to respect rate limits...
[2026-09-05T02:55:40.264Z] [INFO] [Shopify Cooldown] Pausing 18.4s to respect rate limits...
[2026-09-05T02:55:58.376Z] [INFO] [Shopify Cooldown] Pausing 0.3s to respect rate limits...
[2026-09-05T02:55:58.407Z] [WARN] [429 RATE LIMIT] Rate limited on www.lvlupgames.ca (retry 1/3). Backing off for 20s... [server=cloudflare, retry-after=none, cf-ray=a361f545fc0252ab-SEA]
[2026-09-05T02:55:58.416Z] [WARN] [429 RATE LIMIT] Rate limited on www.asdesjeux.com (retry 1/3). Backing off for 20s... [server=cloudflare, retry-after=none, cf-ray=a361f545f942df10-SEA]
[2026-09-05T02:55:58.631Z] [INFO] [Shopify Cooldown] Pausing 19.8s to respect rate limits...
[2026-09-05T02:55:58.667Z] [WARN] [429 RATE LIMIT] Rate limited on www.woodforsheep.ca (retry 1/3). Backing off for 20s... [server=cloudflare, retry-after=none, cf-ray=a361f547980ab9f8-SEA]
[2026-09-05T02:55:58.670Z] [WARN] [429 RATE LIMIT] Rate limited on www.dicehollow.com (retry 1/3). Backing off for 20s... [server=cloudflare, retry-after=none, cf-ray=a361f5479ed575a8-SEA]
[2026-09-05T02:55:58.674Z] [WARN] [429 RATE LIMIT] Rate limited on www.tabletopcafe.ca (retry 1/3). Backing off for 20s... [server=cloudflare, retry-after=none, cf-ray=a361f54799f7d311-SEA]
[2026-09-05T02:55:58.676Z] [WARN] [429 RATE LIMIT] Rate limited on allsystemsgo.games (retry 1/3). Backing off for 20s... [server=cloudflare, retry-after=none, cf-ray=a361f5479be06816-SEA]
[2026-09-05T02:55:58.733Z] [WARN] [429 RATE LIMIT] Rate limited on boutiquelapioche.com (retry 1/3). Backing off for 20s... [server=cloudflare, retry-after=none, cf-ray=a361f5480c12b3e2-SEA]
[2026-09-05T02:55:58.752Z] [WARN] [429 RATE LIMIT] Rate limited on www.boardgamebliss.com (retry 2/3). Backing off for 40s... [server=cloudflare, retry-after=none, cf-ray=a361f548285fad2d-SEA]
[2026-09-05T02:55:58.757Z] [WARN] [429 RATE LIMIT] Rate limited on screenfreegames.com (retry 1/3). Backing off for 20s... [server=cloudflare, retry-after=none, cf-ray=a361f5482ca37596-SEA]
[2026-09-05T02:55:58.761Z] [WARN] [429 RATE LIMIT] Rate limited on boardgamebandit.ca (retry 1/3). Backing off for 20s... [server=cloudflare, retry-after=none, cf-ray=a361f5482aada348-SEA]
[2026-09-05T02:55:58.769Z] [WARN] [429 RATE LIMIT] Rate limited on legendswarehouse.ca (retry 1/3). Backing off for 20s... [server=cloudflare, retry-after=none, cf-ray=a361f5482e83ebaf-SEA]
[2026-09-05T02:55:58.819Z] [WARN] [429 RATE LIMIT] Rate limited on alwaysgames.ca (retry 1/3). Backing off for 20s... [server=cloudflare, retry-after=none, cf-ray=a361f5487bef681a-SEA]
[2026-09-05T02:55:58.828Z] [WARN] [429 RATE LIMIT] Rate limited on zatu.com (retry 1/3). Backing off for 20s... [server=cloudflare, retry-after=none, cf-ray=a361f5489de5af49-SEA]
[2026-09-05T02:56:18.414Z] [INFO] [Shopify Cooldown] Pausing 0.4s to respect rate limits...
[2026-09-05T02:56:18.416Z] [INFO] [Shopify Cooldown] Pausing 0.4s to respect rate limits...
[2026-09-05T02:56:18.444Z] [WARN] [429 RATE LIMIT] Rate limited on store.401games.ca (retry 2/3). Backing off for 40s... [server=cloudflare, retry-after=none, cf-ray=a361f5c33cc052ab-SEA]
[2026-09-05T02:56:18.668Z] [INFO] [Shopify Cooldown] Pausing 39.8s to respect rate limits...
[2026-09-05T02:56:18.670Z] [INFO] [Shopify Cooldown] Pausing 39.8s to respect rate limits...
[2026-09-05T02:56:18.673Z] [INFO] [Shopify Cooldown] Pausing 39.8s to respect rate limits...
[2026-09-05T02:56:18.676Z] [INFO] [Shopify Cooldown] Pausing 39.8s to respect rate limits...
[2026-09-05T02:56:18.732Z] [INFO] [Shopify Cooldown] Pausing 39.7s to respect rate limits...
[2026-09-05T02:56:18.757Z] [INFO] [Shopify Cooldown] Pausing 39.7s to respect rate limits...
[2026-09-05T02:56:18.761Z] [INFO] [Shopify Cooldown] Pausing 39.7s to respect rate limits...
[2026-09-05T02:56:18.768Z] [INFO] [Shopify Cooldown] Pausing 39.7s to respect rate limits...
[2026-09-05T02:56:18.820Z] [INFO] [Shopify Cooldown] Pausing 39.6s to respect rate limits...
[2026-09-05T02:56:18.829Z] [INFO] [Shopify Cooldown] Pausing 39.6s to respect rate limits...
[2026-09-05T02:56:18.863Z] [WARN] [429 RATE LIMIT] Rate limited on www.asdesjeux.com (retry 2/3). Backing off for 40s... [server=cloudflare, retry-after=none, cf-ray=a361f5c5c86cb9f8-SEA]
[2026-09-05T02:56:18.864Z] [WARN] [429 RATE LIMIT] Rate limited on www.lvlupgames.ca (retry 2/3). Backing off for 40s... [server=cloudflare, retry-after=none, cf-ray=a361f5c5dd6cd311-SEA]
[2026-09-05T02:56:38.761Z] [INFO] [Shopify Cooldown] Pausing 20.1s to respect rate limits...
[2026-09-05T02:56:58.457Z] [INFO] [Shopify Cooldown] Pausing 0.4s to respect rate limits...
[2026-09-05T02:56:58.487Z] [WARN] [429 RATE LIMIT] Rate limited on www.woodforsheep.ca (retry 2/3). Backing off for 40s... [server=cloudflare, retry-after=none, cf-ray=a361f6bd786d52ab-SEA]
[2026-09-05T02:56:58.542Z] [WARN] [429 RATE LIMIT] Rate limited on www.tabletopcafe.ca (retry 2/3). Backing off for 40s... [server=cloudflare, retry-after=none, cf-ray=a361f6bdc9cbd311-SEA]
[2026-09-05T02:56:58.543Z] [WARN] [429 RATE LIMIT] Rate limited on www.dicehollow.com (retry 2/3). Backing off for 40s... [server=cloudflare, retry-after=none, cf-ray=a361f6bdc9cdb9f8-SEA]
[2026-09-05T02:56:58.546Z] [WARN] [429 RATE LIMIT] Rate limited on screenfreegames.com (retry 2/3). Backing off for 40s... [server=cloudflare, retry-after=none, cf-ray=a361f6bdcae17596-SEA]
[2026-09-05T02:56:58.547Z] [WARN] [429 RATE LIMIT] Rate limited on zatu.com (retry 2/3). Backing off for 40s... [server=cloudflare, retry-after=none, cf-ray=a361f6bddad2b3ca-SEA]
[2026-09-05T02:56:58.585Z] [WARN] [429 RATE LIMIT] Rate limited on boutiquelapioche.com (retry 2/3). Backing off for 40s... [server=cloudflare, retry-after=none, cf-ray=a361f6be09fe7664-SEA]
[2026-09-05T02:56:58.588Z] [WARN] [429 RATE LIMIT] Rate limited on boardgamebandit.ca (retry 2/3). Backing off for 40s... [server=cloudflare, retry-after=none, cf-ray=a361f6be18fca348-SEA]
[2026-09-05T02:56:58.593Z] [WARN] [429 RATE LIMIT] Rate limited on alwaysgames.ca (retry 2/3). Backing off for 40s... [server=cloudflare, retry-after=none, cf-ray=a361f6be1e9debaf-SEA]
[2026-09-05T02:56:58.708Z] [WARN] [429 RATE LIMIT] Rate limited on legendswarehouse.ca (retry 2/3). Backing off for 40s... [server=cloudflare, retry-after=none, cf-ray=a361f6bec807681a-SEA]
[2026-09-05T02:56:58.864Z] [INFO] [Shopify Cooldown] Pausing 39.8s to respect rate limits...
[2026-09-05T02:56:58.864Z] [INFO] [Shopify Cooldown] Pausing 39.8s to respect rate limits...
[2026-09-05T02:56:58.900Z] [WARN] [429 RATE LIMIT] Rate limited on store.401games.ca (retry 3/3). Backing off for 80s... [server=cloudflare, retry-after=none, cf-ray=a361f6c00e1975a8-SEA]
[2026-09-05T02:56:58.901Z] [WARN] [429 RATE LIMIT] Rate limited on www.boardgamebliss.com (retry 3/3). Backing off for 80s... [server=cloudflare, retry-after=none, cf-ray=a361f6c00f6adf10-SEA]
[2026-09-05T02:56:58.926Z] [WARN] [429 RATE LIMIT] Rate limited on allsystemsgo.games (retry 2/3). Backing off for 40s... [server=cloudflare, retry-after=none, cf-ray=a361f6bdea63762a-SEA]
[2026-09-05T02:57:38.515Z] [INFO] [Shopify Cooldown] Pausing 0.4s to respect rate limits...
[2026-09-05T02:57:38.542Z] [INFO] [Shopify Cooldown] Pausing 0.4s to respect rate limits...
[2026-09-05T02:57:38.542Z] [INFO] [Shopify Cooldown] Pausing 0.4s to respect rate limits...
[2026-09-05T02:57:38.545Z] [INFO] [Shopify Cooldown] Pausing 0.4s to respect rate limits...
[2026-09-05T02:57:38.547Z] [INFO] [Shopify Cooldown] Pausing 0.4s to respect rate limits...
[2026-09-05T02:57:38.586Z] [INFO] [Shopify Cooldown] Pausing 0.3s to respect rate limits...
[2026-09-05T02:57:38.587Z] [INFO] [Shopify Cooldown] Pausing 0.3s to respect rate limits...
[2026-09-05T02:57:38.593Z] [INFO] [Shopify Cooldown] Pausing 0.3s to respect rate limits...
[2026-09-05T02:57:38.709Z] [INFO] [Shopify Cooldown] Pausing 0.2s to respect rate limits...
[2026-09-05T02:57:38.735Z] [WARN] [429 RATE LIMIT] Rate limited on www.asdesjeux.com (retry 3/3). Backing off for 80s... [server=cloudflare, retry-after=none, cf-ray=a361f7b908e6d311-SEA]
[2026-09-05T02:57:38.745Z] [WARN] [429 RATE LIMIT] Rate limited on www.lvlupgames.ca (retry 3/3). Backing off for 80s... [server=cloudflare, retry-after=none, cf-ray=a361f7b90f28b9f8-SEA]
[2026-09-05T02:57:38.929Z] [INFO] [Shopify Cooldown] Pausing 79.8s to respect rate limits...
[2026-09-05T02:57:38.958Z] [WARN] [429 RATE LIMIT] Rate limited on zatu.com (retry 3/3). Backing off for 80s... [server=cloudflare, retry-after=none, cf-ray=a361f7ba6d8bad8d-SEA]
[2026-09-05T02:57:38.965Z] [WARN] [429 RATE LIMIT] Rate limited on www.woodforsheep.ca (retry 3/3). Backing off for 80s... [server=cloudflare, retry-after=none, cf-ray=a361f7ba6cd775a8-SEA]
[2026-09-05T02:57:39.035Z] [WARN] [429 RATE LIMIT] Rate limited on www.dicehollow.com (retry 3/3). Backing off for 80s... [server=cloudflare, retry-after=none, cf-ray=a361f7baeb5bad2d-SEA]
[2026-09-05T02:57:39.048Z] [WARN] [429 RATE LIMIT] Rate limited on www.tabletopcafe.ca (retry 3/3). Backing off for 80s... [server=cloudflare, retry-after=none, cf-ray=a361f7baeb0bdf10-SEA]
[2026-09-05T02:57:39.048Z] [WARN] [429 RATE LIMIT] Rate limited on alwaysgames.ca (retry 3/3). Backing off for 80s... [server=cloudflare, retry-after=none, cf-ray=a361f7baee027596-SEA]
[2026-09-05T02:57:39.054Z] [WARN] [429 RATE LIMIT] Rate limited on legendswarehouse.ca (retry 3/3). Backing off for 80s... [server=cloudflare, retry-after=none, cf-ray=a361f7bafd14ebaf-SEA]
[2026-09-05T02:57:39.099Z] [WARN] [429 RATE LIMIT] Rate limited on boardgamebandit.ca (retry 3/3). Backing off for 80s... [server=cloudflare, retry-after=none, cf-ray=a361f7bb49c2a348-SEA]
[2026-09-05T02:57:39.104Z] [WARN] [429 RATE LIMIT] Rate limited on screenfreegames.com (retry 3/3). Backing off for 80s... [server=cloudflare, retry-after=none, cf-ray=a361f7bb3816681a-SEA]
[2026-09-05T02:57:39.122Z] [WARN] [429 RATE LIMIT] Rate limited on boutiquelapioche.com (retry 3/3). Backing off for 80s... [server=cloudflare, retry-after=none, cf-ray=a361f7bb6cba7664-SEA]
[2026-09-05T02:58:18.910Z] [INFO] [Shopify Cooldown] Pausing 40.2s to respect rate limits...
[2026-09-05T02:58:18.910Z] [INFO] [Shopify Cooldown] Pausing 40.2s to respect rate limits...
[2026-09-05T02:58:58.753Z] [INFO] [Shopify Cooldown] Pausing 0.4s to respect rate limits...
[2026-09-05T02:58:58.753Z] [INFO] [Shopify Cooldown] Pausing 0.4s to respect rate limits...
[2026-09-05T02:58:58.790Z] [WARN] [429 RATE LIMIT] Rate limited on allsystemsgo.games (retry 3/3). Backing off for 80s... [server=cloudflare, retry-after=none, cf-ray=a361f9ad594a7606-SEA]
[2026-09-05T02:58:58.959Z] [INFO] [Shopify Cooldown] Pausing 79.8s to respect rate limits...
[2026-09-05T02:58:58.965Z] [INFO] [Shopify Cooldown] Pausing 79.8s to respect rate limits...
[2026-09-05T02:58:59.033Z] [INFO] [Shopify Cooldown] Pausing 79.8s to respect rate limits...
[2026-09-05T02:58:59.048Z] [INFO] [Shopify Cooldown] Pausing 79.7s to respect rate limits...
[2026-09-05T02:58:59.048Z] [INFO] [Shopify Cooldown] Pausing 79.7s to respect rate limits...
[2026-09-05T02:58:59.054Z] [INFO] [Shopify Cooldown] Pausing 79.7s to respect rate limits...
[2026-09-05T02:58:59.099Z] [INFO] [Shopify Cooldown] Pausing 79.7s to respect rate limits...
[2026-09-05T02:58:59.104Z] [INFO] [Shopify Cooldown] Pausing 79.7s to respect rate limits...
[2026-09-05T02:58:59.125Z] [INFO] [Shopify Cooldown] Pausing 79.7s to respect rate limits...
[2026-09-05T02:58:59.413Z] [WARN] [WARNING] fetchJson failed for https://www.boardgamebliss.com/search/suggest.json?q=Joan%20of%20Arc%3A%20Orl%C3%A9ans%20Draw%20%26%20Write&resources[type]=product&country=CA with status: 429
[2026-09-05T02:58:59.508Z] [WARN] [WARNING] fetchJson failed for https://www.lvlupgames.ca/search/suggest.json?q=Joan%20of%20Arc%3A%20Orl%C3%A9ans%20Draw%20%26%20Write&resources[type]=product&country=CA with status: 429
[2026-09-05T02:58:59.514Z] [WARN] [WARNING] fetchJson failed for https://store.401games.ca/search/suggest.json?q=Joan%20of%20Arc%3A%20Orl%C3%A9ans%20Draw%20%26%20Write&resources[type]=product&country=CA with status: 429
[2026-09-05T02:58:59.527Z] [WARN] [WARNING] fetchJson failed for https://www.asdesjeux.com/search/suggest.json?q=Joan%20of%20Arc%3A%20Orl%C3%A9ans%20Draw%20%26%20Write&resources[type]=product&country=CA with status: 429
[2026-09-05T03:00:18.863Z] [WARN] [WARNING] fetchJson failed for https://zatu.com/search/suggest.json?q=Joan%20of%20Arc%3A%20Orl%C3%A9ans%20Draw%20%26%20Write&resources[type]=product&country=GB with status: 429
[2026-09-05T03:00:18.891Z] [WARN] [WARNING] fetchJson failed for https://www.tabletopcafe.ca/search/suggest.json?q=Joan%20of%20Arc%3A%20Orl%C3%A9ans%20Draw%20%26%20Write&resources[type]=product&country=CA with status: 429
[2026-09-05T03:00:18.918Z] [WARN] [WARNING] fetchJson failed for https://alwaysgames.ca/search/suggest.json?q=Joan%20of%20Arc%3A%20Orl%C3%A9ans%20Draw%20%26%20Write&resources[type]=product&country=CA with status: 429
[2026-09-05T03:00:18.925Z] [WARN] [WARNING] fetchJson failed for https://allsystemsgo.games/search/suggest.json?q=Joan%20of%20Arc%3A%20Orl%C3%A9ans%20Draw%20%26%20Write&resources[type]=product&country=CA with status: 429
[2026-09-05T03:00:18.938Z] [WARN] [WARNING] fetchJson failed for https://screenfreegames.com/search/suggest.json?q=Joan%20of%20Arc%3A%20Orl%C3%A9ans%20Draw%20%26%20Write&resources[type]=product&country=CA with status: 429
[2026-09-05T03:00:18.938Z] [WARN] [WARNING] fetchJson failed for https://www.woodforsheep.ca/search/suggest.json?q=Joan%20of%20Arc%3A%20Orl%C3%A9ans%20Draw%20%26%20Write&resources[type]=product&country=CA with status: 429
[2026-09-05T03:00:19.012Z] [WARN] [WARNING] fetchJson failed for https://boutiquelapioche.com/search/suggest.json?q=Joan%20of%20Arc%3A%20Orl%C3%A9ans%20Draw%20%26%20Write&resources[type]=product&country=CA with status: 429
[2026-09-05T03:00:19.032Z] [WARN] [WARNING] fetchJson failed for https://www.dicehollow.com/search/suggest.json?q=Joan%20of%20Arc%3A%20Orl%C3%A9ans%20Draw%20%26%20Write&resources[type]=product&country=CA with status: 429
[2026-09-05T03:00:19.034Z] [WARN] [WARNING] fetchJson failed for https://boardgamebandit.ca/search/suggest.json?q=Joan%20of%20Arc%3A%20Orl%C3%A9ans%20Draw%20%26%20Write&resources[type]=product&country=CA with status: 429
[2026-09-05T03:00:19.100Z] [WARN] [WARNING] fetchJson failed for https://legendswarehouse.ca/search/suggest.json?q=Joan%20of%20Arc%3A%20Orl%C3%A9ans%20Draw%20%26%20Write&resources[type]=product&country=CA with status: 429
[2026-09-05T03:00:24.240Z] [INFO] [6/9] "Orapa Mine": skipped 2 stores checked within 6 hours. Checking remaining 25 stores...
[2026-09-05T03:00:24.274Z] [WARN] [429 RATE LIMIT] Rate limited on www.boardgamebliss.com (retry 1/3). Backing off for 20s... [server=cloudflare, retry-after=none, cf-ray=a361fbc3ae06d311-SEA]
[2026-09-05T03:00:24.408Z] [INFO] [Shopify Cooldown] Pausing 19.9s to respect rate limits...
[2026-09-05T03:00:24.557Z] [INFO] [Shopify Cooldown] Pausing 19.7s to respect rate limits...
[2026-09-05T03:00:24.700Z] [WARN] [429 RATE LIMIT] Rate limited on store.401games.ca (retry 1/3). Backing off for 20s... [server=cloudflare, retry-after=none, cf-ray=a361fbc64d97868f-SEA]
[2026-09-05T03:00:24.707Z] [INFO] [Shopify Cooldown] Pausing 20.0s to respect rate limits...
[2026-09-05T03:00:24.986Z] [INFO] [Shopify Cooldown] Pausing 19.7s to respect rate limits...
[2026-09-05T03:00:25.135Z] [INFO] [Shopify Cooldown] Pausing 19.6s to respect rate limits...
[2026-09-05T03:00:25.285Z] [INFO] [Shopify Cooldown] Pausing 19.4s to respect rate limits...
[2026-09-05T03:00:25.439Z] [INFO] [Shopify Cooldown] Pausing 19.3s to respect rate limits...
[2026-09-05T03:00:25.589Z] [INFO] [Shopify Cooldown] Pausing 19.1s to respect rate limits...
[2026-09-05T03:00:25.740Z] [INFO] [Shopify Cooldown] Pausing 19.0s to respect rate limits...
[2026-09-05T03:00:25.890Z] [INFO] [Shopify Cooldown] Pausing 18.8s to respect rate limits...
[2026-09-05T03:00:26.039Z] [INFO] [Shopify Cooldown] Pausing 18.7s to respect rate limits...
[2026-09-05T03:00:26.189Z] [INFO] [Shopify Cooldown] Pausing 18.5s to respect rate limits...
[2026-09-05T03:00:44.287Z] [INFO] [Shopify Cooldown] Pausing 0.4s to respect rate limits...
[2026-09-05T03:00:44.318Z] [WARN] [429 RATE LIMIT] Rate limited on www.asdesjeux.com (retry 1/3). Backing off for 20s... [server=cloudflare, retry-after=none, cf-ray=a361fc40ec375d03-SEA]
[2026-09-05T03:00:44.319Z] [WARN] [429 RATE LIMIT] Rate limited on www.lvlupgames.ca (retry 1/3). Backing off for 20s... [server=cloudflare, retry-after=none, cf-ray=a361fc40e802868f-SEA]
[2026-09-05T03:00:44.706Z] [INFO] [Shopify Cooldown] Pausing 19.6s to respect rate limits...
[2026-09-05T03:00:44.734Z] [WARN] [429 RATE LIMIT] Rate limited on www.dicehollow.com (retry 1/3). Backing off for 20s... [server=cloudflare, retry-after=none, cf-ray=a361fc438cc1ad2d-SEA]
[2026-09-05T03:00:44.745Z] [WARN] [429 RATE LIMIT] Rate limited on allsystemsgo.games (retry 1/3). Backing off for 20s... [server=cloudflare, retry-after=none, cf-ray=a361fc43888c6816-SEA]
[2026-09-05T03:00:44.748Z] [WARN] [429 RATE LIMIT] Rate limited on www.tabletopcafe.ca (retry 1/3). Backing off for 20s... [server=cloudflare, retry-after=none, cf-ray=a361fc438bd5fc2f-SEA]
[2026-09-05T03:00:44.750Z] [WARN] [429 RATE LIMIT] Rate limited on www.woodforsheep.ca (retry 1/3). Backing off for 20s... [server=cloudflare, retry-after=none, cf-ray=a361fc438d22df10-SEA]
[2026-09-05T03:00:44.770Z] [WARN] [429 RATE LIMIT] Rate limited on boutiquelapioche.com (retry 1/3). Backing off for 20s... [server=cloudflare, retry-after=none, cf-ray=a361fc43b913b3e2-SEA]
[2026-09-05T03:00:44.805Z] [WARN] [429 RATE LIMIT] Rate limited on screenfreegames.com (retry 1/3). Backing off for 20s... [server=cloudflare, retry-after=none, cf-ray=a361fc43e9167596-SEA]
[2026-09-05T03:00:44.870Z] [WARN] [429 RATE LIMIT] Rate limited on zatu.com (retry 1/3). Backing off for 20s... [server=cloudflare, retry-after=none, cf-ray=a361fc445a63b3ca-SEA]
[2026-09-05T03:00:44.871Z] [WARN] [429 RATE LIMIT] Rate limited on boardgamebandit.ca (retry 1/3). Backing off for 20s... [server=cloudflare, retry-after=none, cf-ray=a361fc445996decc-SEA]
[2026-09-05T03:00:44.875Z] [WARN] [429 RATE LIMIT] Rate limited on www.boardgamebliss.com (retry 2/3). Backing off for 40s... [server=cloudflare, retry-after=none, cf-ray=a361fc445df17522-SEA]
[2026-09-05T03:00:44.879Z] [WARN] [429 RATE LIMIT] Rate limited on alwaysgames.ca (retry 1/3). Backing off for 20s... [server=cloudflare, retry-after=none, cf-ray=a361fc445b5eebaf-SEA]
[2026-09-05T03:00:44.885Z] [WARN] [429 RATE LIMIT] Rate limited on legendswarehouse.ca (retry 1/3). Backing off for 20s... [server=cloudflare, retry-after=none, cf-ray=a361fc4469f1681a-SEA]
[2026-09-05T03:01:04.325Z] [INFO] [Shopify Cooldown] Pausing 0.6s to respect rate limits...
[2026-09-05T03:01:04.325Z] [INFO] [Shopify Cooldown] Pausing 0.6s to respect rate limits...
[2026-09-05T03:01:04.354Z] [WARN] [429 RATE LIMIT] Rate limited on store.401games.ca (retry 2/3). Backing off for 40s... [server=cloudflare, retry-after=none, cf-ray=a361fcbe294c5d03-SEA]
[2026-09-05T03:01:04.733Z] [INFO] [Shopify Cooldown] Pausing 39.6s to respect rate limits...
[2026-09-05T03:01:04.745Z] [INFO] [Shopify Cooldown] Pausing 39.6s to respect rate limits...
[2026-09-05T03:01:04.748Z] [INFO] [Shopify Cooldown] Pausing 39.6s to respect rate limits...
[2026-09-05T03:01:04.750Z] [INFO] [Shopify Cooldown] Pausing 39.6s to respect rate limits...
[2026-09-05T03:01:04.771Z] [INFO] [Shopify Cooldown] Pausing 39.6s to respect rate limits...
[2026-09-05T03:01:04.805Z] [INFO] [Shopify Cooldown] Pausing 39.5s to respect rate limits...
[2026-09-05T03:01:04.870Z] [INFO] [Shopify Cooldown] Pausing 39.5s to respect rate limits...
[2026-09-05T03:01:04.871Z] [INFO] [Shopify Cooldown] Pausing 39.5s to respect rate limits...
[2026-09-05T03:01:04.879Z] [INFO] [Shopify Cooldown] Pausing 39.5s to respect rate limits...
[2026-09-05T03:01:04.885Z] [INFO] [Shopify Cooldown] Pausing 39.5s to respect rate limits...
[2026-09-05T03:01:04.917Z] [WARN] [429 RATE LIMIT] Rate limited on www.lvlupgames.ca (retry 2/3). Backing off for 40s... [server=cloudflare, retry-after=none, cf-ray=a361fcc1ac55ad2d-SEA]
[2026-09-05T03:01:04.943Z] [WARN] [429 RATE LIMIT] Rate limited on www.asdesjeux.com (retry 2/3). Backing off for 40s... [server=cloudflare, retry-after=none, cf-ray=a361fcc1bd89df10-SEA]
[2026-09-05T03:01:24.883Z] [INFO] [Shopify Cooldown] Pausing 20.1s to respect rate limits...
[2026-09-05T03:01:44.375Z] [INFO] [Shopify Cooldown] Pausing 0.6s to respect rate limits...
[2026-09-05T03:01:44.405Z] [WARN] [429 RATE LIMIT] Rate limited on www.tabletopcafe.ca (retry 2/3). Backing off for 40s... [server=cloudflare, retry-after=none, cf-ray=a361fdb87bf552ab-SEA]
[2026-09-05T03:01:44.406Z] [WARN] [429 RATE LIMIT] Rate limited on allsystemsgo.games (retry 2/3). Backing off for 40s... [server=cloudflare, retry-after=none, cf-ray=a361fdb87f356816-SEA]
[2026-09-05T03:01:44.449Z] [WARN] [429 RATE LIMIT] Rate limited on www.woodforsheep.ca (retry 2/3). Backing off for 40s... [server=cloudflare, retry-after=none, cf-ray=a361fdb8bc97df10-SEA]
[2026-09-05T03:01:44.500Z] [WARN] [429 RATE LIMIT] Rate limited on boardgamebandit.ca (retry 2/3). Backing off for 40s... [server=cloudflare, retry-after=none, cf-ray=a361fdb91d212ee0-SEA]
[2026-09-05T03:01:44.500Z] [WARN] [429 RATE LIMIT] Rate limited on www.dicehollow.com (retry 2/3). Backing off for 40s... [server=cloudflare, retry-after=none, cf-ray=a361fdb90ddcad2d-SEA]
[2026-09-05T03:01:44.506Z] [WARN] [429 RATE LIMIT] Rate limited on screenfreegames.com (retry 2/3). Backing off for 40s... [server=cloudflare, retry-after=none, cf-ray=a361fdb90efd7596-SEA]
[2026-09-05T03:01:44.512Z] [WARN] [429 RATE LIMIT] Rate limited on boutiquelapioche.com (retry 2/3). Backing off for 40s... [server=cloudflare, retry-after=none, cf-ray=a361fdb91b987664-SEA]
[2026-09-05T03:01:44.564Z] [WARN] [429 RATE LIMIT] Rate limited on alwaysgames.ca (retry 2/3). Backing off for 40s... [server=cloudflare, retry-after=none, cf-ray=a361fdb969a7ebaf-SEA]
[2026-09-05T03:01:44.572Z] [WARN] [429 RATE LIMIT] Rate limited on legendswarehouse.ca (retry 2/3). Backing off for 40s... [server=cloudflare, retry-after=none, cf-ray=a361fdb97fe4681a-SEA]
[2026-09-05T03:01:44.585Z] [WARN] [429 RATE LIMIT] Rate limited on zatu.com (retry 2/3). Backing off for 40s... [server=cloudflare, retry-after=none, cf-ray=a361fdb98b4ab3ca-SEA]
[2026-09-05T03:01:44.918Z] [INFO] [Shopify Cooldown] Pausing 39.7s to respect rate limits...
[2026-09-05T03:01:44.945Z] [INFO] [Shopify Cooldown] Pausing 39.6s to respect rate limits...
[2026-09-05T03:01:44.976Z] [WARN] [429 RATE LIMIT] Rate limited on www.boardgamebliss.com (retry 3/3). Backing off for 80s... [server=cloudflare, retry-after=none, cf-ray=a361fdbc0dd1fc2f-SEA]
[2026-09-05T03:01:44.985Z] [WARN] [429 RATE LIMIT] Rate limited on store.401games.ca (retry 3/3). Backing off for 80s... [server=cloudflare, retry-after=none, cf-ray=a361fdbc0ca37522-SEA]
[2026-09-05T03:02:24.409Z] [INFO] [Shopify Cooldown] Pausing 40.6s to respect rate limits...
[2026-09-05T03:02:24.409Z] [INFO] [Shopify Cooldown] Pausing 40.6s to respect rate limits...
[2026-09-05T03:02:24.449Z] [INFO] [Shopify Cooldown] Pausing 40.5s to respect rate limits...
[2026-09-05T03:02:24.500Z] [INFO] [Shopify Cooldown] Pausing 40.5s to respect rate limits...
[2026-09-05T03:02:24.500Z] [INFO] [Shopify Cooldown] Pausing 40.5s to respect rate limits...
[2026-09-05T03:02:24.506Z] [INFO] [Shopify Cooldown] Pausing 40.5s to respect rate limits...
[2026-09-05T03:02:24.512Z] [INFO] [Shopify Cooldown] Pausing 40.5s to respect rate limits...
[2026-09-05T03:02:24.564Z] [INFO] [Shopify Cooldown] Pausing 40.4s to respect rate limits...
[2026-09-05T03:02:24.572Z] [INFO] [Shopify Cooldown] Pausing 40.4s to respect rate limits...
[2026-09-05T03:02:24.586Z] [INFO] [Shopify Cooldown] Pausing 40.4s to respect rate limits...
[2026-09-05T03:02:24.621Z] [WARN] [429 RATE LIMIT] Rate limited on www.lvlupgames.ca (retry 3/3). Backing off for 80s... [server=cloudflare, retry-after=none, cf-ray=a361feb3cb6fdf10-SEA]
[2026-09-05T03:02:24.631Z] [WARN] [429 RATE LIMIT] Rate limited on www.asdesjeux.com (retry 3/3). Backing off for 80s... [server=cloudflare, retry-after=none, cf-ray=a361feb3c93875a8-SEA]
[2026-09-05T03:03:05.004Z] [INFO] [Shopify Cooldown] Pausing 39.6s to respect rate limits...
[2026-09-05T03:03:05.004Z] [INFO] [Shopify Cooldown] Pausing 39.6s to respect rate limits...
[2026-09-05T03:03:05.053Z] [WARN] [429 RATE LIMIT] Rate limited on www.woodforsheep.ca (retry 3/3). Backing off for 80s... [server=cloudflare, retry-after=none, cf-ray=a361ffb06c2f75a8-SEA]
[2026-09-05T03:03:05.056Z] [WARN] [429 RATE LIMIT] Rate limited on allsystemsgo.games (retry 3/3). Backing off for 80s... [server=cloudflare, retry-after=none, cf-ray=a361ffb069796816-SEA]
[2026-09-05T03:03:05.086Z] [WARN] [429 RATE LIMIT] Rate limited on zatu.com (retry 3/3). Backing off for 80s... [server=cloudflare, retry-after=none, cf-ray=a361ffb0b8caaf49-SEA]
[2026-09-05T03:03:05.091Z] [WARN] [429 RATE LIMIT] Rate limited on boardgamebandit.ca (retry 3/3). Backing off for 80s... [server=cloudflare, retry-after=none, cf-ray=a361ffb0ba9a2ee0-SEA]
[2026-09-05T03:03:05.097Z] [WARN] [429 RATE LIMIT] Rate limited on www.tabletopcafe.ca (retry 3/3). Backing off for 80s... [server=cloudflare, retry-after=none, cf-ray=a361ffb0cea9df10-SEA]
[2026-09-05T03:03:05.099Z] [WARN] [429 RATE LIMIT] Rate limited on boutiquelapioche.com (retry 3/3). Backing off for 80s... [server=cloudflare, retry-after=none, cf-ray=a361ffb0cd177664-SEA]
[2026-09-05T03:03:05.099Z] [WARN] [429 RATE LIMIT] Rate limited on www.dicehollow.com (retry 3/3). Backing off for 80s... [server=cloudflare, retry-after=none, cf-ray=a361ffb0cdf0b9f8-SEA]
[2026-09-05T03:03:05.103Z] [WARN] [429 RATE LIMIT] Rate limited on screenfreegames.com (retry 3/3). Backing off for 80s... [server=cloudflare, retry-after=none, cf-ray=a361ffb0ca5a7596-SEA]
[2026-09-05T03:03:05.205Z] [WARN] [429 RATE LIMIT] Rate limited on legendswarehouse.ca (retry 3/3). Backing off for 80s... [server=cloudflare, retry-after=none, cf-ray=a361ffb16fe2ebaf-SEA]
[2026-09-05T03:03:05.222Z] [WARN] [429 RATE LIMIT] Rate limited on alwaysgames.ca (retry 3/3). Backing off for 80s... [server=cloudflare, retry-after=none, cf-ray=a361ffb18c28681a-SEA]
[2026-09-05T03:03:44.649Z] [INFO] [Shopify Cooldown] Pausing 40.6s to respect rate limits...
[2026-09-05T03:03:44.649Z] [INFO] [Shopify Cooldown] Pausing 40.6s to respect rate limits...
[2026-09-05T03:04:25.080Z] [INFO] [Shopify Cooldown] Pausing 0.1s to respect rate limits...
[2026-09-05T03:04:25.081Z] [INFO] [Shopify Cooldown] Pausing 0.1s to respect rate limits...
[2026-09-05T03:04:25.086Z] [INFO] [Shopify Cooldown] Pausing 0.1s to respect rate limits...
[2026-09-05T03:04:25.091Z] [INFO] [Shopify Cooldown] Pausing 0.1s to respect rate limits...
[2026-09-05T03:04:25.097Z] [INFO] [Shopify Cooldown] Pausing 0.1s to respect rate limits...
[2026-09-05T03:04:25.097Z] [INFO] [Shopify Cooldown] Pausing 0.1s to respect rate limits...
[2026-09-05T03:04:25.099Z] [INFO] [Shopify Cooldown] Pausing 0.1s to respect rate limits...
[2026-09-05T03:04:25.102Z] [INFO] [Shopify Cooldown] Pausing 0.1s to respect rate limits...
[2026-09-05T03:04:25.205Z] [INFO] [Shopify Cooldown] Pausing 0.0s to respect rate limits...
[2026-09-05T03:04:30.781Z] [INFO] [7/9] "Orapa Space": skipped 2 stores checked within 6 hours. Checking remaining 25 stores...
[2026-09-05T03:04:39.886Z] [INFO] [8/9] "Queen of Spies": skipped 2 stores checked within 6 hours. Checking remaining 25 stores...
[2026-09-05T03:04:41.861Z] [WARN] [429 RATE LIMIT] Rate limited on zatu.com (retry 1/3). Backing off for 20s... [server=cloudflare, retry-after=none, cf-ray=a362020d9daead8d-SEA]
[2026-09-05T03:05:01.909Z] [WARN] [429 RATE LIMIT] Rate limited on zatu.com (retry 2/3). Backing off for 40s... [server=cloudflare, retry-after=none, cf-ray=a362028adcc723ab-SEA]
[2026-09-05T03:05:41.957Z] [WARN] [429 RATE LIMIT] Rate limited on zatu.com (retry 3/3). Backing off for 80s... [server=cloudflare, retry-after=none, cf-ray=a36203852a4a23ab-SEA]
[2026-09-05T03:07:02.075Z] [WARN] [WARNING] fetchJson failed for https://zatu.com/search/suggest.json?q=Queen%20of%20Spies&resources[type]=product&country=GB with status: 429
[2026-09-05T03:07:07.239Z] [INFO] [9/9] "The Secrets of Warden Keene": skipped 2 stores checked within 6 hours. Checking remaining 25 stores...
[2026-09-05T03:07:07.284Z] [WARN] [429 RATE LIMIT] Rate limited on www.boardgamebliss.com (retry 1/3). Backing off for 20s... [server=cloudflare, retry-after=none, cf-ray=a362059a6b9b868f-SEA]
[2026-09-05T03:07:07.380Z] [INFO] [Shopify Cooldown] Pausing 19.9s to respect rate limits...
[2026-09-05T03:07:07.531Z] [INFO] [Shopify Cooldown] Pausing 19.8s to respect rate limits...
[2026-09-05T03:07:07.653Z] [WARN] [429 RATE LIMIT] Rate limited on store.401games.ca (retry 1/3). Backing off for 20s... [server=cloudflare, retry-after=none, cf-ray=a362059cbda75d03-SEA]
[2026-09-05T03:07:07.681Z] [INFO] [Shopify Cooldown] Pausing 20.0s to respect rate limits...
[2026-09-05T03:07:07.984Z] [INFO] [Shopify Cooldown] Pausing 19.7s to respect rate limits...
[2026-09-05T03:07:08.134Z] [INFO] [Shopify Cooldown] Pausing 19.5s to respect rate limits...
[2026-09-05T03:07:08.283Z] [INFO] [Shopify Cooldown] Pausing 19.4s to respect rate limits...
[2026-09-05T03:07:08.438Z] [INFO] [Shopify Cooldown] Pausing 19.2s to respect rate limits...
[2026-09-05T03:07:08.589Z] [INFO] [Shopify Cooldown] Pausing 19.1s to respect rate limits...
[2026-09-05T03:07:08.738Z] [INFO] [Shopify Cooldown] Pausing 18.9s to respect rate limits...
[2026-09-05T03:07:08.889Z] [INFO] [Shopify Cooldown] Pausing 18.8s to respect rate limits...
[2026-09-05T03:07:09.038Z] [INFO] [Shopify Cooldown] Pausing 18.6s to respect rate limits...
[2026-09-05T03:07:09.189Z] [INFO] [Shopify Cooldown] Pausing 18.5s to respect rate limits...
[2026-09-05T03:07:27.286Z] [INFO] [Shopify Cooldown] Pausing 0.4s to respect rate limits...
[2026-09-05T03:07:27.323Z] [WARN] [429 RATE LIMIT] Rate limited on www.asdesjeux.com (retry 1/3). Backing off for 20s... [server=cloudflare, retry-after=none, cf-ray=a3620617ad66868f-SEA]
[2026-09-05T03:07:27.400Z] [WARN] [429 RATE LIMIT] Rate limited on www.lvlupgames.ca (retry 1/3). Backing off for 20s... [server=cloudflare, retry-after=none, cf-ray=a3620618391752ab-SEA]
[2026-09-05T03:07:27.660Z] [INFO] [Shopify Cooldown] Pausing 19.7s to respect rate limits...
[2026-09-05T03:07:27.692Z] [WARN] [429 RATE LIMIT] Rate limited on allsystemsgo.games (retry 1/3). Backing off for 20s... [server=cloudflare, retry-after=none, cf-ray=a3620619ff546816-SEA]
[2026-09-05T03:07:27.693Z] [WARN] [429 RATE LIMIT] Rate limited on www.woodforsheep.ca (retry 1/3). Backing off for 20s... [server=cloudflare, retry-after=none, cf-ray=a3620619fb4875a8-SEA]
[2026-09-05T03:07:27.697Z] [WARN] [429 RATE LIMIT] Rate limited on www.tabletopcafe.ca (retry 1/3). Backing off for 20s... [server=cloudflare, retry-after=none, cf-ray=a362061a0df8df10-SEA]
[2026-09-05T03:07:27.698Z] [WARN] [429 RATE LIMIT] Rate limited on www.dicehollow.com (retry 1/3). Backing off for 20s... [server=cloudflare, retry-after=none, cf-ray=a3620619f8a8b9f8-SEA]
[2026-09-05T03:07:27.786Z] [WARN] [429 RATE LIMIT] Rate limited on screenfreegames.com (retry 1/3). Backing off for 20s... [server=cloudflare, retry-after=none, cf-ray=a362061a89347596-SEA]
[2026-09-05T03:07:27.788Z] [WARN] [429 RATE LIMIT] Rate limited on boutiquelapioche.com (retry 1/3). Backing off for 20s... [server=cloudflare, retry-after=none, cf-ray=a362061a9e2cb3e2-SEA]
[2026-09-05T03:07:27.871Z] [WARN] [429 RATE LIMIT] Rate limited on zatu.com (retry 1/3). Backing off for 20s... [server=cloudflare, retry-after=none, cf-ray=a362061b2c41af49-SEA]
[2026-09-05T03:07:27.880Z] [WARN] [429 RATE LIMIT] Rate limited on alwaysgames.ca (retry 1/3). Backing off for 20s... [server=cloudflare, retry-after=none, cf-ray=a362061b2ff9681a-SEA]
[2026-09-05T03:07:27.881Z] [WARN] [429 RATE LIMIT] Rate limited on boardgamebandit.ca (retry 1/3). Backing off for 20s... [server=cloudflare, retry-after=none, cf-ray=a362061b2e2aa348-SEA]
[2026-09-05T03:07:27.882Z] [WARN] [429 RATE LIMIT] Rate limited on www.boardgamebliss.com (retry 2/3). Backing off for 40s... [server=cloudflare, retry-after=none, cf-ray=a362061b2a6fd311-SEA]
[2026-09-05T03:07:27.973Z] [WARN] [429 RATE LIMIT] Rate limited on legendswarehouse.ca (retry 1/3). Backing off for 20s... [server=cloudflare, retry-after=none, cf-ray=a362061bc8a3c62f-SEA]
[2026-09-05T03:07:47.331Z] [INFO] [Shopify Cooldown] Pausing 0.6s to respect rate limits...
[2026-09-05T03:07:47.401Z] [INFO] [Shopify Cooldown] Pausing 0.6s to respect rate limits...
[2026-09-05T03:07:47.431Z] [WARN] [429 RATE LIMIT] Rate limited on store.401games.ca (retry 2/3). Backing off for 40s... [server=cloudflare, retry-after=none, cf-ray=a36206955f67868f-SEA]
[2026-09-05T03:07:47.692Z] [INFO] [Shopify Cooldown] Pausing 39.7s to respect rate limits...
[2026-09-05T03:07:47.693Z] [INFO] [Shopify Cooldown] Pausing 39.7s to respect rate limits...
[2026-09-05T03:07:47.697Z] [INFO] [Shopify Cooldown] Pausing 39.7s to respect rate limits...
[2026-09-05T03:07:47.698Z] [INFO] [Shopify Cooldown] Pausing 39.7s to respect rate limits...
[2026-09-05T03:07:47.785Z] [INFO] [Shopify Cooldown] Pausing 39.6s to respect rate limits...
[2026-09-05T03:07:47.788Z] [INFO] [Shopify Cooldown] Pausing 39.6s to respect rate limits...
[2026-09-05T03:07:47.872Z] [INFO] [Shopify Cooldown] Pausing 39.6s to respect rate limits...
[2026-09-05T03:07:47.880Z] [INFO] [Shopify Cooldown] Pausing 39.6s to respect rate limits...
[2026-09-05T03:07:47.880Z] [INFO] [Shopify Cooldown] Pausing 39.6s to respect rate limits...
[2026-09-05T03:07:47.975Z] [INFO] [Shopify Cooldown] Pausing 39.5s to respect rate limits...
[2026-09-05T03:07:48.008Z] [WARN] [429 RATE LIMIT] Rate limited on www.lvlupgames.ca (retry 2/3). Backing off for 40s... [server=cloudflare, retry-after=none, cf-ray=a3620698fb21df10-SEA]
[2026-09-05T03:07:48.009Z] [WARN] [429 RATE LIMIT] Rate limited on www.asdesjeux.com (retry 2/3). Backing off for 40s... [server=cloudflare, retry-after=none, cf-ray=a3620698f83975a8-SEA]
[2026-09-05T03:08:07.890Z] [INFO] [Shopify Cooldown] Pausing 20.1s to respect rate limits...
[2026-09-05T03:08:27.455Z] [INFO] [Shopify Cooldown] Pausing 0.6s to respect rate limits...
[2026-09-05T03:08:27.483Z] [WARN] [429 RATE LIMIT] Rate limited on zatu.com (retry 2/3). Backing off for 40s... [server=cloudflare, retry-after=none, cf-ray=a362078fbac8af49-SEA]
[2026-09-05T03:08:27.492Z] [WARN] [429 RATE LIMIT] Rate limited on allsystemsgo.games (retry 2/3). Backing off for 40s... [server=cloudflare, retry-after=none, cf-ray=a362078fb8757606-SEA]
[2026-09-05T03:08:27.495Z] [WARN] [429 RATE LIMIT] Rate limited on www.woodforsheep.ca (retry 2/3). Backing off for 40s... [server=cloudflare, retry-after=none, cf-ray=a362078fbfab75a8-SEA]
[2026-09-05T03:08:27.537Z] [WARN] [429 RATE LIMIT] Rate limited on www.tabletopcafe.ca (retry 2/3). Backing off for 40s... [server=cloudflare, retry-after=none, cf-ray=a36207900c1cdf10-SEA]
[2026-09-05T03:08:27.542Z] [WARN] [429 RATE LIMIT] Rate limited on www.dicehollow.com (retry 2/3). Backing off for 40s... [server=cloudflare, retry-after=none, cf-ray=a362079009cbb9f8-SEA]
[2026-09-05T03:08:27.542Z] [WARN] [429 RATE LIMIT] Rate limited on alwaysgames.ca (retry 2/3). Backing off for 40s... [server=cloudflare, retry-after=none, cf-ray=a36207900a677596-SEA]
[2026-09-05T03:08:27.543Z] [WARN] [429 RATE LIMIT] Rate limited on screenfreegames.com (retry 2/3). Backing off for 40s... [server=cloudflare, retry-after=none, cf-ray=a36207900a24681a-SEA]
[2026-09-05T03:08:27.575Z] [WARN] [429 RATE LIMIT] Rate limited on boardgamebandit.ca (retry 2/3). Backing off for 40s... [server=cloudflare, retry-after=none, cf-ray=a36207900a49a348-SEA]
[2026-09-05T03:08:27.638Z] [WARN] [429 RATE LIMIT] Rate limited on boutiquelapioche.com (retry 2/3). Backing off for 40s... [server=cloudflare, retry-after=none, cf-ray=a36207909800b3e2-SEA]
[2026-09-05T03:08:27.684Z] [WARN] [429 RATE LIMIT] Rate limited on legendswarehouse.ca (retry 2/3). Backing off for 40s... [server=cloudflare, retry-after=none, cf-ray=a3620790edbddf17-SEA]
[2026-09-05T03:08:28.008Z] [INFO] [Shopify Cooldown] Pausing 39.7s to respect rate limits...
[2026-09-05T03:08:28.010Z] [INFO] [Shopify Cooldown] Pausing 39.7s to respect rate limits...
[2026-09-05T03:08:28.039Z] [WARN] [429 RATE LIMIT] Rate limited on store.401games.ca (retry 3/3). Backing off for 80s... [server=cloudflare, retry-after=none, cf-ray=a36207932c7ed311-SEA]
[2026-09-05T03:08:28.040Z] [WARN] [429 RATE LIMIT] Rate limited on www.boardgamebliss.com (retry 3/3). Backing off for 80s... [server=cloudflare, retry-after=none, cf-ray=a3620793296ead2d-SEA]
[2026-09-05T03:09:07.486Z] [INFO] [Shopify Cooldown] Pausing 40.6s to respect rate limits...
[2026-09-05T03:09:07.492Z] [INFO] [Shopify Cooldown] Pausing 40.5s to respect rate limits...
[2026-09-05T03:09:07.495Z] [INFO] [Shopify Cooldown] Pausing 40.5s to respect rate limits...
[2026-09-05T03:09:07.537Z] [INFO] [Shopify Cooldown] Pausing 40.5s to respect rate limits...
[2026-09-05T03:09:07.542Z] [INFO] [Shopify Cooldown] Pausing 40.5s to respect rate limits...
[2026-09-05T03:09:07.542Z] [INFO] [Shopify Cooldown] Pausing 40.5s to respect rate limits...
[2026-09-05T03:09:07.543Z] [INFO] [Shopify Cooldown] Pausing 40.5s to respect rate limits...
[2026-09-05T03:09:07.576Z] [INFO] [Shopify Cooldown] Pausing 40.5s to respect rate limits...
[2026-09-05T03:09:07.638Z] [INFO] [Shopify Cooldown] Pausing 40.4s to respect rate limits...
[2026-09-05T03:09:07.686Z] [INFO] [Shopify Cooldown] Pausing 40.4s to respect rate limits...
[2026-09-05T03:09:07.720Z] [WARN] [429 RATE LIMIT] Rate limited on www.lvlupgames.ca (retry 3/3). Backing off for 80s... [server=cloudflare, retry-after=none, cf-ray=a362088b2d3175a8-SEA]
[2026-09-05T03:09:07.721Z] [WARN] [429 RATE LIMIT] Rate limited on www.asdesjeux.com (retry 3/3). Backing off for 80s... [server=cloudflare, retry-after=none, cf-ray=a362088b299ddf10-SEA]
[2026-09-05T03:09:48.068Z] [INFO] [Shopify Cooldown] Pausing 39.7s to respect rate limits...
[2026-09-05T03:09:48.068Z] [INFO] [Shopify Cooldown] Pausing 39.7s to respect rate limits...
[2026-09-05T03:09:48.099Z] [WARN] [429 RATE LIMIT] Rate limited on zatu.com (retry 3/3). Backing off for 80s... [server=cloudflare, retry-after=none, cf-ray=a36209878b41af49-SEA]
[2026-09-05T03:09:48.104Z] [WARN] [429 RATE LIMIT] Rate limited on www.tabletopcafe.ca (retry 3/3). Backing off for 80s... [server=cloudflare, retry-after=none, cf-ray=a36209879cf875a8-SEA]
[2026-09-05T03:09:48.117Z] [WARN] [429 RATE LIMIT] Rate limited on www.dicehollow.com (retry 3/3). Backing off for 80s... [server=cloudflare, retry-after=none, cf-ray=a36209879c48df10-SEA]
[2026-09-05T03:09:48.206Z] [WARN] [429 RATE LIMIT] Rate limited on allsystemsgo.games (retry 3/3). Backing off for 80s... [server=cloudflare, retry-after=none, cf-ray=a36209883ea07606-SEA]
[2026-09-05T03:09:48.223Z] [WARN] [429 RATE LIMIT] Rate limited on alwaysgames.ca (retry 3/3). Backing off for 80s... [server=cloudflare, retry-after=none, cf-ray=a36209884b0edf17-SEA]
[2026-09-05T03:09:48.234Z] [WARN] [429 RATE LIMIT] Rate limited on screenfreegames.com (retry 3/3). Backing off for 80s... [server=cloudflare, retry-after=none, cf-ray=a36209886b7d0b15-SEA]
[2026-09-05T03:09:48.309Z] [WARN] [429 RATE LIMIT] Rate limited on boardgamebandit.ca (retry 3/3). Backing off for 80s... [server=cloudflare, retry-after=none, cf-ray=a3620988da61a348-SEA]
[2026-09-05T03:09:48.333Z] [WARN] [429 RATE LIMIT] Rate limited on boutiquelapioche.com (retry 3/3). Backing off for 80s... [server=cloudflare, retry-after=none, cf-ray=a3620988ff37b3e2-SEA]
[2026-09-05T03:09:48.336Z] [WARN] [429 RATE LIMIT] Rate limited on www.woodforsheep.ca (retry 3/3). Backing off for 80s... [server=cloudflare, retry-after=none, cf-ray=a3620988facbb9f8-SEA]
[2026-09-05T03:09:48.427Z] [WARN] [429 RATE LIMIT] Rate limited on legendswarehouse.ca (retry 3/3). Backing off for 80s... [server=cloudflare, retry-after=none, cf-ray=a36209899c8cb233-SEA]
[2026-09-05T03:10:27.747Z] [INFO] [Shopify Cooldown] Pausing 40.7s to respect rate limits...
[2026-09-05T03:10:27.748Z] [INFO] [Shopify Cooldown] Pausing 40.7s to respect rate limits...
[2026-09-05T03:10:27.781Z] [WARN] [WARNING] fetchJson failed for https://store.401games.ca/search/suggest.json?q=The%20Secrets%20of%20Warden%20Keene&resources[type]=product&country=CA with status: 429
[2026-09-05T03:10:27.784Z] [WARN] [WARNING] fetchJson failed for https://www.boardgamebliss.com/search/suggest.json?q=The%20Secrets%20of%20Warden%20Keene&resources[type]=product&country=CA with status: 429
[2026-09-05T03:11:08.126Z] [INFO] [Shopify Cooldown] Pausing 0.3s to respect rate limits...
[2026-09-05T03:11:08.126Z] [INFO] [Shopify Cooldown] Pausing 0.3s to respect rate limits...
[2026-09-05T03:11:08.126Z] [INFO] [Shopify Cooldown] Pausing 0.3s to respect rate limits...
[2026-09-05T03:11:08.207Z] [INFO] [Shopify Cooldown] Pausing 0.2s to respect rate limits...
[2026-09-05T03:11:08.223Z] [INFO] [Shopify Cooldown] Pausing 0.2s to respect rate limits...
[2026-09-05T03:11:08.235Z] [INFO] [Shopify Cooldown] Pausing 0.2s to respect rate limits...
[2026-09-05T03:11:08.309Z] [INFO] [Shopify Cooldown] Pausing 0.1s to respect rate limits...
[2026-09-05T03:11:08.334Z] [INFO] [Shopify Cooldown] Pausing 0.1s to respect rate limits...
[2026-09-05T03:11:08.336Z] [INFO] [Shopify Cooldown] Pausing 0.1s to respect rate limits...
[2026-09-05T03:11:08.463Z] [WARN] [WARNING] fetchJson failed for https://www.dicehollow.com/search/suggest.json?q=The%20Secrets%20of%20Warden%20Keene&resources[type]=product&country=CA with status: 429
[2026-09-05T03:11:08.465Z] [WARN] [WARNING] fetchJson failed for https://zatu.com/search/suggest.json?q=The%20Secrets%20of%20Warden%20Keene&resources[type]=product&country=GB with status: 429
[2026-09-05T03:11:08.470Z] [WARN] [WARNING] fetchJson failed for https://www.lvlupgames.ca/search/suggest.json?q=The%20Secrets%20of%20Warden%20Keene&resources[type]=product&country=CA with status: 429
[2026-09-05T03:11:08.474Z] [WARN] [WARNING] fetchJson failed for https://www.asdesjeux.com/search/suggest.json?q=The%20Secrets%20of%20Warden%20Keene&resources[type]=product&country=CA with status: 429
[2026-09-05T03:11:08.481Z] [WARN] [WARNING] fetchJson failed for https://www.tabletopcafe.ca/search/suggest.json?q=The%20Secrets%20of%20Warden%20Keene&resources[type]=product&country=CA with status: 429
[2026-09-05T03:11:08.484Z] [WARN] [WARNING] fetchJson failed for https://allsystemsgo.games/search/suggest.json?q=The%20Secrets%20of%20Warden%20Keene&resources[type]=product&country=CA with status: 429
[2026-09-05T03:11:08.517Z] [WARN] [WARNING] fetchJson failed for https://alwaysgames.ca/search/suggest.json?q=The%20Secrets%20of%20Warden%20Keene&resources[type]=product&country=CA with status: 429
[2026-09-05T03:11:08.518Z] [WARN] [WARNING] fetchJson failed for https://boardgamebandit.ca/search/suggest.json?q=The%20Secrets%20of%20Warden%20Keene&resources[type]=product&country=CA with status: 429
[2026-09-05T03:11:08.550Z] [WARN] [WARNING] fetchJson failed for https://boutiquelapioche.com/search/suggest.json?q=The%20Secrets%20of%20Warden%20Keene&resources[type]=product&country=CA with status: 429
[2026-09-05T03:11:08.557Z] [WARN] [WARNING] fetchJson failed for https://screenfreegames.com/search/suggest.json?q=The%20Secrets%20of%20Warden%20Keene&resources[type]=product&country=CA with status: 429
[2026-09-05T03:11:08.619Z] [WARN] [WARNING] fetchJson failed for https://www.woodforsheep.ca/search/suggest.json?q=The%20Secrets%20of%20Warden%20Keene&resources[type]=product&country=CA with status: 429
[2026-09-05T03:11:08.645Z] [WARN] [WARNING] fetchJson failed for https://legendswarehouse.ca/search/suggest.json?q=The%20Secrets%20of%20Warden%20Keene&resources[type]=product&country=CA with status: 429
[2026-09-05T03:11:13.745Z] [INFO] Availability check finished. Saved results to availability-liketohave.json
[2026-09-05T03:11:13.745Z] [INFO] 
============================================================
[2026-09-05T03:11:13.745Z] [INFO] RUN SUMMARY: LIKETOHAVE
[2026-09-05T03:11:13.745Z] [INFO] ------------------------------------------------------------
[2026-09-05T03:11:13.745Z] [INFO] Log File:              runlogs/2026-09-05_02-52-41Z_liketohave.log
[2026-09-05T03:11:13.745Z] [INFO] Timestamp (UTC):       2026-09-05T03:11:13.745Z
[2026-09-05T03:11:13.745Z] [INFO] Duration:              18m 32s
[2026-09-05T03:11:13.745Z] [INFO] Games Evaluated:       9
[2026-09-05T03:11:13.745Z] [INFO] Store Checks Made:     225
[2026-09-05T03:11:13.745Z] [INFO] Store Checks Skipped:  18 (6-hour cache)
[2026-09-05T03:11:13.745Z] [INFO] Total 429 Events:      132
[2026-09-05T03:11:13.745Z] [INFO] 
429 Rate Limits by Host:
[2026-09-05T03:11:13.745Z] [INFO]   - zatu.com: 15 hits (total backoff: 700s, last headers: {"retryAfter":null,"cfRay":"a36209878b41af49-SEA","reqId":null,"server":"cloudflare","shopApiLimit":null})
[2026-09-05T03:11:13.745Z] [INFO]   - www.boardgamebliss.com: 9 hits (total backoff: 420s, last headers: {"retryAfter":null,"cfRay":"a3620793296ead2d-SEA","reqId":null,"server":"cloudflare","shopApiLimit":null})
[2026-09-05T03:11:13.745Z] [INFO]   - store.401games.ca: 9 hits (total backoff: 420s, last headers: {"retryAfter":null,"cfRay":"a36207932c7ed311-SEA","reqId":null,"server":"cloudflare","shopApiLimit":null})
[2026-09-05T03:11:13.745Z] [INFO]   - www.lvlupgames.ca: 9 hits (total backoff: 420s, last headers: {"retryAfter":null,"cfRay":"a362088b2d3175a8-SEA","reqId":null,"server":"cloudflare","shopApiLimit":null})
[2026-09-05T03:11:13.745Z] [INFO]   - www.asdesjeux.com: 9 hits (total backoff: 420s, last headers: {"retryAfter":null,"cfRay":"a362088b299ddf10-SEA","reqId":null,"server":"cloudflare","shopApiLimit":null})
[2026-09-05T03:11:13.745Z] [INFO]   - www.woodforsheep.ca: 9 hits (total backoff: 420s, last headers: {"retryAfter":null,"cfRay":"a3620988facbb9f8-SEA","reqId":null,"server":"cloudflare","shopApiLimit":null})
[2026-09-05T03:11:13.745Z] [INFO]   - www.dicehollow.com: 9 hits (total backoff: 420s, last headers: {"retryAfter":null,"cfRay":"a36209879c48df10-SEA","reqId":null,"server":"cloudflare","shopApiLimit":null})
[2026-09-05T03:11:13.746Z] [INFO]   - www.tabletopcafe.ca: 9 hits (total backoff: 420s, last headers: {"retryAfter":null,"cfRay":"a36209879cf875a8-SEA","reqId":null,"server":"cloudflare","shopApiLimit":null})
[2026-09-05T03:11:13.746Z] [INFO]   - allsystemsgo.games: 9 hits (total backoff: 420s, last headers: {"retryAfter":null,"cfRay":"a36209883ea07606-SEA","reqId":null,"server":"cloudflare","shopApiLimit":null})
[2026-09-05T03:11:13.746Z] [INFO]   - boutiquelapioche.com: 9 hits (total backoff: 420s, last headers: {"retryAfter":null,"cfRay":"a3620988ff37b3e2-SEA","reqId":null,"server":"cloudflare","shopApiLimit":null})
[2026-09-05T03:11:13.746Z] [INFO]   - screenfreegames.com: 9 hits (total backoff: 420s, last headers: {"retryAfter":null,"cfRay":"a36209886b7d0b15-SEA","reqId":null,"server":"cloudflare","shopApiLimit":null})
[2026-09-05T03:11:13.746Z] [INFO]   - boardgamebandit.ca: 9 hits (total backoff: 420s, last headers: {"retryAfter":null,"cfRay":"a3620988da61a348-SEA","reqId":null,"server":"cloudflare","shopApiLimit":null})
[2026-09-05T03:11:13.746Z] [INFO]   - legendswarehouse.ca: 9 hits (total backoff: 420s, last headers: {"retryAfter":null,"cfRay":"a36209899c8cb233-SEA","reqId":null,"server":"cloudflare","shopApiLimit":null})
[2026-09-05T03:11:13.746Z] [INFO]   - alwaysgames.ca: 9 hits (total backoff: 420s, last headers: {"retryAfter":null,"cfRay":"a36209884b0edf17-SEA","reqId":null,"server":"cloudflare","shopApiLimit":null})
[2026-09-05T03:11:13.746Z] [INFO] 
Store Fetch Failures:
[2026-09-05T03:11:13.746Z] [INFO]   - zatu: 4 failures (last error: Shopify fetch failed or timed out for https://zatu.com)
[2026-09-05T03:11:13.746Z] [INFO]   - boardGameBliss: 2 failures (last error: Shopify fetch failed or timed out for https://www.boardgamebliss.com)
[2026-09-05T03:11:13.746Z] [INFO]   - lvlUpGames: 2 failures (last error: Shopify fetch failed or timed out for https://www.lvlupgames.ca)
[2026-09-05T03:11:13.746Z] [INFO]   - fourZeroOneGames: 2 failures (last error: Shopify fetch failed or timed out for https://store.401games.ca)
[2026-09-05T03:11:13.746Z] [INFO]   - asDesJeux: 2 failures (last error: Shopify fetch failed or timed out for https://www.asdesjeux.com)
[2026-09-05T03:11:13.746Z] [INFO]   - tabletopCafe: 2 failures (last error: Shopify fetch failed or timed out for https://www.tabletopcafe.ca)
[2026-09-05T03:11:13.746Z] [INFO]   - alwaysGames: 2 failures (last error: Shopify fetch failed or timed out for https://alwaysgames.ca)
[2026-09-05T03:11:13.746Z] [INFO]   - allSystemsGo: 2 failures (last error: Shopify fetch failed or timed out for https://allsystemsgo.games)
[2026-09-05T03:11:13.746Z] [INFO]   - screenFreeGames: 2 failures (last error: Shopify fetch failed or timed out for https://screenfreegames.com)
[2026-09-05T03:11:13.746Z] [INFO]   - woodForSheep: 2 failures (last error: Shopify fetch failed or timed out for https://www.woodforsheep.ca)
[2026-09-05T03:11:13.746Z] [INFO]   - laPioche: 2 failures (last error: Shopify fetch failed or timed out for https://boutiquelapioche.com)
[2026-09-05T03:11:13.746Z] [INFO]   - diceHollow: 2 failures (last error: Shopify fetch failed or timed out for https://www.dicehollow.com)
[2026-09-05T03:11:13.746Z] [INFO]   - boardGameBandit: 2 failures (last error: Shopify fetch failed or timed out for https://boardgamebandit.ca)
[2026-09-05T03:11:13.746Z] [INFO]   - legendsWarehouse: 2 failures (last error: Shopify fetch failed or timed out for https://legendswarehouse.ca)
[2026-09-05T03:11:13.746Z] [INFO] ============================================================

