[2026-09-06T02:16:12.121Z] [INFO] Starting like to have games availability check...
[2026-09-06T02:16:12.121Z] [INFO] Loaded 5 skipped seller(s).
[2026-09-06T02:16:12.124Z] [INFO] Found 9 games in Like to Have list.
[2026-09-06T02:16:12.124Z] [INFO] [1/9] "Fantastic Factories": skipped 27 stores checked within 6 hours. Checking remaining 0 stores (0 Shopify, 0 others)...
[2026-09-06T02:16:12.124Z] [INFO] [2/9] "Fantastic Factories: Manufactions": skipped 27 stores checked within 6 hours. Checking remaining 0 stores (0 Shopify, 0 others)...
[2026-09-06T02:16:12.124Z] [INFO] [3/9] "Fantastic Factories: Subterfuge": skipped 27 stores checked within 6 hours. Checking remaining 0 stores (0 Shopify, 0 others)...
[2026-09-06T02:16:12.125Z] [INFO] [4/9] "The Glasgow Train Robbery": skipped 27 stores checked within 6 hours. Checking remaining 0 stores (0 Shopify, 0 others)...
[2026-09-06T02:16:12.125Z] [INFO] [5/9] "Joan of Arc: Orléans Draw & Write": skipped 27 stores checked within 6 hours. Checking remaining 0 stores (0 Shopify, 0 others)...
[2026-09-06T02:16:12.126Z] [INFO] [6/9] "Orapa Mine": skipped 27 stores checked within 6 hours. Checking remaining 0 stores (0 Shopify, 0 others)...
[2026-09-06T02:16:12.126Z] [INFO] [7/9] "Orapa Space": skipped 27 stores checked within 6 hours. Checking remaining 0 stores (0 Shopify, 0 others)...
[2026-09-06T02:16:12.126Z] [INFO] [8/9] "Queen of Spies": skipped 27 stores checked within 6 hours. Checking remaining 0 stores (0 Shopify, 0 others)...
[2026-09-06T02:16:12.126Z] [INFO] [9/9] "The Secrets of Warden Keene": skipped 27 stores checked within 6 hours. Checking remaining 0 stores (0 Shopify, 0 others)...
[2026-09-06T02:16:12.127Z] [INFO] Availability check finished. Saved results to availability-liketohave.json
[2026-09-06T02:16:12.127Z] [INFO] 
============================================================
[2026-09-06T02:16:12.127Z] [INFO] RUN SUMMARY: LIKETOHAVE
[2026-09-06T02:16:12.127Z] [INFO] ------------------------------------------------------------
[2026-09-06T02:16:12.127Z] [INFO] Log File:              runlogs/2026-09-06_02-16-12Z_liketohave.log
[2026-09-06T02:16:12.127Z] [INFO] Timestamp (UTC):       2026-09-06T02:16:12.127Z
[2026-09-06T02:16:12.127Z] [INFO] Duration:              0m 0s
[2026-09-06T02:16:12.127Z] [INFO] Games Evaluated:       9
[2026-09-06T02:16:12.127Z] [INFO] Store Checks Made:     0
[2026-09-06T02:16:12.127Z] [INFO] Store Checks Skipped:  243 (6-hour cache)
[2026-09-06T02:16:12.127Z] [INFO] Total 429 Events:      0
[2026-09-06T02:16:12.127Z] [INFO] ============================================================

