[2026-09-04T12:16:51.418Z] [INFO] Starting like to have games availability check...
[2026-09-04T12:16:51.419Z] [INFO] Loaded 5 skipped seller(s).
[2026-09-04T12:16:51.423Z] [INFO] Found 11 games in Like to Have list.
[2026-09-04T12:16:51.587Z] [INFO] [1/11] "Fantastic Factories": Checking all 26 stores...
[2026-09-04T12:17:03.023Z] [INFO] [2/11] "Fantastic Factories: Manufactions": Checking all 26 stores...
[2026-09-04T12:17:13.303Z] [INFO] [3/11] "Fantastic Factories: Subterfuge": Checking all 26 stores...
[2026-09-04T12:17:22.914Z] [INFO] [4/11] "The Glasgow Train Robbery": Checking all 26 stores...
[2026-09-04T12:17:32.492Z] [INFO] [5/11] "Joan of Arc: Orléans Draw & Write": Checking all 26 stores...
[2026-09-04T12:17:46.638Z] [INFO] [6/11] "Orapa Mine": Checking all 26 stores...
[2026-09-04T12:17:55.898Z] [INFO] [7/11] "Orapa Space": Checking all 26 stores...
[2026-09-04T12:18:05.294Z] [INFO] [8/11] "Queen of Spies": Checking all 26 stores...
[2026-09-04T12:18:14.803Z] [INFO] [9/11] "The Search for Planet X": Checking all 26 stores...
[2026-09-04T12:18:24.541Z] [INFO] [10/11] "The Secrets of Warden Keene": Checking all 26 stores...
[2026-09-04T12:18:34.260Z] [INFO] [11/11] "Siege of Valeria": Checking all 26 stores...
[2026-09-04T12:18:43.852Z] [INFO] Availability check finished. Saved results to availability-liketohave.json
[2026-09-04T12:18:43.852Z] [INFO] 
============================================================
[2026-09-04T12:18:43.852Z] [INFO] RUN SUMMARY: LIKETOHAVE
[2026-09-04T12:18:43.852Z] [INFO] ------------------------------------------------------------
[2026-09-04T12:18:43.852Z] [INFO] Log File:              runlogs/2026-09-04_12-16-51Z_liketohave.log
[2026-09-04T12:18:43.852Z] [INFO] Timestamp (UTC):       2026-09-04T12:18:43.852Z
[2026-09-04T12:18:43.852Z] [INFO] Duration:              1m 52s
[2026-09-04T12:18:43.852Z] [INFO] Games Evaluated:       11
[2026-09-04T12:18:43.852Z] [INFO] Store Checks Made:     286
[2026-09-04T12:18:43.852Z] [INFO] Store Checks Skipped:  0 (6-hour cache)
[2026-09-04T12:18:43.852Z] [INFO] Total 429 Events:      0
[2026-09-04T12:18:43.852Z] [INFO] ============================================================

