[2026-09-06T11:50:07.943Z] [INFO] Starting like to have games availability check...
[2026-09-06T11:50:07.944Z] [INFO] Loaded 5 skipped seller(s).
[2026-09-06T11:50:07.948Z] [INFO] Found 9 games in Like to Have list.
[2026-09-06T11:50:07.948Z] [INFO] [1/9] "Fantastic Factories": Checking all 27 stores (15 Shopify, 12 others)...
[2026-09-06T11:50:23.855Z] [INFO] [2/9] "Fantastic Factories: Manufactions": Checking all 27 stores (15 Shopify, 12 others)...
[2026-09-06T11:50:38.698Z] [INFO] [3/9] "Fantastic Factories: Subterfuge": Checking all 27 stores (15 Shopify, 12 others)...
[2026-09-06T11:50:53.796Z] [INFO] [4/9] "The Glasgow Train Robbery": Checking all 27 stores (15 Shopify, 12 others)...
[2026-09-06T11:51:09.429Z] [INFO] [5/9] "Joan of Arc: Orléans Draw & Write": Checking all 27 stores (15 Shopify, 12 others)...
[2026-09-06T11:51:24.316Z] [INFO] [6/9] "Orapa Mine": Checking all 27 stores (15 Shopify, 12 others)...
[2026-09-06T11:51:39.555Z] [INFO] [7/9] "Orapa Space": Checking all 27 stores (15 Shopify, 12 others)...
[2026-09-06T11:51:54.260Z] [INFO] [8/9] "Queen of Spies": Checking all 27 stores (15 Shopify, 12 others)...
[2026-09-06T11:52:09.755Z] [INFO] [9/9] "The Secrets of Warden Keene": Checking all 27 stores (15 Shopify, 12 others)...
[2026-09-06T11:52:25.731Z] [INFO] Availability check finished. Saved results to availability-liketohave.json
[2026-09-06T11:52:25.732Z] [INFO] 
============================================================
[2026-09-06T11:52:25.732Z] [INFO] RUN SUMMARY: LIKETOHAVE
[2026-09-06T11:52:25.732Z] [INFO] ------------------------------------------------------------
[2026-09-06T11:52:25.732Z] [INFO] Log File:              runlogs/2026-09-06_11-50-07Z_liketohave.log
[2026-09-06T11:52:25.732Z] [INFO] Timestamp (UTC):       2026-09-06T11:52:25.732Z
[2026-09-06T11:52:25.732Z] [INFO] Duration:              2m 18s
[2026-09-06T11:52:25.732Z] [INFO] Games Evaluated:       9
[2026-09-06T11:52:25.732Z] [INFO] Store Checks Made:     243
[2026-09-06T11:52:25.732Z] [INFO] Store Checks Skipped:  0 (6-hour cache)
[2026-09-06T11:52:25.732Z] [INFO] Total 429 Events:      0
[2026-09-06T11:52:25.732Z] [INFO] ============================================================

