[2026-09-04T01:55:58.349Z] [INFO] Starting board game availability check...
[2026-09-04T01:55:58.353Z] [INFO] Loaded 5 skipped seller(s).
[2026-09-04T01:55:58.357Z] [INFO] Found 49 games in Wanted list (15 Want to Buy, 34 Want in Trade only).
[2026-09-04T01:55:58.357Z] [INFO] [1/49] "Adamastor" (Want in Trade only): Checking BGG Market only...
[2026-09-04T01:56:03.520Z] [INFO] [2/49] "Archaeology: The New Expedition" (Want in Trade only): Checking BGG Market only...
[2026-09-04T01:56:03.520Z] [INFO] [3/49] "Bag of Butts" (Want in Trade only): Checking BGG Market only...
[2026-09-04T01:56:08.596Z] [INFO] [4/49] "Batman: The Animated Series Dice Game" (Want in Trade only): Checking BGG Market only...
[2026-09-04T01:56:13.693Z] [INFO] [5/49] "Black Sonata" (Want in Trade only): Checking BGG Market only...
[2026-09-04T01:56:13.695Z] [INFO] [6/49] "The Crows of Coppershell Bay" (Want in Trade only): Checking BGG Market only...
[2026-09-04T01:56:18.766Z] [INFO] [7/49] "Dice Cards" (Want in Trade only): Checking BGG Market only...
[2026-09-04T01:56:23.847Z] [INFO] [8/49] "Dicemancy" (Want in Trade only): Checking BGG Market only...
[2026-09-04T01:56:28.944Z] [INFO] [9/49] "The Duke" (Want in Trade only): Checking BGG Market only...
[2026-09-04T01:56:34.021Z] [INFO] [10/49] "Dungeon Mayhem: Monster Madness" (Want in Trade only): Checking BGG Market only...
[2026-09-04T01:56:39.097Z] [INFO] [11/49] "Elevenses for One" (Want in Trade only): Checking BGG Market only...
[2026-09-04T01:56:44.221Z] [INFO] [12/49] "Extreme Race: Card Game" (Want in Trade only): Checking BGG Market only...
[2026-09-04T01:56:49.295Z] [INFO] [13/49] "Fugitive (Second Edition)" (Want in Trade only): Checking BGG Market only...
[2026-09-04T01:56:54.366Z] [INFO] [14/49] "A Gentle Rain" (Want in Trade only): Checking BGG Market only...
[2026-09-04T01:56:59.441Z] [INFO] [15/49] "Hadrian's Wall" (Want in Trade only): Checking BGG Market only...
[2026-09-04T01:56:59.443Z] [INFO] [16/49] "Happy City" (Want in Trade only): Checking BGG Market only...
[2026-09-04T01:57:04.654Z] [INFO] [17/49] "Heureka" (Want in Trade only): Checking BGG Market only...
[2026-09-04T01:57:09.726Z] [INFO] [18/49] "Kryptos" (Want in Trade only): Checking BGG Market only...
[2026-09-04T01:57:14.803Z] [INFO] [19/49] "Maquis" (Want in Trade only): Checking BGG Market only...
[2026-09-04T01:57:19.884Z] [INFO] [20/49] "Mental Blocks" (Want in Trade only): Checking BGG Market only...
[2026-09-04T01:57:24.959Z] [INFO] [21/49] "Numbsters" (Want in Trade only): Checking BGG Market only...
[2026-09-04T01:57:30.103Z] [INFO] [22/49] "Panda Royale" (Want in Trade only): Checking BGG Market only...
[2026-09-04T01:57:35.187Z] [INFO] [23/49] "Paper Dungeons: A Dungeon Scrawler Game" (Want in Trade only): Checking BGG Market only...
[2026-09-04T01:57:35.187Z] [INFO] [24/49] "Parade" (Want in Trade only): Checking BGG Market only...
[2026-09-04T01:57:40.389Z] [INFO] [25/49] "The Path of the Priest" (Want in Trade only): Checking BGG Market only...
[2026-09-04T01:57:45.464Z] [INFO] [26/49] "Plague of Dracula" (Want in Trade only): Checking BGG Market only...
[2026-09-04T01:57:50.538Z] [INFO] [27/49] "Pulp Romance" (Want in Trade only): Checking BGG Market only...
[2026-09-04T01:57:55.610Z] [INFO] [28/49] "Regicide Legacy" (Want in Trade only): Checking BGG Market only...
[2026-09-04T01:58:00.678Z] [INFO] [29/49] "Rome: Fate of an Empire" (Want in Trade only): Checking BGG Market only...
[2026-09-04T01:58:05.749Z] [INFO] [30/49] "The Siege of Shaddis Horne" (Want in Trade only): Checking BGG Market only...
[2026-09-04T01:58:10.827Z] [INFO] [31/49] "The Thing That Should Not Be" (Want in Trade only): Checking BGG Market only...
[2026-09-04T01:58:16.060Z] [INFO] [32/49] "Triovision" (Want in Trade only): Checking BGG Market only...
[2026-09-04T01:58:21.133Z] [INFO] [33/49] "Tybor the Builder" (Want in Trade only): Checking BGG Market only...
[2026-09-04T01:58:26.206Z] [INFO] [34/49] "Unsurmountable: Expansion Collection" (Want in Trade only): Checking BGG Market only...
[2026-09-04T01:58:31.395Z] [INFO] [35/49] "The Anarchy": skipped 6 stores checked within 6 hours. Checking remaining 20 stores...
[2026-09-04T01:58:41.755Z] [INFO] [36/49] "Back to the Future: Back in Time": skipped 3 stores checked within 6 hours. Checking remaining 23 stores...
[2026-09-04T01:58:50.434Z] [INFO] [37/49] "Blink": skipped 2 stores checked within 6 hours. Checking remaining 24 stores...
[2026-09-04T01:58:58.975Z] [INFO] [38/49] "Coffee Roaster": skipped 2 stores checked within 6 hours. Checking remaining 24 stores...
[2026-09-04T01:59:07.673Z] [INFO] [39/49] "Fliptown": skipped 2 stores checked within 6 hours. Checking remaining 24 stores...
[2026-09-04T01:59:16.415Z] [INFO] [40/49] "Illusion": skipped 3 stores checked within 6 hours. Checking remaining 23 stores...
[2026-09-04T01:59:25.144Z] [INFO] [41/49] "Kronologic: Babylon 2500": skipped 2 stores checked within 6 hours. Checking remaining 24 stores...
[2026-09-04T01:59:33.835Z] [INFO] [42/49] "Kronologic: Cuzco 1450": skipped 2 stores checked within 6 hours. Checking remaining 24 stores...
[2026-09-04T01:59:43.143Z] [INFO] [43/49] "Kronologic: Paris 1920": skipped 2 stores checked within 6 hours. Checking remaining 24 stores...
[2026-09-04T01:59:51.776Z] [INFO] [44/49] "Legacy of Yu": skipped 2 stores checked within 6 hours. Checking remaining 24 stores...
[2026-09-04T02:00:00.466Z] [INFO] [45/49] "Marvel Mayhem": skipped 3 stores checked within 6 hours. Checking remaining 23 stores...
[2026-09-04T02:00:09.207Z] [INFO] [46/49] "Onirim (Second Edition)": skipped 3 stores checked within 6 hours. Checking remaining 23 stores...
[2026-09-04T02:00:17.752Z] [INFO] [47/49] "Spots": skipped 2 stores checked within 6 hours. Checking remaining 24 stores...
[2026-09-04T02:00:28.403Z] [INFO] [48/49] "Tiwanaku": skipped 2 stores checked within 6 hours. Checking remaining 24 stores...
[2026-09-04T02:00:36.965Z] [INFO] [49/49] "Witchcraft!": skipped 2 stores checked within 6 hours. Checking remaining 24 stores...
[2026-09-04T02:00:46.351Z] [INFO] Availability check finished. Saved results to availability.json
[2026-09-04T02:00:46.351Z] [INFO] 
============================================================
[2026-09-04T02:00:46.351Z] [INFO] RUN SUMMARY: WANTTOBUY
[2026-09-04T02:00:46.351Z] [INFO] ------------------------------------------------------------
[2026-09-04T02:00:46.351Z] [INFO] Log File:              runlogs/2026-09-04_01-55-58Z_wanttobuy.log
[2026-09-04T02:00:46.351Z] [INFO] Timestamp (UTC):       2026-09-04T02:00:46.351Z
[2026-09-04T02:00:46.351Z] [INFO] Duration:              4m 48s
[2026-09-04T02:00:46.351Z] [INFO] Games Evaluated:       49
[2026-09-04T02:00:46.351Z] [INFO] Store Checks Made:     382
[2026-09-04T02:00:46.351Z] [INFO] Store Checks Skipped:  42 (6-hour cache)
[2026-09-04T02:00:46.351Z] [INFO] Total 429 Events:      0
[2026-09-04T02:00:46.351Z] [INFO] ============================================================

