[2026-09-04T19:01:51.886Z] [INFO] Starting board game availability check...
[2026-09-04T19:01:51.890Z] [INFO] Loaded 5 skipped seller(s).
[2026-09-04T19:01:51.895Z] [INFO] Found 49 games in Wanted list (15 Want to Buy, 34 Want in Trade only).
[2026-09-04T19:01:51.896Z] [INFO] [1/49] "Adamastor" (Want in Trade only): Checking BGG Market only...
[2026-09-04T19:01:56.998Z] [INFO] [2/49] "Archaeology: The New Expedition" (Want in Trade only): Checking BGG Market only...
[2026-09-04T19:02:02.078Z] [INFO] [3/49] "Bag of Butts" (Want in Trade only): Checking BGG Market only...
[2026-09-04T19:02:07.158Z] [INFO] [4/49] "Batman: The Animated Series Dice Game" (Want in Trade only): Checking BGG Market only...
[2026-09-04T19:02:12.249Z] [INFO] [5/49] "Black Sonata" (Want in Trade only): Checking BGG Market only...
[2026-09-04T19:02:17.331Z] [INFO] [6/49] "The Crows of Coppershell Bay" (Want in Trade only): Checking BGG Market only...
[2026-09-04T19:02:22.408Z] [INFO] [7/49] "Dice Cards" (Want in Trade only): Checking BGG Market only...
[2026-09-04T19:02:27.500Z] [INFO] [8/49] "Dicemancy" (Want in Trade only): Checking BGG Market only...
[2026-09-04T19:02:32.581Z] [INFO] [9/49] "The Duke" (Want in Trade only): Checking BGG Market only...
[2026-09-04T19:02:37.667Z] [INFO] [10/49] "Dungeon Mayhem: Monster Madness" (Want in Trade only): Checking BGG Market only...
[2026-09-04T19:02:42.748Z] [INFO] [11/49] "Elevenses for One" (Want in Trade only): Checking BGG Market only...
[2026-09-04T19:02:47.832Z] [INFO] [12/49] "Extreme Race: Card Game" (Want in Trade only): Checking BGG Market only...
[2026-09-04T19:02:52.926Z] [INFO] [13/49] "Fugitive (Second Edition)" (Want in Trade only): Checking BGG Market only...
[2026-09-04T19:02:58.008Z] [INFO] [14/49] "A Gentle Rain" (Want in Trade only): Checking BGG Market only...
[2026-09-04T19:03:03.114Z] [INFO] [15/49] "Hadrian's Wall" (Want in Trade only): Checking BGG Market only...
[2026-09-04T19:03:08.336Z] [INFO] [16/49] "Happy City" (Want in Trade only): Checking BGG Market only...
[2026-09-04T19:03:13.409Z] [INFO] [17/49] "Heureka" (Want in Trade only): Checking BGG Market only...
[2026-09-04T19:03:18.511Z] [INFO] [18/49] "Kryptos" (Want in Trade only): Checking BGG Market only...
[2026-09-04T19:03:23.589Z] [INFO] [19/49] "Maquis" (Want in Trade only): Checking BGG Market only...
[2026-09-04T19:03:28.668Z] [INFO] [20/49] "Mental Blocks" (Want in Trade only): Checking BGG Market only...
[2026-09-04T19:03:33.742Z] [INFO] [21/49] "Numbsters" (Want in Trade only): Checking BGG Market only...
[2026-09-04T19:03:38.817Z] [INFO] [22/49] "Panda Royale" (Want in Trade only): Checking BGG Market only...
[2026-09-04T19:03:43.892Z] [INFO] [23/49] "Paper Dungeons: A Dungeon Scrawler Game" (Want in Trade only): Checking BGG Market only...
[2026-09-04T19:03:48.965Z] [INFO] [24/49] "Parade" (Want in Trade only): Checking BGG Market only...
[2026-09-04T19:03:54.050Z] [INFO] [25/49] "The Path of the Priest" (Want in Trade only): Checking BGG Market only...
[2026-09-04T19:03:59.133Z] [INFO] [26/49] "Plague of Dracula" (Want in Trade only): Checking BGG Market only...
[2026-09-04T19:04:04.213Z] [INFO] [27/49] "Pulp Romance" (Want in Trade only): Checking BGG Market only...
[2026-09-04T19:04:09.332Z] [INFO] [28/49] "Regicide Legacy" (Want in Trade only): Checking BGG Market only...
[2026-09-04T19:04:14.412Z] [INFO] [29/49] "Rome: Fate of an Empire" (Want in Trade only): Checking BGG Market only...
[2026-09-04T19:04:19.487Z] [INFO] [30/49] "The Siege of Shaddis Horne" (Want in Trade only): Checking BGG Market only...
[2026-09-04T19:04:24.588Z] [INFO] [31/49] "The Thing That Should Not Be" (Want in Trade only): Checking BGG Market only...
[2026-09-04T19:04:29.668Z] [INFO] [32/49] "Triovision" (Want in Trade only): Checking BGG Market only...
[2026-09-04T19:04:34.743Z] [INFO] [33/49] "Tybor the Builder" (Want in Trade only): Checking BGG Market only...
[2026-09-04T19:04:39.820Z] [INFO] [34/49] "Unsurmountable: Expansion Collection" (Want in Trade only): Checking BGG Market only...
[2026-09-04T19:04:45.028Z] [INFO] [35/49] "The Anarchy": Checking all 26 stores...
[2026-09-04T19:04:49.490Z] [WARN] [WARNING] fetchJson failed for https://allsystemsgo.games/search/suggest.json?q=The%20Anarchy&resources[type]=product with status: 500
[2026-09-04T19:04:58.514Z] [INFO] [36/49] "Back to the Future: Back in Time": Checking all 26 stores...
[2026-09-04T19:05:02.831Z] [WARN] [WARNING] fetchJson failed for https://www.dicehollow.com/search/suggest.json?q=Back%20to%20the%20Future%3A%20Back%20in%20Time&resources[type]=product with status: 500
[2026-09-04T19:05:03.782Z] [WARN] [WARNING] fetchJson failed for https://alwaysgames.ca/search/suggest.json?q=Back%20to%20the%20Future&resources[type]=product with status: 500
[2026-09-04T19:05:08.816Z] [INFO] [37/49] "Blink": Checking all 26 stores...
[2026-09-04T19:05:09.249Z] [WARN] [429 RATE LIMIT] Rate limited on store.401games.ca (retry 1/3). Backing off for 20s... [server=cloudflare, retry-after=none, cf-ray=a35f43989821433c-DFW]
[2026-09-04T19:05:09.294Z] [WARN] [429 RATE LIMIT] Rate limited on www.asdesjeux.com (retry 1/3). Backing off for 20s... [server=cloudflare, retry-after=none, cf-ray=a35f4398eacd38f4-DFW]
[2026-09-04T19:05:09.387Z] [INFO] [Shopify Cooldown] Pausing 19.9s to respect rate limits...
[2026-09-04T19:05:09.562Z] [INFO] [Shopify Cooldown] Pausing 19.7s to respect rate limits...
[2026-09-04T19:05:09.710Z] [INFO] [Shopify Cooldown] Pausing 19.6s to respect rate limits...
[2026-09-04T19:05:09.860Z] [INFO] [Shopify Cooldown] Pausing 19.4s to respect rate limits...
[2026-09-04T19:05:10.015Z] [INFO] [Shopify Cooldown] Pausing 19.3s to respect rate limits...
[2026-09-04T19:05:10.165Z] [INFO] [Shopify Cooldown] Pausing 19.1s to respect rate limits...
[2026-09-04T19:05:10.315Z] [INFO] [Shopify Cooldown] Pausing 19.0s to respect rate limits...
[2026-09-04T19:05:10.465Z] [INFO] [Shopify Cooldown] Pausing 18.8s to respect rate limits...
[2026-09-04T19:05:10.615Z] [INFO] [Shopify Cooldown] Pausing 18.7s to respect rate limits...
[2026-09-04T19:05:10.766Z] [INFO] [Shopify Cooldown] Pausing 18.5s to respect rate limits...
[2026-09-04T19:05:29.258Z] [INFO] [Shopify Cooldown] Pausing 0.0s to respect rate limits...
[2026-09-04T19:05:29.360Z] [WARN] [429 RATE LIMIT] Rate limited on www.dicehollow.com (retry 1/3). Backing off for 20s... [server=cloudflare, retry-after=none, cf-ray=a35f44165eaf10c5-DFW]
[2026-09-04T19:05:29.361Z] [WARN] [429 RATE LIMIT] Rate limited on allsystemsgo.games (retry 1/3). Backing off for 20s... [server=cloudflare, retry-after=none, cf-ray=a35f44165d8cb1a1-DFW]
[2026-09-04T19:05:29.369Z] [WARN] [429 RATE LIMIT] Rate limited on www.woodforsheep.ca (retry 1/3). Backing off for 20s... [server=cloudflare, retry-after=none, cf-ray=a35f441659b3e573-DFW]
[2026-09-04T19:05:29.436Z] [WARN] [429 RATE LIMIT] Rate limited on boardgamebandit.ca (retry 1/3). Backing off for 20s... [server=cloudflare, retry-after=none, cf-ray=a35f4416caab6a03-DFW]
[2026-09-04T19:05:29.457Z] [WARN] [429 RATE LIMIT] Rate limited on store.401games.ca (retry 2/3). Backing off for 40s... [server=cloudflare, retry-after=none, cf-ray=a35f4416dd67f084-DFW]
[2026-09-04T19:05:29.462Z] [WARN] [429 RATE LIMIT] Rate limited on boutiquelapioche.com (retry 1/3). Backing off for 20s... [server=cloudflare, retry-after=none, cf-ray=a35f4416fe40475d-DFW]
[2026-09-04T19:05:29.526Z] [WARN] [429 RATE LIMIT] Rate limited on legendswarehouse.ca (retry 1/3). Backing off for 20s... [server=cloudflare, retry-after=none, cf-ray=a35f44175e08a912-DFW]
[2026-09-04T19:05:29.528Z] [WARN] [429 RATE LIMIT] Rate limited on screenfreegames.com (retry 1/3). Backing off for 20s... [server=cloudflare, retry-after=none, cf-ray=a35f44176c946fa8-DFW]
[2026-09-04T19:05:49.369Z] [INFO] [Shopify Cooldown] Pausing 0.2s to respect rate limits...
[2026-09-04T19:05:49.369Z] [INFO] [Shopify Cooldown] Pausing 0.2s to respect rate limits...
[2026-09-04T19:05:49.369Z] [INFO] [Shopify Cooldown] Pausing 0.2s to respect rate limits...
[2026-09-04T19:05:49.437Z] [INFO] [Shopify Cooldown] Pausing 0.1s to respect rate limits...
[2026-09-04T19:05:49.462Z] [INFO] [Shopify Cooldown] Pausing 0.1s to respect rate limits...
[2026-09-04T19:05:49.526Z] [INFO] [Shopify Cooldown] Pausing 0.0s to respect rate limits...
[2026-09-04T19:05:49.585Z] [WARN] [429 RATE LIMIT] Rate limited on www.dicehollow.com (retry 2/3). Backing off for 40s... [server=cloudflare, retry-after=none, cf-ray=a35f4494bd72e573-DFW]
[2026-09-04T19:05:49.596Z] [WARN] [429 RATE LIMIT] Rate limited on allsystemsgo.games (retry 2/3). Backing off for 40s... [server=cloudflare, retry-after=none, cf-ray=a35f4494cfceb1a1-DFW]
[2026-09-04T19:05:49.670Z] [WARN] [429 RATE LIMIT] Rate limited on boutiquelapioche.com (retry 2/3). Backing off for 40s... [server=cloudflare, retry-after=none, cf-ray=a35f44953ecf475d-DFW]
[2026-09-04T19:05:49.889Z] [WARN] [429 RATE LIMIT] Rate limited on legendswarehouse.ca (retry 2/3). Backing off for 40s... [server=cloudflare, retry-after=none, cf-ray=a35f4496aa8c6fa8-DFW]
[2026-09-04T19:06:09.460Z] [INFO] [Shopify Cooldown] Pausing 20.4s to respect rate limits...
[2026-09-04T19:06:29.605Z] [INFO] [Shopify Cooldown] Pausing 0.3s to respect rate limits...
[2026-09-04T19:06:29.606Z] [INFO] [Shopify Cooldown] Pausing 0.3s to respect rate limits...
[2026-09-04T19:06:29.670Z] [INFO] [Shopify Cooldown] Pausing 0.2s to respect rate limits...
[2026-09-04T19:06:29.951Z] [WARN] [429 RATE LIMIT] Rate limited on store.401games.ca (retry 3/3). Backing off for 80s... [server=cloudflare, retry-after=none, cf-ray=a35f45910bace573-DFW]
[2026-09-04T19:06:29.952Z] [WARN] [429 RATE LIMIT] Rate limited on allsystemsgo.games (retry 3/3). Backing off for 80s... [server=cloudflare, retry-after=none, cf-ray=a35f45910835b1a1-DFW]
[2026-09-04T19:06:30.010Z] [WARN] [429 RATE LIMIT] Rate limited on boutiquelapioche.com (retry 3/3). Backing off for 80s... [server=cloudflare, retry-after=none, cf-ray=a35f45914839475d-DFW]
[2026-09-04T19:07:49.953Z] [INFO] [Shopify Cooldown] Pausing 0.1s to respect rate limits...
[2026-09-04T19:07:49.953Z] [INFO] [Shopify Cooldown] Pausing 0.1s to respect rate limits...
[2026-09-04T19:07:50.067Z] [WARN] [WARNING] fetchJson failed for https://store.401games.ca/search/suggest.json?q=Blink&resources[type]=product with status: 429
[2026-09-04T19:07:50.086Z] [WARN] [WARNING] fetchJson failed for https://allsystemsgo.games/search/suggest.json?q=Blink&resources[type]=product with status: 429
[2026-09-04T19:07:50.165Z] [WARN] [WARNING] fetchJson failed for https://boutiquelapioche.com/search/suggest.json?q=Blink&resources[type]=product with status: 429
[2026-09-04T19:07:55.174Z] [INFO] [38/49] "Coffee Roaster": Checking all 26 stores...
[2026-09-04T19:07:55.552Z] [WARN] [429 RATE LIMIT] Rate limited on store.401games.ca (retry 1/3). Backing off for 20s... [server=cloudflare, retry-after=none, cf-ray=a35f47a80eedf084-DFW]
[2026-09-04T19:07:55.619Z] [INFO] [Shopify Cooldown] Pausing 19.9s to respect rate limits...
[2026-09-04T19:07:55.772Z] [INFO] [Shopify Cooldown] Pausing 19.8s to respect rate limits...
[2026-09-04T19:07:55.924Z] [INFO] [Shopify Cooldown] Pausing 19.6s to respect rate limits...
[2026-09-04T19:07:56.073Z] [INFO] [Shopify Cooldown] Pausing 19.5s to respect rate limits...
[2026-09-04T19:07:56.223Z] [INFO] [Shopify Cooldown] Pausing 19.3s to respect rate limits...
[2026-09-04T19:07:56.373Z] [INFO] [Shopify Cooldown] Pausing 19.2s to respect rate limits...
[2026-09-04T19:07:56.523Z] [INFO] [Shopify Cooldown] Pausing 19.0s to respect rate limits...
[2026-09-04T19:07:56.674Z] [INFO] [Shopify Cooldown] Pausing 18.9s to respect rate limits...
[2026-09-04T19:07:56.823Z] [INFO] [Shopify Cooldown] Pausing 18.7s to respect rate limits...
[2026-09-04T19:07:56.973Z] [INFO] [Shopify Cooldown] Pausing 18.6s to respect rate limits...
[2026-09-04T19:07:57.124Z] [INFO] [Shopify Cooldown] Pausing 18.4s to respect rate limits...
[2026-09-04T19:08:15.618Z] [WARN] [429 RATE LIMIT] Rate limited on allsystemsgo.games (retry 1/3). Backing off for 20s... [server=cloudflare, retry-after=none, cf-ray=a35f48257d0eb1a1-DFW]
[2026-09-04T19:08:15.627Z] [WARN] [429 RATE LIMIT] Rate limited on www.woodforsheep.ca (retry 1/3). Backing off for 20s... [server=cloudflare, retry-after=none, cf-ray=a35f48257f4ee573-DFW]
[2026-09-04T19:08:15.693Z] [WARN] [429 RATE LIMIT] Rate limited on www.dicehollow.com (retry 1/3). Backing off for 20s... [server=cloudflare, retry-after=none, cf-ray=a35f4825ecbdf084-DFW]
[2026-09-04T19:08:15.699Z] [WARN] [429 RATE LIMIT] Rate limited on boutiquelapioche.com (retry 1/3). Backing off for 20s... [server=cloudflare, retry-after=none, cf-ray=a35f4825eaca475d-DFW]
[2026-09-04T19:08:15.769Z] [WARN] [429 RATE LIMIT] Rate limited on screenfreegames.com (retry 1/3). Backing off for 20s... [server=cloudflare, retry-after=none, cf-ray=a35f48265cb2a912-DFW]
[2026-09-04T19:08:15.778Z] [WARN] [429 RATE LIMIT] Rate limited on www.tabletopcafe.ca (retry 1/3). Backing off for 20s... [server=cloudflare, retry-after=none, cf-ray=a35f482668f5f06d-DFW]
[2026-09-04T19:08:15.795Z] [WARN] [429 RATE LIMIT] Rate limited on www.asdesjeux.com (retry 1/3). Backing off for 20s... [server=cloudflare, retry-after=none, cf-ray=a35f4826895d433c-DFW]
[2026-09-04T19:08:15.859Z] [WARN] [429 RATE LIMIT] Rate limited on alwaysgames.ca (retry 1/3). Backing off for 20s... [server=cloudflare, retry-after=none, cf-ray=a35f4826cb872c93-DFW]
[2026-09-04T19:08:35.627Z] [INFO] [Shopify Cooldown] Pausing 0.2s to respect rate limits...
[2026-09-04T19:08:35.628Z] [INFO] [Shopify Cooldown] Pausing 0.2s to respect rate limits...
[2026-09-04T19:08:35.694Z] [INFO] [Shopify Cooldown] Pausing 0.2s to respect rate limits...
[2026-09-04T19:08:35.699Z] [INFO] [Shopify Cooldown] Pausing 0.2s to respect rate limits...
[2026-09-04T19:08:35.769Z] [INFO] [Shopify Cooldown] Pausing 0.1s to respect rate limits...
[2026-09-04T19:08:35.778Z] [INFO] [Shopify Cooldown] Pausing 0.1s to respect rate limits...
[2026-09-04T19:08:35.795Z] [INFO] [Shopify Cooldown] Pausing 0.1s to respect rate limits...
[2026-09-04T19:08:35.921Z] [WARN] [429 RATE LIMIT] Rate limited on allsystemsgo.games (retry 2/3). Backing off for 40s... [server=cloudflare, retry-after=none, cf-ray=a35f48a45ba5b1a1-DFW]
[2026-09-04T19:08:35.925Z] [WARN] [429 RATE LIMIT] Rate limited on www.woodforsheep.ca (retry 2/3). Backing off for 40s... [server=cloudflare, retry-after=none, cf-ray=a35f48a45936e573-DFW]
[2026-09-04T19:08:35.994Z] [WARN] [429 RATE LIMIT] Rate limited on boutiquelapioche.com (retry 2/3). Backing off for 40s... [server=cloudflare, retry-after=none, cf-ray=a35f48a4ce2e475d-DFW]
[2026-09-04T19:08:35.998Z] [WARN] [429 RATE LIMIT] Rate limited on www.tabletopcafe.ca (retry 2/3). Backing off for 40s... [server=cloudflare, retry-after=none, cf-ray=a35f48a4c8e9f084-DFW]
[2026-09-04T19:08:35.999Z] [WARN] [429 RATE LIMIT] Rate limited on www.asdesjeux.com (retry 2/3). Backing off for 40s... [server=cloudflare, retry-after=none, cf-ray=a35f48a4df8a433c-DFW]
[2026-09-04T19:08:36.002Z] [WARN] [429 RATE LIMIT] Rate limited on screenfreegames.com (retry 2/3). Backing off for 40s... [server=cloudflare, retry-after=none, cf-ray=a35f48a4dbd12c93-DFW]
[2026-09-04T19:08:36.058Z] [WARN] [429 RATE LIMIT] Rate limited on alwaysgames.ca (retry 2/3). Backing off for 40s... [server=cloudflare, retry-after=none, cf-ray=a35f48a52fb5e96e-DFW]
[2026-09-04T19:09:15.934Z] [INFO] [Shopify Cooldown] Pausing 0.1s to respect rate limits...
[2026-09-04T19:09:15.935Z] [INFO] [Shopify Cooldown] Pausing 0.1s to respect rate limits...
[2026-09-04T19:09:15.995Z] [INFO] [Shopify Cooldown] Pausing 0.1s to respect rate limits...
[2026-09-04T19:09:15.997Z] [INFO] [Shopify Cooldown] Pausing 0.1s to respect rate limits...
[2026-09-04T19:09:16.000Z] [INFO] [Shopify Cooldown] Pausing 0.1s to respect rate limits...
[2026-09-04T19:09:16.002Z] [INFO] [Shopify Cooldown] Pausing 0.1s to respect rate limits...
[2026-09-04T19:09:16.123Z] [WARN] [429 RATE LIMIT] Rate limited on www.woodforsheep.ca (retry 3/3). Backing off for 80s... [server=cloudflare, retry-after=none, cf-ray=a35f499f9ebce573-DFW]
[2026-09-04T19:09:16.181Z] [WARN] [429 RATE LIMIT] Rate limited on allsystemsgo.games (retry 3/3). Backing off for 80s... [server=cloudflare, retry-after=none, cf-ray=a35f499ffb0576ad-DFW]
[2026-09-04T19:09:16.194Z] [WARN] [429 RATE LIMIT] Rate limited on alwaysgames.ca (retry 3/3). Backing off for 80s... [server=cloudflare, retry-after=none, cf-ray=a35f49a00cb52c93-DFW]
[2026-09-04T19:09:16.220Z] [WARN] [429 RATE LIMIT] Rate limited on www.tabletopcafe.ca (retry 3/3). Backing off for 80s... [server=cloudflare, retry-after=none, cf-ray=a35f49a03ee2f084-DFW]
[2026-09-04T19:09:16.223Z] [WARN] [429 RATE LIMIT] Rate limited on boutiquelapioche.com (retry 3/3). Backing off for 80s... [server=cloudflare, retry-after=none, cf-ray=a35f49a03e1d475d-DFW]
[2026-09-04T19:09:16.290Z] [WARN] [429 RATE LIMIT] Rate limited on screenfreegames.com (retry 3/3). Backing off for 80s... [server=cloudflare, retry-after=none, cf-ray=a35f49a09b63e96e-DFW]
[2026-09-04T19:10:36.170Z] [INFO] [Shopify Cooldown] Pausing 0.1s to respect rate limits...
[2026-09-04T19:10:36.182Z] [INFO] [Shopify Cooldown] Pausing 0.1s to respect rate limits...
[2026-09-04T19:10:36.195Z] [INFO] [Shopify Cooldown] Pausing 0.1s to respect rate limits...
[2026-09-04T19:10:36.220Z] [INFO] [Shopify Cooldown] Pausing 0.1s to respect rate limits...
[2026-09-04T19:10:36.224Z] [INFO] [Shopify Cooldown] Pausing 0.1s to respect rate limits...
[2026-09-04T19:10:36.360Z] [WARN] [WARNING] fetchJson failed for https://alwaysgames.ca/search/suggest.json?q=Coffee%20Roaster&resources[type]=product with status: 429
[2026-09-04T19:10:36.364Z] [WARN] [WARNING] fetchJson failed for https://allsystemsgo.games/search/suggest.json?q=Coffee%20Roaster&resources[type]=product with status: 429
[2026-09-04T19:10:36.367Z] [WARN] [WARNING] fetchJson failed for https://screenfreegames.com/search/suggest.json?q=Coffee%20Roaster&resources[type]=product with status: 429
[2026-09-04T19:10:36.475Z] [WARN] [WARNING] fetchJson failed for https://boutiquelapioche.com/search/suggest.json?q=Coffee%20Roaster&resources[type]=product with status: 429
[2026-09-04T19:10:41.798Z] [INFO] [39/49] "Fliptown": Checking all 26 stores...
[2026-09-04T19:10:42.103Z] [WARN] [429 RATE LIMIT] Rate limited on store.401games.ca (retry 1/3). Backing off for 20s... [server=cloudflare, retry-after=none, cf-ray=a35f4bb8fd2c194c-DFW]
[2026-09-04T19:10:42.103Z] [WARN] [429 RATE LIMIT] Rate limited on www.lvlupgames.ca (retry 1/3). Backing off for 20s... [server=cloudflare, retry-after=none, cf-ray=a35f4bb8fc9710c5-DFW]
[2026-09-04T19:10:42.114Z] [WARN] [429 RATE LIMIT] Rate limited on www.boardgamebliss.com (retry 1/3). Backing off for 20s... [server=cloudflare, retry-after=none, cf-ray=a35f4bb90fd269ba-DFW]
[2026-09-04T19:10:42.117Z] [INFO] [Shopify Cooldown] Pausing 20.0s to respect rate limits...
[2026-09-04T19:10:42.272Z] [INFO] [Shopify Cooldown] Pausing 19.8s to respect rate limits...
[2026-09-04T19:10:42.544Z] [INFO] [Shopify Cooldown] Pausing 19.6s to respect rate limits...
[2026-09-04T19:10:42.696Z] [INFO] [Shopify Cooldown] Pausing 19.4s to respect rate limits...
[2026-09-04T19:10:42.844Z] [INFO] [Shopify Cooldown] Pausing 19.3s to respect rate limits...
[2026-09-04T19:10:42.997Z] [INFO] [Shopify Cooldown] Pausing 19.1s to respect rate limits...
[2026-09-04T19:10:43.147Z] [INFO] [Shopify Cooldown] Pausing 19.0s to respect rate limits...
[2026-09-04T19:10:43.297Z] [INFO] [Shopify Cooldown] Pausing 18.8s to respect rate limits...
[2026-09-04T19:10:43.448Z] [INFO] [Shopify Cooldown] Pausing 18.7s to respect rate limits...
[2026-09-04T19:10:43.597Z] [INFO] [Shopify Cooldown] Pausing 18.5s to respect rate limits...
[2026-09-04T19:10:43.748Z] [INFO] [Shopify Cooldown] Pausing 18.4s to respect rate limits...
[2026-09-04T19:11:02.113Z] [INFO] [Shopify Cooldown] Pausing 0.0s to respect rate limits...
[2026-09-04T19:11:02.113Z] [INFO] [Shopify Cooldown] Pausing 0.0s to respect rate limits...
[2026-09-04T19:11:02.210Z] [WARN] [429 RATE LIMIT] Rate limited on www.dicehollow.com (retry 1/3). Backing off for 20s... [server=cloudflare, retry-after=none, cf-ray=a35f4c36a8fc69ba-DFW]
[2026-09-04T19:11:02.221Z] [WARN] [429 RATE LIMIT] Rate limited on boutiquelapioche.com (retry 1/3). Backing off for 20s... [server=cloudflare, retry-after=none, cf-ray=a35f4c36ab6a475d-DFW]
[2026-09-04T19:11:02.266Z] [WARN] [429 RATE LIMIT] Rate limited on alwaysgames.ca (retry 1/3). Backing off for 20s... [server=cloudflare, retry-after=none, cf-ray=a35f4c36fe1e6fa8-DFW]
[2026-09-04T19:11:02.266Z] [WARN] [429 RATE LIMIT] Rate limited on www.asdesjeux.com (retry 1/3). Backing off for 20s... [server=cloudflare, retry-after=none, cf-ray=a35f4c36fe61433c-DFW]
[2026-09-04T19:11:02.268Z] [WARN] [429 RATE LIMIT] Rate limited on www.woodforsheep.ca (retry 1/3). Backing off for 20s... [server=cloudflare, retry-after=none, cf-ray=a35f4c37093710c5-DFW]
[2026-09-04T19:11:02.272Z] [WARN] [429 RATE LIMIT] Rate limited on www.lvlupgames.ca (retry 2/3). Backing off for 40s... [server=cloudflare, retry-after=none, cf-ray=a35f4c36fb60194c-DFW]
[2026-09-04T19:11:02.360Z] [WARN] [429 RATE LIMIT] Rate limited on boardgamebandit.ca (retry 1/3). Backing off for 20s... [server=cloudflare, retry-after=none, cf-ray=a35f4c379bebc3bc-DFW]
[2026-09-04T19:11:02.362Z] [WARN] [429 RATE LIMIT] Rate limited on allsystemsgo.games (retry 1/3). Backing off for 20s... [server=cloudflare, retry-after=none, cf-ray=a35f4c379d3a76ad-DFW]
[2026-09-04T19:11:02.380Z] [WARN] [429 RATE LIMIT] Rate limited on screenfreegames.com (retry 1/3). Backing off for 20s... [server=cloudflare, retry-after=none, cf-ray=a35f4c37af7d2c93-DFW]
[2026-09-04T19:11:02.432Z] [WARN] [429 RATE LIMIT] Rate limited on legendswarehouse.ca (retry 1/3). Backing off for 20s... [server=cloudflare, retry-after=none, cf-ray=a35f4c37ca53e96e-DFW]
[2026-09-04T19:11:22.211Z] [INFO] [Shopify Cooldown] Pausing 0.2s to respect rate limits...
[2026-09-04T19:11:22.221Z] [INFO] [Shopify Cooldown] Pausing 0.2s to respect rate limits...
[2026-09-04T19:11:22.266Z] [INFO] [Shopify Cooldown] Pausing 0.2s to respect rate limits...
[2026-09-04T19:11:22.266Z] [INFO] [Shopify Cooldown] Pausing 0.2s to respect rate limits...
[2026-09-04T19:11:22.269Z] [INFO] [Shopify Cooldown] Pausing 0.2s to respect rate limits...
[2026-09-04T19:11:22.360Z] [INFO] [Shopify Cooldown] Pausing 0.1s to respect rate limits...
[2026-09-04T19:11:22.362Z] [INFO] [Shopify Cooldown] Pausing 0.1s to respect rate limits...
[2026-09-04T19:11:22.380Z] [INFO] [Shopify Cooldown] Pausing 0.1s to respect rate limits...
[2026-09-04T19:11:22.494Z] [WARN] [429 RATE LIMIT] Rate limited on www.woodforsheep.ca (retry 2/3). Backing off for 40s... [server=cloudflare, retry-after=none, cf-ray=a35f4cb56ef769ba-DFW]
[2026-09-04T19:11:22.496Z] [WARN] [429 RATE LIMIT] Rate limited on www.asdesjeux.com (retry 2/3). Backing off for 40s... [server=cloudflare, retry-after=none, cf-ray=a35f4cb569bb194c-DFW]
[2026-09-04T19:11:22.497Z] [WARN] [429 RATE LIMIT] Rate limited on www.dicehollow.com (retry 2/3). Backing off for 40s... [server=cloudflare, retry-after=none, cf-ray=a35f4cb57a9610c5-DFW]
[2026-09-04T19:11:22.502Z] [WARN] [429 RATE LIMIT] Rate limited on allsystemsgo.games (retry 2/3). Backing off for 40s... [server=cloudflare, retry-after=none, cf-ray=a35f4cb5784676ad-DFW]
[2026-09-04T19:11:22.599Z] [WARN] [429 RATE LIMIT] Rate limited on legendswarehouse.ca (retry 2/3). Backing off for 40s... [server=cloudflare, retry-after=none, cf-ray=a35f4cb618256fa8-DFW]
[2026-09-04T19:11:22.628Z] [WARN] [429 RATE LIMIT] Rate limited on boutiquelapioche.com (retry 2/3). Backing off for 40s... [server=cloudflare, retry-after=none, cf-ray=a35f4cb6382b475d-DFW]
[2026-09-04T19:11:22.633Z] [WARN] [429 RATE LIMIT] Rate limited on boardgamebandit.ca (retry 2/3). Backing off for 40s... [server=cloudflare, retry-after=none, cf-ray=a35f4cb64e246a03-DFW]
[2026-09-04T19:11:22.693Z] [WARN] [429 RATE LIMIT] Rate limited on alwaysgames.ca (retry 2/3). Backing off for 40s... [server=cloudflare, retry-after=none, cf-ray=a35f4cb6ab352c93-DFW]
[2026-09-04T19:11:22.743Z] [WARN] [429 RATE LIMIT] Rate limited on screenfreegames.com (retry 2/3). Backing off for 40s... [server=cloudflare, retry-after=none, cf-ray=a35f4cb6ff55e96e-DFW]
[2026-09-04T19:11:42.281Z] [INFO] [Shopify Cooldown] Pausing 20.5s to respect rate limits...
[2026-09-04T19:12:02.512Z] [INFO] [Shopify Cooldown] Pausing 0.2s to respect rate limits...
[2026-09-04T19:12:02.512Z] [INFO] [Shopify Cooldown] Pausing 0.2s to respect rate limits...
[2026-09-04T19:12:02.512Z] [INFO] [Shopify Cooldown] Pausing 0.2s to respect rate limits...
[2026-09-04T19:12:02.512Z] [INFO] [Shopify Cooldown] Pausing 0.2s to respect rate limits...
[2026-09-04T19:12:02.599Z] [INFO] [Shopify Cooldown] Pausing 0.1s to respect rate limits...
[2026-09-04T19:12:02.628Z] [INFO] [Shopify Cooldown] Pausing 0.1s to respect rate limits...
[2026-09-04T19:12:02.633Z] [INFO] [Shopify Cooldown] Pausing 0.1s to respect rate limits...
[2026-09-04T19:12:02.694Z] [INFO] [Shopify Cooldown] Pausing 0.0s to respect rate limits...
[2026-09-04T19:12:02.811Z] [WARN] [429 RATE LIMIT] Rate limited on allsystemsgo.games (retry 3/3). Backing off for 80s... [server=cloudflare, retry-after=none, cf-ray=a35f4db16f3476ad-DFW]
[2026-09-04T19:12:02.814Z] [WARN] [429 RATE LIMIT] Rate limited on boardgamebandit.ca (retry 3/3). Backing off for 80s... [server=cloudflare, retry-after=none, cf-ray=a35f4db16d0b6a03-DFW]
[2026-09-04T19:12:02.815Z] [WARN] [429 RATE LIMIT] Rate limited on www.asdesjeux.com (retry 3/3). Backing off for 80s... [server=cloudflare, retry-after=none, cf-ray=a35f4db168ac194c-DFW]
[2026-09-04T19:12:02.817Z] [WARN] [429 RATE LIMIT] Rate limited on www.woodforsheep.ca (retry 3/3). Backing off for 80s... [server=cloudflare, retry-after=none, cf-ray=a35f4db16b4669ba-DFW]
[2026-09-04T19:12:02.818Z] [WARN] [429 RATE LIMIT] Rate limited on www.lvlupgames.ca (retry 3/3). Backing off for 80s... [server=cloudflare, retry-after=none, cf-ray=a35f4db17b4f10c5-DFW]
[2026-09-04T19:12:02.826Z] [WARN] [429 RATE LIMIT] Rate limited on www.dicehollow.com (retry 3/3). Backing off for 80s... [server=cloudflare, retry-after=none, cf-ray=a35f4db17e04433c-DFW]
[2026-09-04T19:12:02.875Z] [WARN] [429 RATE LIMIT] Rate limited on alwaysgames.ca (retry 3/3). Backing off for 80s... [server=cloudflare, retry-after=none, cf-ray=a35f4db1cf0b6fa8-DFW]
[2026-09-04T19:12:02.890Z] [WARN] [429 RATE LIMIT] Rate limited on legendswarehouse.ca (retry 3/3). Backing off for 80s... [server=cloudflare, retry-after=none, cf-ray=a35f4db1dc716b0b-DFW]
[2026-09-04T19:12:02.941Z] [WARN] [429 RATE LIMIT] Rate limited on boutiquelapioche.com (retry 3/3). Backing off for 80s... [server=cloudflare, retry-after=none, cf-ray=a35f4db23c1a475d-DFW]
[2026-09-04T19:12:02.999Z] [WARN] [429 RATE LIMIT] Rate limited on screenfreegames.com (retry 3/3). Backing off for 80s... [server=cloudflare, retry-after=none, cf-ray=a35f4db279aa2c93-DFW]
[2026-09-04T19:13:22.841Z] [INFO] [Shopify Cooldown] Pausing 0.2s to respect rate limits...
[2026-09-04T19:13:22.841Z] [INFO] [Shopify Cooldown] Pausing 0.2s to respect rate limits...
[2026-09-04T19:13:22.841Z] [INFO] [Shopify Cooldown] Pausing 0.2s to respect rate limits...
[2026-09-04T19:13:22.841Z] [INFO] [Shopify Cooldown] Pausing 0.2s to respect rate limits...
[2026-09-04T19:13:22.841Z] [INFO] [Shopify Cooldown] Pausing 0.2s to respect rate limits...
[2026-09-04T19:13:22.841Z] [INFO] [Shopify Cooldown] Pausing 0.2s to respect rate limits...
[2026-09-04T19:13:22.876Z] [INFO] [Shopify Cooldown] Pausing 0.1s to respect rate limits...
[2026-09-04T19:13:22.891Z] [INFO] [Shopify Cooldown] Pausing 0.1s to respect rate limits...
[2026-09-04T19:13:22.941Z] [INFO] [Shopify Cooldown] Pausing 0.1s to respect rate limits...
[2026-09-04T19:13:23.065Z] [WARN] [WARNING] fetchJson failed for https://www.asdesjeux.com/search/suggest.json?q=Fliptown&resources[type]=product with status: 429
[2026-09-04T19:13:23.072Z] [WARN] [WARNING] fetchJson failed for https://allsystemsgo.games/search/suggest.json?q=Fliptown&resources[type]=product with status: 429
[2026-09-04T19:13:23.072Z] [WARN] [WARNING] fetchJson failed for https://www.lvlupgames.ca/search/suggest.json?q=Fliptown&resources[type]=product with status: 429
[2026-09-04T19:13:23.135Z] [WARN] [WARNING] fetchJson failed for https://www.dicehollow.com/search/suggest.json?q=Fliptown&resources[type]=product with status: 429
[2026-09-04T19:13:23.240Z] [WARN] [WARNING] fetchJson failed for https://screenfreegames.com/search/suggest.json?q=Fliptown&resources[type]=product with status: 429
[2026-09-04T19:13:23.265Z] [WARN] [WARNING] fetchJson failed for https://alwaysgames.ca/search/suggest.json?q=Fliptown&resources[type]=product with status: 429
[2026-09-04T19:13:23.342Z] [WARN] [WARNING] fetchJson failed for https://boutiquelapioche.com/search/suggest.json?q=Fliptown&resources[type]=product with status: 429
[2026-09-04T19:13:28.448Z] [INFO] [40/49] "Illusion": Checking all 26 stores...
[2026-09-04T19:13:28.881Z] [WARN] [429 RATE LIMIT] Rate limited on www.boardgamebliss.com (retry 1/3). Backing off for 20s... [server=cloudflare, retry-after=none, cf-ray=a35f4fcb5fb769ba-DFW]
[2026-09-04T19:13:28.889Z] [INFO] [Shopify Cooldown] Pausing 20.0s to respect rate limits...
[2026-09-04T19:13:29.041Z] [INFO] [Shopify Cooldown] Pausing 19.8s to respect rate limits...
[2026-09-04T19:13:29.154Z] [WARN] [429 RATE LIMIT] Rate limited on www.lvlupgames.ca (retry 1/3). Backing off for 20s... [server=cloudflare, retry-after=none, cf-ray=a35f4fcd0e2210c5-DFW]
[2026-09-04T19:13:29.172Z] [WARN] [429 RATE LIMIT] Rate limited on store.401games.ca (retry 1/3). Backing off for 20s... [server=cloudflare, retry-after=none, cf-ray=a35f4fcd1de3194c-DFW]
[2026-09-04T19:13:29.193Z] [INFO] [Shopify Cooldown] Pausing 20.0s to respect rate limits...
[2026-09-04T19:13:29.341Z] [INFO] [Shopify Cooldown] Pausing 19.8s to respect rate limits...
[2026-09-04T19:13:29.492Z] [INFO] [Shopify Cooldown] Pausing 19.7s to respect rate limits...
[2026-09-04T19:13:29.647Z] [INFO] [Shopify Cooldown] Pausing 19.5s to respect rate limits...
[2026-09-04T19:13:29.797Z] [INFO] [Shopify Cooldown] Pausing 19.4s to respect rate limits...
[2026-09-04T19:13:29.947Z] [INFO] [Shopify Cooldown] Pausing 19.2s to respect rate limits...
[2026-09-04T19:13:30.097Z] [INFO] [Shopify Cooldown] Pausing 19.1s to respect rate limits...
[2026-09-04T19:13:30.247Z] [INFO] [Shopify Cooldown] Pausing 18.9s to respect rate limits...
[2026-09-04T19:13:30.398Z] [INFO] [Shopify Cooldown] Pausing 18.8s to respect rate limits...
[2026-09-04T19:13:48.890Z] [INFO] [Shopify Cooldown] Pausing 0.3s to respect rate limits...
[2026-09-04T19:13:48.954Z] [WARN] [429 RATE LIMIT] Rate limited on www.woodforsheep.ca (retry 1/3). Backing off for 20s... [server=cloudflare, retry-after=none, cf-ray=a35f5048caebe573-DFW]
[2026-09-04T19:13:49.153Z] [INFO] [Shopify Cooldown] Pausing 19.8s to respect rate limits...
[2026-09-04T19:13:49.176Z] [INFO] [Shopify Cooldown] Pausing 19.8s to respect rate limits...
[2026-09-04T19:13:49.236Z] [WARN] [429 RATE LIMIT] Rate limited on www.dicehollow.com (retry 1/3). Backing off for 20s... [server=cloudflare, retry-after=none, cf-ray=a35f504a895d194c-DFW]
[2026-09-04T19:13:49.236Z] [WARN] [429 RATE LIMIT] Rate limited on www.tabletopcafe.ca (retry 1/3). Backing off for 20s... [server=cloudflare, retry-after=none, cf-ray=a35f504a8b2469ba-DFW]
[2026-09-04T19:13:49.322Z] [WARN] [429 RATE LIMIT] Rate limited on allsystemsgo.games (retry 1/3). Backing off for 20s... [server=cloudflare, retry-after=none, cf-ray=a35f504b1ad7b1a1-DFW]
[2026-09-04T19:13:49.329Z] [WARN] [429 RATE LIMIT] Rate limited on legendswarehouse.ca (retry 1/3). Backing off for 20s... [server=cloudflare, retry-after=none, cf-ray=a35f504b2c956b0b-DFW]
[2026-09-04T19:13:49.335Z] [WARN] [429 RATE LIMIT] Rate limited on www.boardgamebliss.com (retry 2/3). Backing off for 40s... [server=cloudflare, retry-after=none, cf-ray=a35f504b297110c5-DFW]
[2026-09-04T19:13:49.392Z] [WARN] [429 RATE LIMIT] Rate limited on boutiquelapioche.com (retry 1/3). Backing off for 20s... [server=cloudflare, retry-after=none, cf-ray=a35f504b7e4c475d-DFW]
[2026-09-04T19:13:49.504Z] [WARN] [429 RATE LIMIT] Rate limited on screenfreegames.com (retry 1/3). Backing off for 20s... [server=cloudflare, retry-after=none, cf-ray=a35f504c39006fa8-DFW]
[2026-09-04T19:14:08.962Z] [INFO] [Shopify Cooldown] Pausing 0.5s to respect rate limits...
[2026-09-04T19:14:09.021Z] [WARN] [429 RATE LIMIT] Rate limited on www.lvlupgames.ca (retry 2/3). Backing off for 40s... [server=cloudflare, retry-after=none, cf-ray=a35f50c63b19e573-DFW]
[2026-09-04T19:14:09.235Z] [INFO] [Shopify Cooldown] Pausing 39.8s to respect rate limits...
[2026-09-04T19:14:09.235Z] [INFO] [Shopify Cooldown] Pausing 39.8s to respect rate limits...
[2026-09-04T19:14:09.324Z] [INFO] [Shopify Cooldown] Pausing 39.7s to respect rate limits...
[2026-09-04T19:14:09.329Z] [INFO] [Shopify Cooldown] Pausing 39.7s to respect rate limits...
[2026-09-04T19:14:09.392Z] [INFO] [Shopify Cooldown] Pausing 39.6s to respect rate limits...
[2026-09-04T19:14:09.504Z] [INFO] [Shopify Cooldown] Pausing 39.5s to respect rate limits...
[2026-09-04T19:14:09.573Z] [WARN] [429 RATE LIMIT] Rate limited on www.woodforsheep.ca (retry 2/3). Backing off for 40s... [server=cloudflare, retry-after=none, cf-ray=a35f50c99c77194c-DFW]
[2026-09-04T19:14:29.343Z] [INFO] [Shopify Cooldown] Pausing 20.2s to respect rate limits...
[2026-09-04T19:14:49.044Z] [INFO] [Shopify Cooldown] Pausing 0.5s to respect rate limits...
[2026-09-04T19:14:49.168Z] [WARN] [429 RATE LIMIT] Rate limited on www.tabletopcafe.ca (retry 2/3). Backing off for 40s... [server=cloudflare, retry-after=none, cf-ray=a35f51c11c8e194c-DFW]
[2026-09-04T19:14:49.171Z] [WARN] [429 RATE LIMIT] Rate limited on allsystemsgo.games (retry 2/3). Backing off for 40s... [server=cloudflare, retry-after=none, cf-ray=a35f51c12b9fb1a1-DFW]
[2026-09-04T19:14:49.236Z] [WARN] [429 RATE LIMIT] Rate limited on legendswarehouse.ca (retry 2/3). Backing off for 40s... [server=cloudflare, retry-after=none, cf-ray=a35f51c188d96b0b-DFW]
[2026-09-04T19:14:49.304Z] [WARN] [429 RATE LIMIT] Rate limited on boutiquelapioche.com (retry 2/3). Backing off for 40s... [server=cloudflare, retry-after=none, cf-ray=a35f51c1efdf475d-DFW]
[2026-09-04T19:14:49.573Z] [INFO] [Shopify Cooldown] Pausing 39.7s to respect rate limits...
[2026-09-04T19:14:49.638Z] [WARN] [429 RATE LIMIT] Rate limited on www.lvlupgames.ca (retry 3/3). Backing off for 80s... [server=cloudflare, retry-after=none, cf-ray=a35f51c40a0f10c5-DFW]
[2026-09-04T19:14:49.642Z] [WARN] [429 RATE LIMIT] Rate limited on www.boardgamebliss.com (retry 3/3). Backing off for 80s... [server=cloudflare, retry-after=none, cf-ray=a35f51c41c07f084-DFW]
[2026-09-04T19:15:29.195Z] [INFO] [Shopify Cooldown] Pausing 40.4s to respect rate limits...
[2026-09-04T19:15:29.195Z] [INFO] [Shopify Cooldown] Pausing 40.4s to respect rate limits...
[2026-09-04T19:15:29.236Z] [INFO] [Shopify Cooldown] Pausing 40.4s to respect rate limits...
[2026-09-04T19:15:29.304Z] [INFO] [Shopify Cooldown] Pausing 40.3s to respect rate limits...
[2026-09-04T19:16:16.574Z] [INFO] [41/49] "Kronologic: Babylon 2500": Checking all 26 stores...
[2026-09-04T19:16:25.643Z] [INFO] [42/49] "Kronologic: Cuzco 1450": Checking all 26 stores...
[2026-09-04T19:16:34.738Z] [INFO] [43/49] "Kronologic: Paris 1920": Checking all 26 stores...
[2026-09-04T19:16:43.873Z] [INFO] [44/49] "Legacy of Yu": Checking all 26 stores...
[2026-09-04T19:16:44.172Z] [WARN] [WARNING] fetchJson failed for https://store.401games.ca/search/suggest.json?q=Legacy%20of%20Yu&resources[type]=product with status: 503
[2026-09-04T19:16:44.586Z] [WARN] [WARNING] fetchJson failed for https://www.woodforsheep.ca/search/suggest.json?q=Legacy%20of%20Yu&resources[type]=product with status: 503
[2026-09-04T19:16:52.922Z] [INFO] [45/49] "Marvel Mayhem": Checking all 26 stores...
[2026-09-04T19:16:54.748Z] [WARN] [WARNING] fetchJson failed for https://legendswarehouse.ca/search/suggest.json?q=Marvel%20Mayhem&resources[type]=product with status: 503
[2026-09-04T19:17:02.033Z] [INFO] [46/49] "Onirim (Second Edition)": Checking all 26 stores...
[2026-09-04T19:17:02.147Z] [WARN] [WARNING] fetchJson failed for https://www.boardgamebliss.com/search/suggest.json?q=Onirim&resources[type]=product with status: 503
[2026-09-04T19:17:02.606Z] [WARN] [WARNING] fetchJson failed for https://www.woodforsheep.ca/search/suggest.json?q=Onirim&resources[type]=product with status: 503
[2026-09-04T19:17:03.203Z] [WARN] [WARNING] fetchJson failed for https://www.tabletopcafe.ca/search/suggest.json?q=Onirim&resources[type]=product with status: 503
[2026-09-04T19:17:11.247Z] [INFO] [47/49] "Spots": Checking all 26 stores...
[2026-09-04T19:17:20.116Z] [INFO] [48/49] "Tiwanaku": Checking all 26 stores...
[2026-09-04T19:17:28.904Z] [INFO] [49/49] "Witchcraft!": Checking all 26 stores...
[2026-09-04T19:17:37.913Z] [INFO] Availability check finished. Saved results to availability.json
[2026-09-04T19:17:37.914Z] [INFO] 
============================================================
[2026-09-04T19:17:37.914Z] [INFO] RUN SUMMARY: WANTTOBUY
[2026-09-04T19:17:37.914Z] [INFO] ------------------------------------------------------------
[2026-09-04T19:17:37.914Z] [INFO] Log File:              runlogs/2026-09-04_19-01-51Z_wanttobuy.log
[2026-09-04T19:17:37.914Z] [INFO] Timestamp (UTC):       2026-09-04T19:17:37.914Z
[2026-09-04T19:17:37.914Z] [INFO] Duration:              15m 46s
[2026-09-04T19:17:37.914Z] [INFO] Games Evaluated:       49
[2026-09-04T19:17:37.914Z] [INFO] Store Checks Made:     424
[2026-09-04T19:17:37.914Z] [INFO] Store Checks Skipped:  0 (6-hour cache)
[2026-09-04T19:17:37.914Z] [INFO] Total 429 Events:      90
[2026-09-04T19:17:37.914Z] [INFO] 
429 Rate Limits by Host:
[2026-09-04T19:17:37.914Z] [INFO]   - store.401games.ca: 6 hits (total backoff: 200s, last headers: {"retryAfter":null,"cfRay":"a35f4fcd1de3194c-DFW","reqId":null,"server":"cloudflare","shopApiLimit":null})
[2026-09-04T19:17:37.914Z] [INFO]   - www.asdesjeux.com: 6 hits (total backoff: 220s, last headers: {"retryAfter":null,"cfRay":"a35f4db168ac194c-DFW","reqId":null,"server":"cloudflare","shopApiLimit":null})
[2026-09-04T19:17:37.914Z] [INFO]   - www.dicehollow.com: 7 hits (total backoff: 240s, last headers: {"retryAfter":null,"cfRay":"a35f504a895d194c-DFW","reqId":null,"server":"cloudflare","shopApiLimit":null})
[2026-09-04T19:17:37.914Z] [INFO]   - allsystemsgo.games: 11 hits (total backoff: 480s, last headers: {"retryAfter":null,"cfRay":"a35f51c12b9fb1a1-DFW","reqId":null,"server":"cloudflare","shopApiLimit":null})
[2026-09-04T19:17:37.914Z] [INFO]   - www.woodforsheep.ca: 9 hits (total backoff: 360s, last headers: {"retryAfter":null,"cfRay":"a35f50c99c77194c-DFW","reqId":null,"server":"cloudflare","shopApiLimit":null})
[2026-09-04T19:17:37.914Z] [INFO]   - boardgamebandit.ca: 4 hits (total backoff: 160s, last headers: {"retryAfter":null,"cfRay":"a35f4db16d0b6a03-DFW","reqId":null,"server":"cloudflare","shopApiLimit":null})
[2026-09-04T19:17:37.914Z] [INFO]   - boutiquelapioche.com: 11 hits (total backoff: 480s, last headers: {"retryAfter":null,"cfRay":"a35f51c1efdf475d-DFW","reqId":null,"server":"cloudflare","shopApiLimit":null})
[2026-09-04T19:17:37.914Z] [INFO]   - legendswarehouse.ca: 7 hits (total backoff: 260s, last headers: {"retryAfter":null,"cfRay":"a35f51c188d96b0b-DFW","reqId":null,"server":"cloudflare","shopApiLimit":null})
[2026-09-04T19:17:37.914Z] [INFO]   - screenfreegames.com: 8 hits (total backoff: 320s, last headers: {"retryAfter":null,"cfRay":"a35f504c39006fa8-DFW","reqId":null,"server":"cloudflare","shopApiLimit":null})
[2026-09-04T19:17:37.914Z] [INFO]   - www.tabletopcafe.ca: 5 hits (total backoff: 200s, last headers: {"retryAfter":null,"cfRay":"a35f51c11c8e194c-DFW","reqId":null,"server":"cloudflare","shopApiLimit":null})
[2026-09-04T19:17:37.914Z] [INFO]   - alwaysgames.ca: 6 hits (total backoff: 280s, last headers: {"retryAfter":null,"cfRay":"a35f4db1cf0b6fa8-DFW","reqId":null,"server":"cloudflare","shopApiLimit":null})
[2026-09-04T19:17:37.914Z] [INFO]   - www.lvlupgames.ca: 6 hits (total backoff: 280s, last headers: {"retryAfter":null,"cfRay":"a35f51c40a0f10c5-DFW","reqId":null,"server":"cloudflare","shopApiLimit":null})
[2026-09-04T19:17:37.914Z] [INFO]   - www.boardgamebliss.com: 4 hits (total backoff: 160s, last headers: {"retryAfter":null,"cfRay":"a35f51c41c07f084-DFW","reqId":null,"server":"cloudflare","shopApiLimit":null})
[2026-09-04T19:17:37.914Z] [INFO] 
Store Fetch Failures:
[2026-09-04T19:17:37.914Z] [INFO]   - allSystemsGo: 4 failures (last error: Shopify fetch failed or timed out for https://allsystemsgo.games)
[2026-09-04T19:17:37.914Z] [INFO]   - amazonCa: 1 failures (last error: Amazon puppeteer returned status 503)
[2026-09-04T19:17:37.914Z] [INFO]   - fourZeroOneGames: 2 failures (last error: Shopify fetch failed or timed out for https://store.401games.ca)
[2026-09-04T19:17:37.914Z] [INFO]   - laPioche: 3 failures (last error: Shopify fetch failed or timed out for https://boutiquelapioche.com)
[2026-09-04T19:17:37.914Z] [INFO]   - alwaysGames: 2 failures (last error: Shopify fetch failed or timed out for https://alwaysgames.ca)
[2026-09-04T19:17:37.914Z] [INFO]   - screenFreeGames: 2 failures (last error: Shopify fetch failed or timed out for https://screenfreegames.com)
[2026-09-04T19:17:37.914Z] [INFO]   - asDesJeux: 1 failures (last error: Shopify fetch failed or timed out for https://www.asdesjeux.com)
[2026-09-04T19:17:37.914Z] [INFO]   - lvlUpGames: 1 failures (last error: Shopify fetch failed or timed out for https://www.lvlupgames.ca)
[2026-09-04T19:17:37.914Z] [INFO]   - diceHollow: 1 failures (last error: Shopify fetch failed or timed out for https://www.dicehollow.com)
[2026-09-04T19:17:37.914Z] [INFO]   - woodForSheep: 2 failures (last error: Shopify fetch failed or timed out for https://www.woodforsheep.ca)
[2026-09-04T19:17:37.914Z] [INFO]   - legendsWarehouse: 1 failures (last error: Shopify fetch failed or timed out for https://legendswarehouse.ca)
[2026-09-04T19:17:37.914Z] [INFO]   - boardGameBliss: 1 failures (last error: Shopify fetch failed or timed out for https://www.boardgamebliss.com)
[2026-09-04T19:17:37.914Z] [INFO]   - tabletopCafe: 1 failures (last error: Shopify fetch failed or timed out for https://www.tabletopcafe.ca)
[2026-09-04T19:17:37.914Z] [INFO] ============================================================

