[2026-09-04T19:17:52.969Z] [INFO] Starting board game availability check...
[2026-09-04T19:17:52.974Z] [INFO] Loaded 5 skipped seller(s).
[2026-09-04T19:17:52.979Z] [INFO] Found 49 games in Wanted list (15 Want to Buy, 34 Want in Trade only).
[2026-09-04T19:17:52.980Z] [INFO] [1/49] "Adamastor" (Want in Trade only): Checking BGG Market only...
[2026-09-04T19:17:52.980Z] [INFO] [2/49] "Archaeology: The New Expedition" (Want in Trade only): Checking BGG Market only...
[2026-09-04T19:17:52.980Z] [INFO] [3/49] "Bag of Butts" (Want in Trade only): Checking BGG Market only...
[2026-09-04T19:17:52.980Z] [INFO] [4/49] "Batman: The Animated Series Dice Game" (Want in Trade only): Checking BGG Market only...
[2026-09-04T19:17:52.980Z] [INFO] [5/49] "Black Sonata" (Want in Trade only): Checking BGG Market only...
[2026-09-04T19:17:52.983Z] [INFO] [6/49] "The Crows of Coppershell Bay" (Want in Trade only): Checking BGG Market only...
[2026-09-04T19:17:52.983Z] [INFO] [7/49] "Dice Cards" (Want in Trade only): Checking BGG Market only...
[2026-09-04T19:17:52.983Z] [INFO] [8/49] "Dicemancy" (Want in Trade only): Checking BGG Market only...
[2026-09-04T19:17:52.983Z] [INFO] [9/49] "The Duke" (Want in Trade only): Checking BGG Market only...
[2026-09-04T19:17:52.983Z] [INFO] [10/49] "Dungeon Mayhem: Monster Madness" (Want in Trade only): Checking BGG Market only...
[2026-09-04T19:17:52.988Z] [INFO] [11/49] "Elevenses for One" (Want in Trade only): Checking BGG Market only...
[2026-09-04T19:17:52.988Z] [INFO] [12/49] "Extreme Race: Card Game" (Want in Trade only): Checking BGG Market only...
[2026-09-04T19:17:52.988Z] [INFO] [13/49] "Fugitive (Second Edition)" (Want in Trade only): Checking BGG Market only...
[2026-09-04T19:17:52.988Z] [INFO] [14/49] "A Gentle Rain" (Want in Trade only): Checking BGG Market only...
[2026-09-04T19:17:52.989Z] [INFO] [15/49] "Hadrian's Wall" (Want in Trade only): Checking BGG Market only...
[2026-09-04T19:17:52.994Z] [INFO] [16/49] "Happy City" (Want in Trade only): Checking BGG Market only...
[2026-09-04T19:17:52.994Z] [INFO] [17/49] "Heureka" (Want in Trade only): Checking BGG Market only...
[2026-09-04T19:17:52.994Z] [INFO] [18/49] "Kryptos" (Want in Trade only): Checking BGG Market only...
[2026-09-04T19:17:52.994Z] [INFO] [19/49] "Maquis" (Want in Trade only): Checking BGG Market only...
[2026-09-04T19:17:52.994Z] [INFO] [20/49] "Mental Blocks" (Want in Trade only): Checking BGG Market only...
[2026-09-04T19:17:53.001Z] [INFO] [21/49] "Numbsters" (Want in Trade only): Checking BGG Market only...
[2026-09-04T19:17:53.001Z] [INFO] [22/49] "Panda Royale" (Want in Trade only): Checking BGG Market only...
[2026-09-04T19:17:53.001Z] [INFO] [23/49] "Paper Dungeons: A Dungeon Scrawler Game" (Want in Trade only): Checking BGG Market only...
[2026-09-04T19:17:53.001Z] [INFO] [24/49] "Parade" (Want in Trade only): Checking BGG Market only...
[2026-09-04T19:17:53.001Z] [INFO] [25/49] "The Path of the Priest" (Want in Trade only): Checking BGG Market only...
[2026-09-04T19:17:53.007Z] [INFO] [26/49] "Plague of Dracula" (Want in Trade only): Checking BGG Market only...
[2026-09-04T19:17:53.008Z] [INFO] [27/49] "Pulp Romance" (Want in Trade only): Checking BGG Market only...
[2026-09-04T19:17:53.008Z] [INFO] [28/49] "Regicide Legacy" (Want in Trade only): Checking BGG Market only...
[2026-09-04T19:17:53.008Z] [INFO] [29/49] "Rome: Fate of an Empire" (Want in Trade only): Checking BGG Market only...
[2026-09-04T19:17:53.008Z] [INFO] [30/49] "The Siege of Shaddis Horne" (Want in Trade only): Checking BGG Market only...
[2026-09-04T19:17:53.015Z] [INFO] [31/49] "The Thing That Should Not Be" (Want in Trade only): Checking BGG Market only...
[2026-09-04T19:17:53.015Z] [INFO] [32/49] "Triovision" (Want in Trade only): Checking BGG Market only...
[2026-09-04T19:17:53.015Z] [INFO] [33/49] "Tybor the Builder" (Want in Trade only): Checking BGG Market only...
[2026-09-04T19:17:53.015Z] [INFO] [34/49] "Unsurmountable: Expansion Collection" (Want in Trade only): Checking BGG Market only...
[2026-09-04T19:17:53.016Z] [INFO] [35/49] "The Anarchy": skipped 25 stores checked within 6 hours. Checking remaining 1 stores...
[2026-09-04T19:17:58.462Z] [INFO] [36/49] "Back to the Future: Back in Time": skipped 25 stores checked within 6 hours. Checking remaining 1 stores...
[2026-09-04T19:18:05.175Z] [INFO] [37/49] "Blink": skipped 23 stores checked within 6 hours. Checking remaining 3 stores...
[2026-09-04T19:18:10.997Z] [INFO] [38/49] "Coffee Roaster": skipped 22 stores checked within 6 hours. Checking remaining 4 stores...
[2026-09-04T19:18:16.830Z] [INFO] [39/49] "Fliptown": skipped 19 stores checked within 6 hours. Checking remaining 7 stores...
[2026-09-04T19:18:24.368Z] [INFO] [40/49] "Illusion": skipped 26 stores checked within 6 hours. Checking remaining 0 stores...
[2026-09-04T19:18:24.371Z] [INFO] [41/49] "Kronologic: Babylon 2500": skipped 26 stores checked within 6 hours. Checking remaining 0 stores...
[2026-09-04T19:18:24.371Z] [INFO] [42/49] "Kronologic: Cuzco 1450": skipped 26 stores checked within 6 hours. Checking remaining 0 stores...
[2026-09-04T19:18:24.371Z] [INFO] [43/49] "Kronologic: Paris 1920": skipped 26 stores checked within 6 hours. Checking remaining 0 stores...
[2026-09-04T19:18:24.371Z] [INFO] [44/49] "Legacy of Yu": skipped 24 stores checked within 6 hours. Checking remaining 2 stores...
[2026-09-04T19:18:29.879Z] [INFO] [45/49] "Marvel Mayhem": skipped 25 stores checked within 6 hours. Checking remaining 1 stores...
[2026-09-04T19:18:35.272Z] [INFO] [46/49] "Onirim (Second Edition)": skipped 23 stores checked within 6 hours. Checking remaining 3 stores...
[2026-09-04T19:18:35.763Z] [WARN] [WARNING] fetchJson failed for https://www.tabletopcafe.ca/search/suggest.json?q=Onirim&resources[type]=product with status: 503
[2026-09-04T19:18:40.764Z] [INFO] [47/49] "Spots": skipped 26 stores checked within 6 hours. Checking remaining 0 stores...
[2026-09-04T19:18:40.764Z] [INFO] [48/49] "Tiwanaku": skipped 26 stores checked within 6 hours. Checking remaining 0 stores...
[2026-09-04T19:18:40.764Z] [INFO] [49/49] "Witchcraft!": skipped 26 stores checked within 6 hours. Checking remaining 0 stores...
[2026-09-04T19:18:40.853Z] [INFO] Availability check finished. Saved results to availability.json
[2026-09-04T19:18:40.854Z] [INFO] 
============================================================
[2026-09-04T19:18:40.854Z] [INFO] RUN SUMMARY: WANTTOBUY
[2026-09-04T19:18:40.854Z] [INFO] ------------------------------------------------------------
[2026-09-04T19:18:40.854Z] [INFO] Log File:              runlogs/2026-09-04_19-17-52Z_wanttobuy.log
[2026-09-04T19:18:40.854Z] [INFO] Timestamp (UTC):       2026-09-04T19:18:40.854Z
[2026-09-04T19:18:40.854Z] [INFO] Duration:              0m 48s
[2026-09-04T19:18:40.854Z] [INFO] Games Evaluated:       49
[2026-09-04T19:18:40.854Z] [INFO] Store Checks Made:     22
[2026-09-04T19:18:40.854Z] [INFO] Store Checks Skipped:  402 (6-hour cache)
[2026-09-04T19:18:40.854Z] [INFO] Total 429 Events:      0
[2026-09-04T19:18:40.854Z] [INFO] 
Store Fetch Failures:
[2026-09-04T19:18:40.854Z] [INFO]   - tabletopCafe: 1 failures (last error: Shopify fetch failed or timed out for https://www.tabletopcafe.ca)
[2026-09-04T19:18:40.854Z] [INFO] ============================================================

