[2026-09-05T00:59:11.545Z] [INFO] Starting board game availability check...
[2026-09-05T00:59:11.547Z] [INFO] Loaded 5 skipped seller(s).
[2026-09-05T00:59:11.551Z] [INFO] Found 49 games in Wanted list (13 Want to Buy, 36 Want in Trade only).
[2026-09-05T00:59:11.552Z] [INFO] [1/49] "Adamastor" (Want in Trade only): Checking BGG Market only...
[2026-09-05T00:59:11.552Z] [INFO] [2/49] "The Anarchy" (Want in Trade only): Checking BGG Market only...
[2026-09-05T00:59:11.552Z] [INFO] [3/49] "Archaeology: The New Expedition" (Want in Trade only): Checking BGG Market only...
[2026-09-05T00:59:11.552Z] [INFO] [4/49] "Bag of Butts" (Want in Trade only): Checking BGG Market only...
[2026-09-05T00:59:11.553Z] [INFO] [5/49] "Batman: The Animated Series Dice Game" (Want in Trade only): Checking BGG Market only...
[2026-09-05T00:59:11.554Z] [INFO] [6/49] "Black Sonata" (Want in Trade only): Checking BGG Market only...
[2026-09-05T00:59:11.554Z] [INFO] [7/49] "The Crows of Coppershell Bay" (Want in Trade only): Checking BGG Market only...
[2026-09-05T00:59:11.554Z] [INFO] [8/49] "Dice Cards" (Want in Trade only): Checking BGG Market only...
[2026-09-05T00:59:11.554Z] [INFO] [9/49] "Dicemancy" (Want in Trade only): Checking BGG Market only...
[2026-09-05T00:59:11.555Z] [INFO] [10/49] "The Duke" (Want in Trade only): Checking BGG Market only...
[2026-09-05T00:59:11.555Z] [INFO] [11/49] "Dungeon Mayhem: Monster Madness" (Want in Trade only): Checking BGG Market only...
[2026-09-05T00:59:11.555Z] [INFO] [12/49] "Elevenses for One" (Want in Trade only): Checking BGG Market only...
[2026-09-05T00:59:11.555Z] [INFO] [13/49] "Extreme Race: Card Game" (Want in Trade only): Checking BGG Market only...
[2026-09-05T00:59:11.555Z] [INFO] [14/49] "Fugitive (Second Edition)" (Want in Trade only): Checking BGG Market only...
[2026-09-05T00:59:11.555Z] [INFO] [15/49] "A Gentle Rain" (Want in Trade only): Checking BGG Market only...
[2026-09-05T00:59:11.556Z] [INFO] [16/49] "Hadrian's Wall" (Want in Trade only): Checking BGG Market only...
[2026-09-05T00:59:11.556Z] [INFO] [17/49] "Happy City" (Want in Trade only): Checking BGG Market only...
[2026-09-05T00:59:11.556Z] [INFO] [18/49] "Heureka" (Want in Trade only): Checking BGG Market only...
[2026-09-05T00:59:11.556Z] [INFO] [19/49] "Kryptos" (Want in Trade only): Checking BGG Market only...
[2026-09-05T00:59:11.556Z] [INFO] [20/49] "Maquis" (Want in Trade only): Checking BGG Market only...
[2026-09-05T00:59:11.557Z] [INFO] [21/49] "Mental Blocks" (Want in Trade only): Checking BGG Market only...
[2026-09-05T00:59:11.557Z] [INFO] [22/49] "Numbsters" (Want in Trade only): Checking BGG Market only...
[2026-09-05T00:59:11.557Z] [INFO] [23/49] "Panda Royale" (Want in Trade only): Checking BGG Market only...
[2026-09-05T00:59:11.557Z] [INFO] [24/49] "Paper Dungeons: A Dungeon Scrawler Game" (Want in Trade only): Checking BGG Market only...
[2026-09-05T00:59:11.557Z] [INFO] [25/49] "Parade" (Want in Trade only): Checking BGG Market only...
[2026-09-05T00:59:11.558Z] [INFO] [26/49] "The Path of the Priest" (Want in Trade only): Checking BGG Market only...
[2026-09-05T00:59:11.558Z] [INFO] [27/49] "Plague of Dracula" (Want in Trade only): Checking BGG Market only...
[2026-09-05T00:59:11.558Z] [INFO] [28/49] "Pulp Romance" (Want in Trade only): Checking BGG Market only...
[2026-09-05T00:59:11.558Z] [INFO] [29/49] "Regicide Legacy" (Want in Trade only): Checking BGG Market only...
[2026-09-05T00:59:11.558Z] [INFO] [30/49] "Rome: Fate of an Empire" (Want in Trade only): Checking BGG Market only...
[2026-09-05T00:59:11.559Z] [INFO] [31/49] "The Search for Planet X" (Want in Trade only): Checking BGG Market only...
[2026-09-05T00:59:11.559Z] [INFO] [32/49] "The Siege of Shaddis Horne" (Want in Trade only): Checking BGG Market only...
[2026-09-05T00:59:11.559Z] [INFO] [33/49] "The Thing That Should Not Be" (Want in Trade only): Checking BGG Market only...
[2026-09-05T00:59:11.559Z] [INFO] [34/49] "Triovision" (Want in Trade only): Checking BGG Market only...
[2026-09-05T00:59:11.559Z] [INFO] [35/49] "Tybor the Builder" (Want in Trade only): Checking BGG Market only...
[2026-09-05T00:59:11.560Z] [INFO] [36/49] "Unsurmountable: Expansion Collection" (Want in Trade only): Checking BGG Market only...
[2026-09-05T00:59:11.561Z] [INFO] [37/49] "Back to the Future: Back in Time": skipped 28 stores checked within 6 hours. Checking remaining 0 stores...
[2026-09-05T00:59:11.561Z] [INFO] [38/49] "Blink": skipped 28 stores checked within 6 hours. Checking remaining 0 stores...
[2026-09-05T00:59:11.561Z] [INFO] [39/49] "Coffee Roaster": skipped 28 stores checked within 6 hours. Checking remaining 0 stores...
[2026-09-05T00:59:11.561Z] [INFO] [40/49] "Fliptown": skipped 28 stores checked within 6 hours. Checking remaining 0 stores...
[2026-09-05T00:59:11.562Z] [INFO] [41/49] "Illusion": skipped 28 stores checked within 6 hours. Checking remaining 0 stores...
[2026-09-05T00:59:11.562Z] [INFO] [42/49] "Kronologic: Babylon 2500": skipped 28 stores checked within 6 hours. Checking remaining 0 stores...
[2026-09-05T00:59:11.562Z] [INFO] [43/49] "Kronologic: Cuzco 1450": skipped 28 stores checked within 6 hours. Checking remaining 0 stores...
[2026-09-05T00:59:11.562Z] [INFO] [44/49] "Kronologic: Paris 1920": skipped 28 stores checked within 6 hours. Checking remaining 0 stores...
[2026-09-05T00:59:11.562Z] [INFO] [45/49] "Legacy of Yu": skipped 28 stores checked within 6 hours. Checking remaining 0 stores...
[2026-09-05T00:59:11.563Z] [INFO] [46/49] "Marvel Mayhem": skipped 28 stores checked within 6 hours. Checking remaining 0 stores...
[2026-09-05T00:59:11.563Z] [INFO] [47/49] "Onirim (Second Edition)": skipped 28 stores checked within 6 hours. Checking remaining 0 stores...
[2026-09-05T00:59:11.563Z] [INFO] [48/49] "Tiwanaku": skipped 28 stores checked within 6 hours. Checking remaining 0 stores...
[2026-09-05T00:59:11.563Z] [INFO] [49/49] "Witchcraft!": skipped 28 stores checked within 6 hours. Checking remaining 0 stores...
[2026-09-05T00:59:11.565Z] [INFO] Availability check finished. Saved results to availability.json
[2026-09-05T00:59:11.565Z] [INFO] 
============================================================
[2026-09-05T00:59:11.565Z] [INFO] RUN SUMMARY: WANTTOBUY
[2026-09-05T00:59:11.565Z] [INFO] ------------------------------------------------------------
[2026-09-05T00:59:11.565Z] [INFO] Log File:              runlogs/2026-09-05_00-59-11Z_wanttobuy.log
[2026-09-05T00:59:11.565Z] [INFO] Timestamp (UTC):       2026-09-05T00:59:11.565Z
[2026-09-05T00:59:11.565Z] [INFO] Duration:              0m 0s
[2026-09-05T00:59:11.565Z] [INFO] Games Evaluated:       49
[2026-09-05T00:59:11.565Z] [INFO] Store Checks Made:     0
[2026-09-05T00:59:11.565Z] [INFO] Store Checks Skipped:  400 (6-hour cache)
[2026-09-05T00:59:11.565Z] [INFO] Total 429 Events:      0
[2026-09-05T00:59:11.565Z] [INFO] ============================================================

