[2026-09-05T01:00:15.039Z] [INFO] Starting like to have games availability check...
[2026-09-05T01:00:15.040Z] [INFO] Loaded 5 skipped seller(s).
[2026-09-05T01:00:15.043Z] [INFO] Found 9 games in Like to Have list.
[2026-09-05T01:00:15.044Z] [INFO] [1/9] "Fantastic Factories": skipped 28 stores checked within 6 hours. Checking remaining 0 stores...
[2026-09-05T01:00:15.045Z] [INFO] [2/9] "Fantastic Factories: Manufactions": skipped 28 stores checked within 6 hours. Checking remaining 0 stores...
[2026-09-05T01:00:15.045Z] [INFO] [3/9] "Fantastic Factories: Subterfuge": skipped 28 stores checked within 6 hours. Checking remaining 0 stores...
[2026-09-05T01:00:15.045Z] [INFO] [4/9] "The Glasgow Train Robbery": skipped 28 stores checked within 6 hours. Checking remaining 0 stores...
[2026-09-05T01:00:15.045Z] [INFO] [5/9] "Joan of Arc: Orléans Draw & Write": skipped 28 stores checked within 6 hours. Checking remaining 0 stores...
[2026-09-05T01:00:15.047Z] [INFO] [6/9] "Orapa Mine": skipped 28 stores checked within 6 hours. Checking remaining 0 stores...
[2026-09-05T01:00:15.047Z] [INFO] [7/9] "Orapa Space": skipped 28 stores checked within 6 hours. Checking remaining 0 stores...
[2026-09-05T01:00:15.047Z] [INFO] [8/9] "Queen of Spies": skipped 28 stores checked within 6 hours. Checking remaining 0 stores...
[2026-09-05T01:00:15.047Z] [INFO] [9/9] "The Secrets of Warden Keene": skipped 28 stores checked within 6 hours. Checking remaining 0 stores...
[2026-09-05T01:00:15.048Z] [INFO] Availability check finished. Saved results to availability-liketohave.json
[2026-09-05T01:00:15.048Z] [INFO] 
============================================================
[2026-09-05T01:00:15.048Z] [INFO] RUN SUMMARY: LIKETOHAVE
[2026-09-05T01:00:15.048Z] [INFO] ------------------------------------------------------------
[2026-09-05T01:00:15.048Z] [INFO] Log File:              runlogs/2026-09-05_01-00-15Z_liketohave.log
[2026-09-05T01:00:15.048Z] [INFO] Timestamp (UTC):       2026-09-05T01:00:15.048Z
[2026-09-05T01:00:15.048Z] [INFO] Duration:              0m 0s
[2026-09-05T01:00:15.048Z] [INFO] Games Evaluated:       9
[2026-09-05T01:00:15.048Z] [INFO] Store Checks Made:     0
[2026-09-05T01:00:15.048Z] [INFO] Store Checks Skipped:  252 (6-hour cache)
[2026-09-05T01:00:15.048Z] [INFO] Total 429 Events:      0
[2026-09-05T01:00:15.048Z] [INFO] ============================================================

