[2026-09-03T21:02:59.521Z] [INFO] Starting like to have games availability check...
[2026-09-03T21:02:59.522Z] [INFO] Loaded 5 skipped seller(s).
[2026-09-03T21:02:59.525Z] [INFO] Found 9 games in Like to Have list.
[2026-09-03T21:02:59.525Z] [INFO] [1/9] "Fantastic Factories": skipped 31 stores checked within 6 hours. Checking remaining 0 stores...
[2026-09-03T21:02:59.525Z] [INFO] [2/9] "Fantastic Factories: Manufactions": skipped 31 stores checked within 6 hours. Checking remaining 0 stores...
[2026-09-03T21:02:59.525Z] [INFO] [3/9] "Fantastic Factories: Subterfuge": skipped 31 stores checked within 6 hours. Checking remaining 0 stores...
[2026-09-03T21:02:59.526Z] [INFO] [4/9] "Joan of Arc: Orléans Draw & Write": skipped 31 stores checked within 6 hours. Checking remaining 0 stores...
[2026-09-03T21:02:59.526Z] [INFO] [5/9] "Orapa Mine": skipped 31 stores checked within 6 hours. Checking remaining 0 stores...
[2026-09-03T21:02:59.527Z] [INFO] [6/9] "Orapa Space": skipped 31 stores checked within 6 hours. Checking remaining 0 stores...
[2026-09-03T21:02:59.527Z] [INFO] [7/9] "Queen of Spies": skipped 31 stores checked within 6 hours. Checking remaining 0 stores...
[2026-09-03T21:02:59.527Z] [INFO] [8/9] "The Secrets of Warden Keene": skipped 31 stores checked within 6 hours. Checking remaining 0 stores...
[2026-09-03T21:02:59.527Z] [INFO] [9/9] "Siege of Valeria": skipped 31 stores checked within 6 hours. Checking remaining 0 stores...
[2026-09-03T21:02:59.528Z] [INFO] Availability check finished. Saved results to availability-liketohave.json
[2026-09-03T21:02:59.528Z] [INFO] 
============================================================
[2026-09-03T21:02:59.528Z] [INFO] RUN SUMMARY: LIKETOHAVE
[2026-09-03T21:02:59.528Z] [INFO] ------------------------------------------------------------
[2026-09-03T21:02:59.528Z] [INFO] Log File:              runlogs/2026-09-03_21-02-59Z_liketohave.log
[2026-09-03T21:02:59.528Z] [INFO] Timestamp (UTC):       2026-09-03T21:02:59.528Z
[2026-09-03T21:02:59.528Z] [INFO] Duration:              0m 0s
[2026-09-03T21:02:59.528Z] [INFO] Games Evaluated:       9
[2026-09-03T21:02:59.528Z] [INFO] Store Checks Made:     0
[2026-09-03T21:02:59.528Z] [INFO] Store Checks Skipped:  279 (6-hour cache)
[2026-09-03T21:02:59.528Z] [INFO] Total 429 Events:      0
[2026-09-03T21:02:59.528Z] [INFO] ============================================================

