[2026-09-06T01:05:30.616Z] [INFO] Starting like to have games availability check...
[2026-09-06T01:05:30.616Z] [INFO] Loaded 5 skipped seller(s).
[2026-09-06T01:05:30.620Z] [INFO] Found 9 games in Like to Have list.
[2026-09-06T01:05:30.620Z] [INFO] [1/9] "Fantastic Factories": Checking all 27 stores (15 Shopify, 12 others)...
[2026-09-06T01:05:44.732Z] [INFO] [2/9] "Fantastic Factories: Manufactions": Checking all 27 stores (15 Shopify, 12 others)...
[2026-09-06T01:05:58.685Z] [INFO] [3/9] "Fantastic Factories: Subterfuge": Checking all 27 stores (15 Shopify, 12 others)...
[2026-09-06T01:06:12.810Z] [INFO] [4/9] "The Glasgow Train Robbery": Checking all 27 stores (15 Shopify, 12 others)...
[2026-09-06T01:06:27.389Z] [INFO] [5/9] "Joan of Arc: Orléans Draw & Write": Checking all 27 stores (15 Shopify, 12 others)...
[2026-09-06T01:06:41.441Z] [INFO] [6/9] "Orapa Mine": Checking all 27 stores (15 Shopify, 12 others)...
[2026-09-06T01:06:55.346Z] [INFO] [7/9] "Orapa Space": Checking all 27 stores (15 Shopify, 12 others)...
[2026-09-06T01:07:09.391Z] [INFO] [8/9] "Queen of Spies": Checking all 27 stores (15 Shopify, 12 others)...
[2026-09-06T01:07:23.542Z] [INFO] [9/9] "The Secrets of Warden Keene": Checking all 27 stores (15 Shopify, 12 others)...
[2026-09-06T01:07:38.544Z] [INFO] Availability check finished. Saved results to availability-liketohave.json
[2026-09-06T01:07:38.544Z] [INFO] 
============================================================
[2026-09-06T01:07:38.544Z] [INFO] RUN SUMMARY: LIKETOHAVE
[2026-09-06T01:07:38.544Z] [INFO] ------------------------------------------------------------
[2026-09-06T01:07:38.544Z] [INFO] Log File:              runlogs/2026-09-06_01-05-30Z_liketohave.log
[2026-09-06T01:07:38.544Z] [INFO] Timestamp (UTC):       2026-09-06T01:07:38.544Z
[2026-09-06T01:07:38.544Z] [INFO] Duration:              2m 8s
[2026-09-06T01:07:38.544Z] [INFO] Games Evaluated:       9
[2026-09-06T01:07:38.544Z] [INFO] Store Checks Made:     243
[2026-09-06T01:07:38.544Z] [INFO] Store Checks Skipped:  0 (6-hour cache)
[2026-09-06T01:07:38.544Z] [INFO] Total 429 Events:      0
[2026-09-06T01:07:38.544Z] [INFO] ============================================================

