[2026-09-04T02:28:10.649Z] [INFO] Starting like to have games availability check...
[2026-09-04T02:28:10.651Z] [INFO] Loaded 5 skipped seller(s).
[2026-09-04T02:28:10.654Z] [INFO] Found 11 games in Like to Have list.
[2026-09-04T02:28:10.655Z] [INFO] [1/11] "Fantastic Factories": skipped 26 stores checked within 6 hours. Checking remaining 0 stores...
[2026-09-04T02:28:10.655Z] [INFO] [2/11] "Fantastic Factories: Manufactions": skipped 26 stores checked within 6 hours. Checking remaining 0 stores...
[2026-09-04T02:28:10.656Z] [INFO] [3/11] "Fantastic Factories: Subterfuge": skipped 26 stores checked within 6 hours. Checking remaining 0 stores...
[2026-09-04T02:28:10.656Z] [INFO] [4/11] "The Glasgow Train Robbery": skipped 26 stores checked within 6 hours. Checking remaining 0 stores...
[2026-09-04T02:28:10.656Z] [INFO] [5/11] "Joan of Arc: Orléans Draw & Write": skipped 26 stores checked within 6 hours. Checking remaining 0 stores...
[2026-09-04T02:28:10.658Z] [INFO] [6/11] "Orapa Mine": skipped 26 stores checked within 6 hours. Checking remaining 0 stores...
[2026-09-04T02:28:10.658Z] [INFO] [7/11] "Orapa Space": skipped 26 stores checked within 6 hours. Checking remaining 0 stores...
[2026-09-04T02:28:10.658Z] [INFO] [8/11] "Queen of Spies": skipped 26 stores checked within 6 hours. Checking remaining 0 stores...
[2026-09-04T02:28:10.658Z] [INFO] [9/11] "The Search for Planet X": skipped 26 stores checked within 6 hours. Checking remaining 0 stores...
[2026-09-04T02:28:10.658Z] [INFO] [10/11] "The Secrets of Warden Keene": skipped 26 stores checked within 6 hours. Checking remaining 0 stores...
[2026-09-04T02:28:10.659Z] [INFO] [11/11] "Siege of Valeria": skipped 26 stores checked within 6 hours. Checking remaining 0 stores...
[2026-09-04T02:28:10.660Z] [INFO] Availability check finished. Saved results to availability-liketohave.json
[2026-09-04T02:28:10.660Z] [INFO] 
============================================================
[2026-09-04T02:28:10.660Z] [INFO] RUN SUMMARY: LIKETOHAVE
[2026-09-04T02:28:10.660Z] [INFO] ------------------------------------------------------------
[2026-09-04T02:28:10.660Z] [INFO] Log File:              runlogs/2026-09-04_02-28-10Z_liketohave.log
[2026-09-04T02:28:10.660Z] [INFO] Timestamp (UTC):       2026-09-04T02:28:10.660Z
[2026-09-04T02:28:10.660Z] [INFO] Duration:              0m 0s
[2026-09-04T02:28:10.660Z] [INFO] Games Evaluated:       11
[2026-09-04T02:28:10.660Z] [INFO] Store Checks Made:     0
[2026-09-04T02:28:10.660Z] [INFO] Store Checks Skipped:  286 (6-hour cache)
[2026-09-04T02:28:10.660Z] [INFO] Total 429 Events:      0
[2026-09-04T02:28:10.660Z] [INFO] ============================================================

