[2026-09-04T23:12:04.371Z] [INFO] Starting like to have games availability check...
[2026-09-04T23:12:04.373Z] [INFO] Loaded 5 skipped seller(s).
[2026-09-04T23:12:04.376Z] [INFO] Found 9 games in Like to Have list.
[2026-09-04T23:12:04.389Z] [INFO] [1/9] "Fantastic Factories": skipped 26 stores checked within 6 hours. Checking remaining 2 stores...
[2026-09-04T23:12:10.288Z] [INFO] [2/9] "Fantastic Factories: Manufactions": skipped 26 stores checked within 6 hours. Checking remaining 2 stores...
[2026-09-04T23:12:16.151Z] [INFO] [3/9] "Fantastic Factories: Subterfuge": skipped 26 stores checked within 6 hours. Checking remaining 2 stores...
[2026-09-04T23:12:21.789Z] [INFO] [4/9] "The Glasgow Train Robbery": skipped 26 stores checked within 6 hours. Checking remaining 2 stores...
[2026-09-04T23:12:27.624Z] [INFO] [5/9] "Joan of Arc: Orléans Draw & Write": skipped 26 stores checked within 6 hours. Checking remaining 2 stores...
[2026-09-04T23:12:33.464Z] [INFO] [6/9] "Orapa Mine": skipped 26 stores checked within 6 hours. Checking remaining 2 stores...
[2026-09-04T23:12:39.542Z] [INFO] [7/9] "Orapa Space": skipped 26 stores checked within 6 hours. Checking remaining 2 stores...
[2026-09-04T23:12:45.453Z] [INFO] [8/9] "Queen of Spies": skipped 26 stores checked within 6 hours. Checking remaining 2 stores...
[2026-09-04T23:12:51.184Z] [INFO] [9/9] "The Secrets of Warden Keene": skipped 26 stores checked within 6 hours. Checking remaining 2 stores...
[2026-09-04T23:12:57.042Z] [INFO] Availability check finished. Saved results to availability-liketohave.json
[2026-09-04T23:12:57.042Z] [INFO] 
============================================================
[2026-09-04T23:12:57.042Z] [INFO] RUN SUMMARY: LIKETOHAVE
[2026-09-04T23:12:57.042Z] [INFO] ------------------------------------------------------------
[2026-09-04T23:12:57.042Z] [INFO] Log File:              runlogs/2026-09-04_23-12-04Z_liketohave.log
[2026-09-04T23:12:57.042Z] [INFO] Timestamp (UTC):       2026-09-04T23:12:57.042Z
[2026-09-04T23:12:57.042Z] [INFO] Duration:              0m 53s
[2026-09-04T23:12:57.042Z] [INFO] Games Evaluated:       9
[2026-09-04T23:12:57.042Z] [INFO] Store Checks Made:     18
[2026-09-04T23:12:57.042Z] [INFO] Store Checks Skipped:  234 (6-hour cache)
[2026-09-04T23:12:57.042Z] [INFO] Total 429 Events:      0
[2026-09-04T23:12:57.042Z] [INFO] ============================================================

