[2026-09-05T03:11:28.807Z] [INFO] Starting like to have games availability check...
[2026-09-05T03:11:28.807Z] [INFO] Loaded 5 skipped seller(s).
[2026-09-05T03:11:28.811Z] [INFO] Found 9 games in Like to Have list.
[2026-09-05T03:11:28.812Z] [INFO] [1/9] "Fantastic Factories": skipped 27 stores checked within 6 hours. Checking remaining 0 stores...
[2026-09-05T03:11:28.812Z] [INFO] [2/9] "Fantastic Factories: Manufactions": skipped 27 stores checked within 6 hours. Checking remaining 0 stores...
[2026-09-05T03:11:28.812Z] [INFO] [3/9] "Fantastic Factories: Subterfuge": skipped 27 stores checked within 6 hours. Checking remaining 0 stores...
[2026-09-05T03:11:28.813Z] [INFO] [4/9] "The Glasgow Train Robbery": skipped 26 stores checked within 6 hours. Checking remaining 1 stores...
[2026-09-05T03:11:34.091Z] [INFO] [5/9] "Joan of Arc: Orléans Draw & Write": skipped 13 stores checked within 6 hours. Checking remaining 14 stores...
[2026-09-05T03:11:36.065Z] [WARN] [429 RATE LIMIT] Rate limited on zatu.com (retry 1/3). Backing off for 20s... [server=cloudflare, retry-after=none, cf-ray=a3620c2a59faaf49-SEA]
[2026-09-05T03:11:56.094Z] [WARN] [429 RATE LIMIT] Rate limited on zatu.com (retry 2/3). Backing off for 40s... [server=cloudflare, retry-after=none, cf-ray=a3620ca78e03af49-SEA]
[2026-09-05T03:12:36.212Z] [WARN] [429 RATE LIMIT] Rate limited on zatu.com (retry 3/3). Backing off for 80s... [server=cloudflare, retry-after=none, cf-ray=a3620da23b09b3ca-SEA]
[2026-09-05T03:13:56.312Z] [WARN] [WARNING] fetchJson failed for https://zatu.com/search/suggest.json?q=Joan%20of%20Arc%3A%20Orl%C3%A9ans%20Draw%20%26%20Write&resources[type]=product&country=GB with status: 429
[2026-09-05T03:14:01.318Z] [INFO] [6/9] "Orapa Mine": skipped 27 stores checked within 6 hours. Checking remaining 0 stores...
[2026-09-05T03:14:01.318Z] [INFO] [7/9] "Orapa Space": skipped 27 stores checked within 6 hours. Checking remaining 0 stores...
[2026-09-05T03:14:01.318Z] [INFO] [8/9] "Queen of Spies": skipped 26 stores checked within 6 hours. Checking remaining 1 stores...
[2026-09-05T03:14:01.348Z] [WARN] [429 RATE LIMIT] Rate limited on zatu.com (retry 1/3). Backing off for 20s... [server=cloudflare, retry-after=none, cf-ray=a3620fb65a74ad8d-SEA]
[2026-09-05T03:14:21.397Z] [WARN] [429 RATE LIMIT] Rate limited on zatu.com (retry 2/3). Backing off for 40s... [server=cloudflare, retry-after=none, cf-ray=a3621033aa13b3ca-SEA]
[2026-09-05T03:15:06.720Z] [INFO] [9/9] "The Secrets of Warden Keene": skipped 13 stores checked within 6 hours. Checking remaining 14 stores...
[2026-09-05T03:15:14.582Z] [INFO] Availability check finished. Saved results to availability-liketohave.json
[2026-09-05T03:15:14.582Z] [INFO] 
============================================================
[2026-09-05T03:15:14.582Z] [INFO] RUN SUMMARY: LIKETOHAVE
[2026-09-05T03:15:14.582Z] [INFO] ------------------------------------------------------------
[2026-09-05T03:15:14.582Z] [INFO] Log File:              runlogs/2026-09-05_03-11-28Z_liketohave.log
[2026-09-05T03:15:14.582Z] [INFO] Timestamp (UTC):       2026-09-05T03:15:14.582Z
[2026-09-05T03:15:14.582Z] [INFO] Duration:              3m 46s
[2026-09-05T03:15:14.582Z] [INFO] Games Evaluated:       9
[2026-09-05T03:15:14.582Z] [INFO] Store Checks Made:     30
[2026-09-05T03:15:14.583Z] [INFO] Store Checks Skipped:  213 (6-hour cache)
[2026-09-05T03:15:14.583Z] [INFO] Total 429 Events:      5
[2026-09-05T03:15:14.583Z] [INFO] 
429 Rate Limits by Host:
[2026-09-05T03:15:14.583Z] [INFO]   - zatu.com: 5 hits (total backoff: 200s, last headers: {"retryAfter":null,"cfRay":"a3621033aa13b3ca-SEA","reqId":null,"server":"cloudflare","shopApiLimit":null})
[2026-09-05T03:15:14.583Z] [INFO] 
Store Fetch Failures:
[2026-09-05T03:15:14.583Z] [INFO]   - zatu: 1 failures (last error: Shopify fetch failed or timed out for https://zatu.com)
[2026-09-05T03:15:14.583Z] [INFO] ============================================================

