[2026-09-04T23:09:47.867Z] [INFO] Starting board game availability check...
[2026-09-04T23:09:47.869Z] [INFO] Loaded 5 skipped seller(s).
[2026-09-04T23:09:47.872Z] [INFO] Found 49 games in Wanted list (14 Want to Buy, 35 Want in Trade only).
[2026-09-04T23:09:47.873Z] [INFO] [1/49] "Adamastor" (Want in Trade only): Checking BGG Market only...
[2026-09-04T23:09:47.873Z] [INFO] [2/49] "Archaeology: The New Expedition" (Want in Trade only): Checking BGG Market only...
[2026-09-04T23:09:47.873Z] [INFO] [3/49] "Bag of Butts" (Want in Trade only): Checking BGG Market only...
[2026-09-04T23:09:47.873Z] [INFO] [4/49] "Batman: The Animated Series Dice Game" (Want in Trade only): Checking BGG Market only...
[2026-09-04T23:09:47.873Z] [INFO] [5/49] "Black Sonata" (Want in Trade only): Checking BGG Market only...
[2026-09-04T23:09:47.875Z] [INFO] [6/49] "The Crows of Coppershell Bay" (Want in Trade only): Checking BGG Market only...
[2026-09-04T23:09:47.875Z] [INFO] [7/49] "Dice Cards" (Want in Trade only): Checking BGG Market only...
[2026-09-04T23:09:47.875Z] [INFO] [8/49] "Dicemancy" (Want in Trade only): Checking BGG Market only...
[2026-09-04T23:09:47.875Z] [INFO] [9/49] "The Duke" (Want in Trade only): Checking BGG Market only...
[2026-09-04T23:09:47.875Z] [INFO] [10/49] "Dungeon Mayhem: Monster Madness" (Want in Trade only): Checking BGG Market only...
[2026-09-04T23:09:47.876Z] [INFO] [11/49] "Elevenses for One" (Want in Trade only): Checking BGG Market only...
[2026-09-04T23:09:47.876Z] [INFO] [12/49] "Extreme Race: Card Game" (Want in Trade only): Checking BGG Market only...
[2026-09-04T23:09:47.876Z] [INFO] [13/49] "Fugitive (Second Edition)" (Want in Trade only): Checking BGG Market only...
[2026-09-04T23:09:47.876Z] [INFO] [14/49] "A Gentle Rain" (Want in Trade only): Checking BGG Market only...
[2026-09-04T23:09:47.876Z] [INFO] [15/49] "Hadrian's Wall" (Want in Trade only): Checking BGG Market only...
[2026-09-04T23:09:47.877Z] [INFO] [16/49] "Happy City" (Want in Trade only): Checking BGG Market only...
[2026-09-04T23:09:47.877Z] [INFO] [17/49] "Heureka" (Want in Trade only): Checking BGG Market only...
[2026-09-04T23:09:47.877Z] [INFO] [18/49] "Kryptos" (Want in Trade only): Checking BGG Market only...
[2026-09-04T23:09:47.877Z] [INFO] [19/49] "Maquis" (Want in Trade only): Checking BGG Market only...
[2026-09-04T23:09:47.877Z] [INFO] [20/49] "Mental Blocks" (Want in Trade only): Checking BGG Market only...
[2026-09-04T23:09:47.878Z] [INFO] [21/49] "Numbsters" (Want in Trade only): Checking BGG Market only...
[2026-09-04T23:09:47.878Z] [INFO] [22/49] "Panda Royale" (Want in Trade only): Checking BGG Market only...
[2026-09-04T23:09:47.878Z] [INFO] [23/49] "Paper Dungeons: A Dungeon Scrawler Game" (Want in Trade only): Checking BGG Market only...
[2026-09-04T23:09:47.878Z] [INFO] [24/49] "Parade" (Want in Trade only): Checking BGG Market only...
[2026-09-04T23:09:47.878Z] [INFO] [25/49] "The Path of the Priest" (Want in Trade only): Checking BGG Market only...
[2026-09-04T23:09:47.879Z] [INFO] [26/49] "Plague of Dracula" (Want in Trade only): Checking BGG Market only...
[2026-09-04T23:09:47.879Z] [INFO] [27/49] "Pulp Romance" (Want in Trade only): Checking BGG Market only...
[2026-09-04T23:09:47.879Z] [INFO] [28/49] "Regicide Legacy" (Want in Trade only): Checking BGG Market only...
[2026-09-04T23:09:47.879Z] [INFO] [29/49] "Rome: Fate of an Empire" (Want in Trade only): Checking BGG Market only...
[2026-09-04T23:09:47.879Z] [INFO] [30/49] "The Search for Planet X" (Want in Trade only): Checking BGG Market only...
[2026-09-04T23:09:52.972Z] [INFO] [31/49] "The Siege of Shaddis Horne" (Want in Trade only): Checking BGG Market only...
[2026-09-04T23:09:52.973Z] [INFO] [32/49] "The Thing That Should Not Be" (Want in Trade only): Checking BGG Market only...
[2026-09-04T23:09:52.973Z] [INFO] [33/49] "Triovision" (Want in Trade only): Checking BGG Market only...
[2026-09-04T23:09:52.973Z] [INFO] [34/49] "Tybor the Builder" (Want in Trade only): Checking BGG Market only...
[2026-09-04T23:09:52.973Z] [INFO] [35/49] "Unsurmountable: Expansion Collection" (Want in Trade only): Checking BGG Market only...
[2026-09-04T23:09:52.975Z] [INFO] [36/49] "The Anarchy": skipped 26 stores checked within 6 hours. Checking remaining 2 stores...
[2026-09-04T23:09:59.129Z] [INFO] [37/49] "Back to the Future: Back in Time": skipped 26 stores checked within 6 hours. Checking remaining 2 stores...
[2026-09-04T23:10:05.195Z] [INFO] [38/49] "Blink": skipped 26 stores checked within 6 hours. Checking remaining 2 stores...
[2026-09-04T23:10:11.007Z] [INFO] [39/49] "Coffee Roaster": skipped 26 stores checked within 6 hours. Checking remaining 2 stores...
[2026-09-04T23:10:16.965Z] [INFO] [40/49] "Fliptown": skipped 26 stores checked within 6 hours. Checking remaining 2 stores...
[2026-09-04T23:10:22.732Z] [INFO] [41/49] "Illusion": skipped 26 stores checked within 6 hours. Checking remaining 2 stores...
[2026-09-04T23:10:28.615Z] [INFO] [42/49] "Kronologic: Babylon 2500": skipped 26 stores checked within 6 hours. Checking remaining 2 stores...
[2026-09-04T23:10:34.434Z] [INFO] [43/49] "Kronologic: Cuzco 1450": skipped 26 stores checked within 6 hours. Checking remaining 2 stores...
[2026-09-04T23:10:40.291Z] [INFO] [44/49] "Kronologic: Paris 1920": skipped 26 stores checked within 6 hours. Checking remaining 2 stores...
[2026-09-04T23:10:46.266Z] [INFO] [45/49] "Legacy of Yu": skipped 26 stores checked within 6 hours. Checking remaining 2 stores...
[2026-09-04T23:10:51.992Z] [INFO] [46/49] "Marvel Mayhem": skipped 26 stores checked within 6 hours. Checking remaining 2 stores...
[2026-09-04T23:10:57.835Z] [INFO] [47/49] "Onirim (Second Edition)": skipped 25 stores checked within 6 hours. Checking remaining 3 stores...
[2026-09-04T23:11:03.661Z] [INFO] [48/49] "Tiwanaku": skipped 26 stores checked within 6 hours. Checking remaining 2 stores...
[2026-09-04T23:11:09.470Z] [INFO] [49/49] "Witchcraft!": skipped 26 stores checked within 6 hours. Checking remaining 2 stores...
[2026-09-04T23:11:15.389Z] [INFO] Availability check finished. Saved results to availability.json
[2026-09-04T23:11:15.389Z] [INFO] 
============================================================
[2026-09-04T23:11:15.390Z] [INFO] RUN SUMMARY: WANTTOBUY
[2026-09-04T23:11:15.390Z] [INFO] ------------------------------------------------------------
[2026-09-04T23:11:15.390Z] [INFO] Log File:              runlogs/2026-09-04_23-09-47Z_wanttobuy.log
[2026-09-04T23:11:15.390Z] [INFO] Timestamp (UTC):       2026-09-04T23:11:15.390Z
[2026-09-04T23:11:15.390Z] [INFO] Duration:              1m 28s
[2026-09-04T23:11:15.390Z] [INFO] Games Evaluated:       49
[2026-09-04T23:11:15.390Z] [INFO] Store Checks Made:     30
[2026-09-04T23:11:15.390Z] [INFO] Store Checks Skipped:  397 (6-hour cache)
[2026-09-04T23:11:15.390Z] [INFO] Total 429 Events:      0
[2026-09-04T23:11:15.390Z] [INFO] ============================================================

