[2026-09-04T19:21:13.295Z] [INFO] Starting like to have games availability check...
[2026-09-04T19:21:13.297Z] [INFO] Loaded 5 skipped seller(s).
[2026-09-04T19:21:13.302Z] [INFO] Found 11 games in Like to Have list.
[2026-09-04T19:21:13.302Z] [INFO] [1/11] "Fantastic Factories": skipped 26 stores checked within 6 hours. Checking remaining 0 stores...
[2026-09-04T19:21:13.303Z] [INFO] [2/11] "Fantastic Factories: Manufactions": skipped 26 stores checked within 6 hours. Checking remaining 0 stores...
[2026-09-04T19:21:13.303Z] [INFO] [3/11] "Fantastic Factories: Subterfuge": skipped 25 stores checked within 6 hours. Checking remaining 1 stores...
[2026-09-04T19:21:20.300Z] [INFO] [4/11] "The Glasgow Train Robbery": skipped 26 stores checked within 6 hours. Checking remaining 0 stores...
[2026-09-04T19:21:20.300Z] [INFO] [5/11] "Joan of Arc: Orléans Draw & Write": skipped 26 stores checked within 6 hours. Checking remaining 0 stores...
[2026-09-04T19:21:20.302Z] [INFO] [6/11] "Orapa Mine": skipped 26 stores checked within 6 hours. Checking remaining 0 stores...
[2026-09-04T19:21:20.302Z] [INFO] [7/11] "Orapa Space": skipped 26 stores checked within 6 hours. Checking remaining 0 stores...
[2026-09-04T19:21:20.302Z] [INFO] [8/11] "Queen of Spies": skipped 26 stores checked within 6 hours. Checking remaining 0 stores...
[2026-09-04T19:21:20.302Z] [INFO] [9/11] "The Search for Planet X": skipped 26 stores checked within 6 hours. Checking remaining 0 stores...
[2026-09-04T19:21:20.302Z] [INFO] [10/11] "The Secrets of Warden Keene": skipped 26 stores checked within 6 hours. Checking remaining 0 stores...
[2026-09-04T19:21:20.303Z] [INFO] [11/11] "Siege of Valeria": skipped 26 stores checked within 6 hours. Checking remaining 0 stores...
[2026-09-04T19:21:20.382Z] [INFO] Availability check finished. Saved results to availability-liketohave.json
[2026-09-04T19:21:20.382Z] [INFO] 
============================================================
[2026-09-04T19:21:20.382Z] [INFO] RUN SUMMARY: LIKETOHAVE
[2026-09-04T19:21:20.382Z] [INFO] ------------------------------------------------------------
[2026-09-04T19:21:20.382Z] [INFO] Log File:              runlogs/2026-09-04_19-21-13Z_liketohave.log
[2026-09-04T19:21:20.382Z] [INFO] Timestamp (UTC):       2026-09-04T19:21:20.382Z
[2026-09-04T19:21:20.382Z] [INFO] Duration:              0m 7s
[2026-09-04T19:21:20.382Z] [INFO] Games Evaluated:       11
[2026-09-04T19:21:20.382Z] [INFO] Store Checks Made:     1
[2026-09-04T19:21:20.382Z] [INFO] Store Checks Skipped:  285 (6-hour cache)
[2026-09-04T19:21:20.382Z] [INFO] Total 429 Events:      0
[2026-09-04T19:21:20.382Z] [INFO] ============================================================

