[2026-09-06T11:41:55.215Z] [INFO] Starting board game availability check...
[2026-09-06T11:41:55.216Z] [INFO] Loaded 5 skipped seller(s).
[2026-09-06T11:41:55.220Z] [INFO] Found 49 games in Wanted list (13 Want to Buy, 36 Want in Trade only).
[2026-09-06T11:41:55.221Z] [INFO] [1/49] "Adamastor" (Want in Trade only): Checking BGG Market only...
[2026-09-06T11:42:00.357Z] [INFO] [2/49] "The Anarchy" (Want in Trade only): Checking BGG Market only...
[2026-09-06T11:42:05.481Z] [INFO] [3/49] "Archaeology: The New Expedition" (Want in Trade only): Checking BGG Market only...
[2026-09-06T11:42:10.687Z] [INFO] [4/49] "Bag of Butts" (Want in Trade only): Checking BGG Market only...
[2026-09-06T11:42:15.798Z] [INFO] [5/49] "Batman: The Animated Series Dice Game" (Want in Trade only): Checking BGG Market only...
[2026-09-06T11:42:20.913Z] [INFO] [6/49] "Black Sonata" (Want in Trade only): Checking BGG Market only...
[2026-09-06T11:42:26.072Z] [INFO] [7/49] "The Crows of Coppershell Bay" (Want in Trade only): Checking BGG Market only...
[2026-09-06T11:42:31.205Z] [INFO] [8/49] "Dice Cards" (Want in Trade only): Checking BGG Market only...
[2026-09-06T11:42:36.348Z] [INFO] [9/49] "Dicemancy" (Want in Trade only): Checking BGG Market only...
[2026-09-06T11:42:41.462Z] [INFO] [10/49] "The Duke" (Want in Trade only): Checking BGG Market only...
[2026-09-06T11:42:46.649Z] [INFO] [11/49] "Dungeon Mayhem: Monster Madness" (Want in Trade only): Checking BGG Market only...
[2026-09-06T11:42:51.786Z] [INFO] [12/49] "Elevenses for One" (Want in Trade only): Checking BGG Market only...
[2026-09-06T11:42:56.903Z] [INFO] [13/49] "Extreme Race: Card Game" (Want in Trade only): Checking BGG Market only...
[2026-09-06T11:43:02.046Z] [INFO] [14/49] "Fugitive (Second Edition)" (Want in Trade only): Checking BGG Market only...
[2026-09-06T11:43:07.191Z] [INFO] [15/49] "A Gentle Rain" (Want in Trade only): Checking BGG Market only...
[2026-09-06T11:43:12.313Z] [INFO] [16/49] "Hadrian's Wall" (Want in Trade only): Checking BGG Market only...
[2026-09-06T11:43:17.476Z] [INFO] [17/49] "Happy City" (Want in Trade only): Checking BGG Market only...
[2026-09-06T11:43:22.657Z] [INFO] [18/49] "Heureka" (Want in Trade only): Checking BGG Market only...
[2026-09-06T11:43:27.816Z] [INFO] [19/49] "Kryptos" (Want in Trade only): Checking BGG Market only...
[2026-09-06T11:43:32.972Z] [INFO] [20/49] "Maquis" (Want in Trade only): Checking BGG Market only...
[2026-09-06T11:43:38.137Z] [INFO] [21/49] "Mental Blocks" (Want in Trade only): Checking BGG Market only...
[2026-09-06T11:43:43.314Z] [INFO] [22/49] "Numbsters" (Want in Trade only): Checking BGG Market only...
[2026-09-06T11:43:48.574Z] [INFO] [23/49] "Panda Royale" (Want in Trade only): Checking BGG Market only...
[2026-09-06T11:43:53.717Z] [INFO] [24/49] "Paper Dungeons: A Dungeon Scrawler Game" (Want in Trade only): Checking BGG Market only...
[2026-09-06T11:43:58.924Z] [INFO] [25/49] "Parade" (Want in Trade only): Checking BGG Market only...
[2026-09-06T11:44:04.100Z] [INFO] [26/49] "The Path of the Priest" (Want in Trade only): Checking BGG Market only...
[2026-09-06T11:44:09.212Z] [INFO] [27/49] "Plague of Dracula" (Want in Trade only): Checking BGG Market only...
[2026-09-06T11:44:14.325Z] [INFO] [28/49] "Pulp Romance" (Want in Trade only): Checking BGG Market only...
[2026-09-06T11:44:19.435Z] [INFO] [29/49] "Regicide Legacy" (Want in Trade only): Checking BGG Market only...
[2026-09-06T11:44:24.606Z] [INFO] [30/49] "Rome: Fate of an Empire" (Want in Trade only): Checking BGG Market only...
[2026-09-06T11:44:29.711Z] [INFO] [31/49] "The Search for Planet X" (Want in Trade only): Checking BGG Market only...
[2026-09-06T11:44:34.963Z] [INFO] [32/49] "The Siege of Shaddis Horne" (Want in Trade only): Checking BGG Market only...
[2026-09-06T11:44:40.097Z] [INFO] [33/49] "The Thing That Should Not Be" (Want in Trade only): Checking BGG Market only...
[2026-09-06T11:44:45.260Z] [INFO] [34/49] "Triovision" (Want in Trade only): Checking BGG Market only...
[2026-09-06T11:44:50.371Z] [INFO] [35/49] "Tybor the Builder" (Want in Trade only): Checking BGG Market only...
[2026-09-06T11:44:55.490Z] [INFO] [36/49] "Unsurmountable: Expansion Collection" (Want in Trade only): Checking BGG Market only...
[2026-09-06T11:45:00.601Z] [INFO] [37/49] "Back to the Future: Back in Time": Checking all 27 stores (15 Shopify, 12 others)...
[2026-09-06T11:45:27.829Z] [INFO] [38/49] "Blink": Checking all 27 stores (15 Shopify, 12 others)...
[2026-09-06T11:45:43.169Z] [INFO] [39/49] "Coffee Roaster": Checking all 27 stores (15 Shopify, 12 others)...
[2026-09-06T11:45:58.730Z] [INFO] [40/49] "Fliptown": Checking all 27 stores (15 Shopify, 12 others)...
[2026-09-06T11:46:14.584Z] [INFO] [41/49] "Illusion": Checking all 27 stores (15 Shopify, 12 others)...
[2026-09-06T11:46:29.940Z] [INFO] [42/49] "Kronologic: Babylon 2500": Checking all 27 stores (15 Shopify, 12 others)...
[2026-09-06T11:46:45.657Z] [INFO] [43/49] "Kronologic: Cuzco 1450": Checking all 27 stores (15 Shopify, 12 others)...
[2026-09-06T11:47:01.196Z] [INFO] [44/49] "Kronologic: Paris 1920": Checking all 27 stores (15 Shopify, 12 others)...
[2026-09-06T11:47:16.397Z] [INFO] [45/49] "Legacy of Yu": Checking all 27 stores (15 Shopify, 12 others)...
[2026-09-06T11:47:31.854Z] [INFO] [46/49] "Marvel Mayhem": Checking all 27 stores (15 Shopify, 12 others)...
[2026-09-06T11:47:47.148Z] [INFO] [47/49] "Onirim (Second Edition)": Checking all 27 stores (15 Shopify, 12 others)...
[2026-09-06T11:48:02.175Z] [INFO] [48/49] "Tiwanaku": Checking all 27 stores (15 Shopify, 12 others)...
[2026-09-06T11:48:17.332Z] [INFO] [49/49] "Witchcraft!": Checking all 27 stores (15 Shopify, 12 others)...
[2026-09-06T11:48:33.354Z] [INFO] Availability check finished. Saved results to availability.json
[2026-09-06T11:48:33.354Z] [INFO] 
============================================================
[2026-09-06T11:48:33.354Z] [INFO] RUN SUMMARY: WANTTOBUY
[2026-09-06T11:48:33.354Z] [INFO] ------------------------------------------------------------
[2026-09-06T11:48:33.354Z] [INFO] Log File:              runlogs/2026-09-06_11-41-55Z_wanttobuy.log
[2026-09-06T11:48:33.354Z] [INFO] Timestamp (UTC):       2026-09-06T11:48:33.354Z
[2026-09-06T11:48:33.354Z] [INFO] Duration:              6m 38s
[2026-09-06T11:48:33.354Z] [INFO] Games Evaluated:       49
[2026-09-06T11:48:33.355Z] [INFO] Store Checks Made:     387
[2026-09-06T11:48:33.355Z] [INFO] Store Checks Skipped:  0 (6-hour cache)
[2026-09-06T11:48:33.355Z] [INFO] Total 429 Events:      0
[2026-09-06T11:48:33.355Z] [INFO] ============================================================

