[2026-09-04T23:13:12.084Z] [INFO] Starting like to have games availability check...
[2026-09-04T23:13:12.085Z] [INFO] Loaded 5 skipped seller(s).
[2026-09-04T23:13:12.089Z] [INFO] Found 9 games in Like to Have list.
[2026-09-04T23:13:12.089Z] [INFO] [1/9] "Fantastic Factories": skipped 28 stores checked within 6 hours. Checking remaining 0 stores...
[2026-09-04T23:13:12.090Z] [INFO] [2/9] "Fantastic Factories: Manufactions": skipped 28 stores checked within 6 hours. Checking remaining 0 stores...
[2026-09-04T23:13:12.090Z] [INFO] [3/9] "Fantastic Factories: Subterfuge": skipped 28 stores checked within 6 hours. Checking remaining 0 stores...
[2026-09-04T23:13:12.090Z] [INFO] [4/9] "The Glasgow Train Robbery": skipped 28 stores checked within 6 hours. Checking remaining 0 stores...
[2026-09-04T23:13:12.090Z] [INFO] [5/9] "Joan of Arc: Orléans Draw & Write": skipped 28 stores checked within 6 hours. Checking remaining 0 stores...
[2026-09-04T23:13:12.092Z] [INFO] [6/9] "Orapa Mine": skipped 28 stores checked within 6 hours. Checking remaining 0 stores...
[2026-09-04T23:13:12.092Z] [INFO] [7/9] "Orapa Space": skipped 28 stores checked within 6 hours. Checking remaining 0 stores...
[2026-09-04T23:13:12.092Z] [INFO] [8/9] "Queen of Spies": skipped 28 stores checked within 6 hours. Checking remaining 0 stores...
[2026-09-04T23:13:12.092Z] [INFO] [9/9] "The Secrets of Warden Keene": skipped 28 stores checked within 6 hours. Checking remaining 0 stores...
[2026-09-04T23:13:12.093Z] [INFO] Availability check finished. Saved results to availability-liketohave.json
[2026-09-04T23:13:12.093Z] [INFO] 
============================================================
[2026-09-04T23:13:12.093Z] [INFO] RUN SUMMARY: LIKETOHAVE
[2026-09-04T23:13:12.093Z] [INFO] ------------------------------------------------------------
[2026-09-04T23:13:12.093Z] [INFO] Log File:              runlogs/2026-09-04_23-13-12Z_liketohave.log
[2026-09-04T23:13:12.093Z] [INFO] Timestamp (UTC):       2026-09-04T23:13:12.093Z
[2026-09-04T23:13:12.093Z] [INFO] Duration:              0m 0s
[2026-09-04T23:13:12.093Z] [INFO] Games Evaluated:       9
[2026-09-04T23:13:12.093Z] [INFO] Store Checks Made:     0
[2026-09-04T23:13:12.093Z] [INFO] Store Checks Skipped:  252 (6-hour cache)
[2026-09-04T23:13:12.093Z] [INFO] Total 429 Events:      0
[2026-09-04T23:13:12.093Z] [INFO] ============================================================

